###############################################################################
#
# IAR ELF Linker V8.40.2.214/W32 for ARM                  01/Apr/2024  14:16:12
# Copyright 2007-2019 IAR Systems AB.
#
#    Output file  =
#        D:\Saoviet_Bitbucket\Saoviet_Control_Oxy\Project_Ver_STM32F303RET6\CodeBootLoader_F303\EWARM\CodeBootLoader_F303\Exe\CodeBootLoader_F303.out
#    Map file     =
#        D:\Saoviet_Bitbucket\Saoviet_Control_Oxy\Project_Ver_STM32F303RET6\CodeBootLoader_F303\EWARM\CodeBootLoader_F303\List\CodeBootLoader_F303.map
#    Command line =
#        -f C:\Users\PC\AppData\Local\Temp\EW798D.tmp
#        (D:\Saoviet_Bitbucket\Saoviet_Control_Oxy\Project_Ver_STM32F303RET6\CodeBootLoader_F303\EWARM\CodeBootLoader_F303\Obj\event_driven.o
#        D:\Saoviet_Bitbucket\Saoviet_Control_Oxy\Project_Ver_STM32F303RET6\CodeBootLoader_F303\EWARM\CodeBootLoader_F303\Obj\gpio.o
#        D:\Saoviet_Bitbucket\Saoviet_Control_Oxy\Project_Ver_STM32F303RET6\CodeBootLoader_F303\EWARM\CodeBootLoader_F303\Obj\main.o
#        D:\Saoviet_Bitbucket\Saoviet_Control_Oxy\Project_Ver_STM32F303RET6\CodeBootLoader_F303\EWARM\CodeBootLoader_F303\Obj\onchipflash.o
#        D:\Saoviet_Bitbucket\Saoviet_Control_Oxy\Project_Ver_STM32F303RET6\CodeBootLoader_F303\EWARM\CodeBootLoader_F303\Obj\queue_p.o
#        D:\Saoviet_Bitbucket\Saoviet_Control_Oxy\Project_Ver_STM32F303RET6\CodeBootLoader_F303\EWARM\CodeBootLoader_F303\Obj\startup_stm32f303xe.o
#        D:\Saoviet_Bitbucket\Saoviet_Control_Oxy\Project_Ver_STM32F303RET6\CodeBootLoader_F303\EWARM\CodeBootLoader_F303\Obj\stm32f3xx_hal.o
#        D:\Saoviet_Bitbucket\Saoviet_Control_Oxy\Project_Ver_STM32F303RET6\CodeBootLoader_F303\EWARM\CodeBootLoader_F303\Obj\stm32f3xx_hal_cortex.o
#        D:\Saoviet_Bitbucket\Saoviet_Control_Oxy\Project_Ver_STM32F303RET6\CodeBootLoader_F303\EWARM\CodeBootLoader_F303\Obj\stm32f3xx_hal_dma.o
#        D:\Saoviet_Bitbucket\Saoviet_Control_Oxy\Project_Ver_STM32F303RET6\CodeBootLoader_F303\EWARM\CodeBootLoader_F303\Obj\stm32f3xx_hal_exti.o
#        D:\Saoviet_Bitbucket\Saoviet_Control_Oxy\Project_Ver_STM32F303RET6\CodeBootLoader_F303\EWARM\CodeBootLoader_F303\Obj\stm32f3xx_hal_flash.o
#        D:\Saoviet_Bitbucket\Saoviet_Control_Oxy\Project_Ver_STM32F303RET6\CodeBootLoader_F303\EWARM\CodeBootLoader_F303\Obj\stm32f3xx_hal_flash_ex.o
#        D:\Saoviet_Bitbucket\Saoviet_Control_Oxy\Project_Ver_STM32F303RET6\CodeBootLoader_F303\EWARM\CodeBootLoader_F303\Obj\stm32f3xx_hal_gpio.o
#        D:\Saoviet_Bitbucket\Saoviet_Control_Oxy\Project_Ver_STM32F303RET6\CodeBootLoader_F303\EWARM\CodeBootLoader_F303\Obj\stm32f3xx_hal_i2c.o
#        D:\Saoviet_Bitbucket\Saoviet_Control_Oxy\Project_Ver_STM32F303RET6\CodeBootLoader_F303\EWARM\CodeBootLoader_F303\Obj\stm32f3xx_hal_i2c_ex.o
#        D:\Saoviet_Bitbucket\Saoviet_Control_Oxy\Project_Ver_STM32F303RET6\CodeBootLoader_F303\EWARM\CodeBootLoader_F303\Obj\stm32f3xx_hal_msp.o
#        D:\Saoviet_Bitbucket\Saoviet_Control_Oxy\Project_Ver_STM32F303RET6\CodeBootLoader_F303\EWARM\CodeBootLoader_F303\Obj\stm32f3xx_hal_pwr.o
#        D:\Saoviet_Bitbucket\Saoviet_Control_Oxy\Project_Ver_STM32F303RET6\CodeBootLoader_F303\EWARM\CodeBootLoader_F303\Obj\stm32f3xx_hal_pwr_ex.o
#        D:\Saoviet_Bitbucket\Saoviet_Control_Oxy\Project_Ver_STM32F303RET6\CodeBootLoader_F303\EWARM\CodeBootLoader_F303\Obj\stm32f3xx_hal_rcc.o
#        D:\Saoviet_Bitbucket\Saoviet_Control_Oxy\Project_Ver_STM32F303RET6\CodeBootLoader_F303\EWARM\CodeBootLoader_F303\Obj\stm32f3xx_hal_rcc_ex.o
#        D:\Saoviet_Bitbucket\Saoviet_Control_Oxy\Project_Ver_STM32F303RET6\CodeBootLoader_F303\EWARM\CodeBootLoader_F303\Obj\stm32f3xx_hal_tim.o
#        D:\Saoviet_Bitbucket\Saoviet_Control_Oxy\Project_Ver_STM32F303RET6\CodeBootLoader_F303\EWARM\CodeBootLoader_F303\Obj\stm32f3xx_hal_tim_ex.o
#        D:\Saoviet_Bitbucket\Saoviet_Control_Oxy\Project_Ver_STM32F303RET6\CodeBootLoader_F303\EWARM\CodeBootLoader_F303\Obj\stm32f3xx_hal_uart.o
#        D:\Saoviet_Bitbucket\Saoviet_Control_Oxy\Project_Ver_STM32F303RET6\CodeBootLoader_F303\EWARM\CodeBootLoader_F303\Obj\stm32f3xx_hal_uart_ex.o
#        D:\Saoviet_Bitbucket\Saoviet_Control_Oxy\Project_Ver_STM32F303RET6\CodeBootLoader_F303\EWARM\CodeBootLoader_F303\Obj\stm32f3xx_it.o
#        D:\Saoviet_Bitbucket\Saoviet_Control_Oxy\Project_Ver_STM32F303RET6\CodeBootLoader_F303\EWARM\CodeBootLoader_F303\Obj\system_stm32f3xx.o
#        D:\Saoviet_Bitbucket\Saoviet_Control_Oxy\Project_Ver_STM32F303RET6\CodeBootLoader_F303\EWARM\CodeBootLoader_F303\Obj\usart.o
#        D:\Saoviet_Bitbucket\Saoviet_Control_Oxy\Project_Ver_STM32F303RET6\CodeBootLoader_F303\EWARM\CodeBootLoader_F303\Obj\user_internal_mem.o
#        D:\Saoviet_Bitbucket\Saoviet_Control_Oxy\Project_Ver_STM32F303RET6\CodeBootLoader_F303\EWARM\CodeBootLoader_F303\Obj\user_util.o
#        --no_out_extension -o
#        D:\Saoviet_Bitbucket\Saoviet_Control_Oxy\Project_Ver_STM32F303RET6\CodeBootLoader_F303\EWARM\CodeBootLoader_F303\Exe\CodeBootLoader_F303.out
#        --redirect _Printf=_PrintfFullNoMb --redirect _Scanf=_ScanfFullNoMb
#        --map
#        D:\Saoviet_Bitbucket\Saoviet_Control_Oxy\Project_Ver_STM32F303RET6\CodeBootLoader_F303\EWARM\CodeBootLoader_F303\List\CodeBootLoader_F303.map
#        --config
#        D:\Saoviet_Bitbucket\Saoviet_Control_Oxy\Project_Ver_STM32F303RET6\CodeBootLoader_F303\EWARM/stm32f303xe_flash.icf
#        --semihosting --entry __iar_program_start --vfe --text_out locale)
#
###############################################################################

*******************************************************************************
*** RUNTIME MODEL ATTRIBUTES
***

CppFlavor       = *
__SystemLibrary = DLib
__dlib_version  = 6


*******************************************************************************
*** HEAP SELECTION
***

The basic heap was selected because no calls to memory allocation
functions were found in the application outside of system library
functions, and there are calls to deallocation functions in the
application.


*******************************************************************************
*** PLACEMENT SUMMARY
***

"A0":  place at address 0x800'0000 { ro section .intvec };
"P1":  place in [from 0x800'0000 to 0x807'ffff] { ro };
define block CSTACK with size = 1K, alignment = 8 { };
define block HEAP with size = 512, alignment = 8 { };
"P2":  place in [from 0x2000'0000 to 0x2000'ffff] {
          rw, block CSTACK, block HEAP };
initialize by copy { rw };

  Section            Kind         Address    Size  Object
  -------            ----         -------    ----  ------
"A0":                                       0x194
  .intvec            ro code   0x800'0000   0x194  startup_stm32f303xe.o [1]
                             - 0x800'0194   0x194

"P1":                                      0x1964
  .text              ro code   0x800'0194   0x588  stm32f3xx_hal_rcc.o [1]
  .text              ro code   0x800'071c     0xc  stm32f3xx_hal.o [1]
  .text              ro code   0x800'0728    0x40  stm32f3xx_hal.o [1]
  .text              ro code   0x800'0768    0xac  stm32f3xx_hal_cortex.o [1]
  .text              ro code   0x800'0814   0x548  stm32f3xx_hal_uart.o [1]
  .text              ro code   0x800'0d5c    0xa4  usart.o [1]
  .text              ro code   0x800'0e00   0x214  main.o [1]
  .text              ro code   0x800'1014    0x14  memset.o [4]
  .text              ro code   0x800'1028   0x1e0  stm32f3xx_hal_gpio.o [1]
  .text              ro code   0x800'1208    0x48  stm32f3xx_hal.o [1]
  .text              ro code   0x800'1250    0x68  gpio.o [1]
  .text              ro code   0x800'12b8    0x6c  user_util.o [1]
  .text              ro code   0x800'1324    0xaa  onchipflash.o [1]
  .text              ro code   0x800'13ce    0x3a  zero_init3.o [4]
  .text              ro code   0x800'1408   0x234  stm32f3xx_hal_rcc_ex.o [1]
  .text              ro code   0x800'163c    0x12  ABImemset_small.o [4]
  .text              ro code   0x800'164e    0x2e  copy_init3.o [4]
  .text              ro code   0x800'167c    0x30  stm32f3xx_hal_msp.o [1]
  .text              ro code   0x800'16ac     0x2  stm32f3xx_hal.o [1]
  .text              ro code   0x800'16b0    0x28  stm32f3xx_hal.o [1]
  .text              ro code   0x800'16d8    0x14  strlen_small.o [4]
  .text              ro code   0x800'16ec   0x14c  stm32f3xx_hal_flash.o [1]
  .text              ro code   0x800'1838    0x24  stm32f3xx_hal_flash_ex.o [1]
  .text              ro code   0x800'185c    0x1e  U64Shr.o [4]
  .text              ro code   0x800'187c    0x28  data_init.o [4]
  .rodata            const     0x800'18a4    0x24  main.o [1]
  .text              ro code   0x800'18c8    0x22  fpinit_M.o [3]
  .iar.init_table    const     0x800'18ec    0x24  - Linker created -
  .text              ro code   0x800'1910    0x20  system_stm32f3xx.o [1]
  .text              ro code   0x800'1930    0x1e  cmain.o [4]
  .text              ro code   0x800'194e     0x4  low_level_init.o [2]
  .text              ro code   0x800'1952     0x4  exit.o [2]
  .text              ro code   0x800'1958     0xa  cexit.o [4]
  .text              ro code   0x800'1964    0x14  exit.o [5]
  .text              ro code   0x800'1978    0x14  stm32f3xx_it.o [1]
  .text              ro code   0x800'198c    0x10  stm32f3xx_hal.o [1]
  .text              ro code   0x800'199c    0x10  startup_stm32f303xe.o [1]
  Initializer bytes  const     0x800'19ac    0x10  <for P2-1>
  .text              ro code   0x800'19bc     0xc  cstartup_M.o [4]
  .rodata            const     0x800'19c8     0x8  system_stm32f3xx.o [1]
  .text              ro code   0x800'19d0     0x4  startup_stm32f303xe.o [1]
  .text              ro code   0x800'19d4     0x4  startup_stm32f303xe.o [1]
  .text              ro code   0x800'19d8     0x4  startup_stm32f303xe.o [1]
  .text              ro code   0x800'19dc     0x4  startup_stm32f303xe.o [1]
  .text              ro code   0x800'19e0     0x4  startup_stm32f303xe.o [1]
  .text              ro code   0x800'19e4     0x4  startup_stm32f303xe.o [1]
  .text              ro code   0x800'19e8     0x4  startup_stm32f303xe.o [1]
  .text              ro code   0x800'19ec     0x4  startup_stm32f303xe.o [1]
  .text              ro code   0x800'19f0     0x4  startup_stm32f303xe.o [1]
  .text              ro code   0x800'19f4     0x4  startup_stm32f303xe.o [1]
  .text              ro code   0x800'19f8     0x4  startup_stm32f303xe.o [1]
  .text              ro code   0x800'19fc     0x4  startup_stm32f303xe.o [1]
  .text              ro code   0x800'1a00     0x4  startup_stm32f303xe.o [1]
  .text              ro code   0x800'1a04     0x4  startup_stm32f303xe.o [1]
  .text              ro code   0x800'1a08     0x4  startup_stm32f303xe.o [1]
  .text              ro code   0x800'1a0c     0x4  startup_stm32f303xe.o [1]
  .text              ro code   0x800'1a10     0x4  startup_stm32f303xe.o [1]
  .text              ro code   0x800'1a14     0x4  startup_stm32f303xe.o [1]
  .text              ro code   0x800'1a18     0x4  startup_stm32f303xe.o [1]
  .text              ro code   0x800'1a1c     0x4  startup_stm32f303xe.o [1]
  .text              ro code   0x800'1a20     0x4  startup_stm32f303xe.o [1]
  .text              ro code   0x800'1a24     0x4  startup_stm32f303xe.o [1]
  .text              ro code   0x800'1a28     0x4  startup_stm32f303xe.o [1]
  .text              ro code   0x800'1a2c     0x4  startup_stm32f303xe.o [1]
  .text              ro code   0x800'1a30     0x4  startup_stm32f303xe.o [1]
  .text              ro code   0x800'1a34     0x4  startup_stm32f303xe.o [1]
  .text              ro code   0x800'1a38     0x4  startup_stm32f303xe.o [1]
  .text              ro code   0x800'1a3c     0x4  startup_stm32f303xe.o [1]
  .text              ro code   0x800'1a40     0x4  startup_stm32f303xe.o [1]
  .text              ro code   0x800'1a44     0x4  startup_stm32f303xe.o [1]
  .text              ro code   0x800'1a48     0x4  startup_stm32f303xe.o [1]
  .text              ro code   0x800'1a4c     0x4  startup_stm32f303xe.o [1]
  .text              ro code   0x800'1a50     0x4  startup_stm32f303xe.o [1]
  .text              ro code   0x800'1a54     0x4  startup_stm32f303xe.o [1]
  .text              ro code   0x800'1a58     0x4  startup_stm32f303xe.o [1]
  .text              ro code   0x800'1a5c     0x4  startup_stm32f303xe.o [1]
  .text              ro code   0x800'1a60     0x4  startup_stm32f303xe.o [1]
  .text              ro code   0x800'1a64     0x4  startup_stm32f303xe.o [1]
  .text              ro code   0x800'1a68     0x4  startup_stm32f303xe.o [1]
  .text              ro code   0x800'1a6c     0x4  startup_stm32f303xe.o [1]
  .text              ro code   0x800'1a70     0x4  startup_stm32f303xe.o [1]
  .text              ro code   0x800'1a74     0x4  startup_stm32f303xe.o [1]
  .text              ro code   0x800'1a78     0x4  startup_stm32f303xe.o [1]
  .text              ro code   0x800'1a7c     0x4  startup_stm32f303xe.o [1]
  .text              ro code   0x800'1a80     0x4  startup_stm32f303xe.o [1]
  .text              ro code   0x800'1a84     0x4  startup_stm32f303xe.o [1]
  .text              ro code   0x800'1a88     0x4  startup_stm32f303xe.o [1]
  .text              ro code   0x800'1a8c     0x4  startup_stm32f303xe.o [1]
  .text              ro code   0x800'1a90     0x4  startup_stm32f303xe.o [1]
  .text              ro code   0x800'1a94     0x4  startup_stm32f303xe.o [1]
  .text              ro code   0x800'1a98     0x4  startup_stm32f303xe.o [1]
  .text              ro code   0x800'1a9c     0x4  startup_stm32f303xe.o [1]
  .text              ro code   0x800'1aa0     0x4  startup_stm32f303xe.o [1]
  .text              ro code   0x800'1aa4     0x4  startup_stm32f303xe.o [1]
  .text              ro code   0x800'1aa8     0x4  startup_stm32f303xe.o [1]
  .text              ro code   0x800'1aac     0x4  startup_stm32f303xe.o [1]
  .text              ro code   0x800'1ab0     0x4  startup_stm32f303xe.o [1]
  .text              ro code   0x800'1ab4     0x4  startup_stm32f303xe.o [1]
  .text              ro code   0x800'1ab8     0x4  startup_stm32f303xe.o [1]
  .text              ro code   0x800'1abc     0x4  startup_stm32f303xe.o [1]
  .text              ro code   0x800'1ac0     0x4  startup_stm32f303xe.o [1]
  .text              ro code   0x800'1ac4     0x4  startup_stm32f303xe.o [1]
  .text              ro code   0x800'1ac8     0x4  startup_stm32f303xe.o [1]
  .text              ro code   0x800'1acc     0x4  startup_stm32f303xe.o [1]
  .text              ro code   0x800'1ad0     0x4  startup_stm32f303xe.o [1]
  .text              ro code   0x800'1ad4     0x4  startup_stm32f303xe.o [1]
  .text              ro code   0x800'1ad8     0x4  startup_stm32f303xe.o [1]
  .text              ro code   0x800'1adc     0x4  startup_stm32f303xe.o [1]
  .text              ro code   0x800'1ae0     0x4  startup_stm32f303xe.o [1]
  .text              ro code   0x800'1ae4     0x4  startup_stm32f303xe.o [1]
  .text              ro code   0x800'1ae8     0x4  startup_stm32f303xe.o [1]
  .text              ro code   0x800'1aec     0x4  startup_stm32f303xe.o [1]
  .text              ro code   0x800'1af0     0x4  startup_stm32f303xe.o [1]
  .text              ro code   0x800'1af4     0x4  startup_stm32f303xe.o [1]
  .rodata            const     0x800'1af8     0x0  zero_init3.o [4]
  .rodata            const     0x800'1af8     0x0  copy_init3.o [4]
                             - 0x800'1af8  0x1964

"P2", part 1 of 3:                           0x10
  P2-1                        0x2000'0000    0x10  <Init block>
    .data            inited   0x2000'0000     0xc  stm32f3xx_hal.o [1]
    .data            inited   0x2000'000c     0x4  system_stm32f3xx.o [1]
                            - 0x2000'0010    0x10

"P2", part 2 of 3:                           0xb8
  .bss               zero     0x2000'0010    0x88  usart.o [1]
  .bss               zero     0x2000'0098    0x20  stm32f3xx_hal_flash.o [1]
  .bss               zero     0x2000'00b8    0x10  main.o [1]
                            - 0x2000'00c8    0xb8

"P2", part 3 of 3:                          0x400
  CSTACK                      0x2000'00c8   0x400  <Block>
    CSTACK           uninit   0x2000'00c8   0x400  <Block tail>
                            - 0x2000'04c8   0x400

Unused ranges:

         From           To      Size
         ----           --      ----
   0x800'1af8   0x807'ffff  0x7'e508
  0x2000'04c8  0x2000'ffff    0xfb38


*******************************************************************************
*** INIT TABLE
***

          Address      Size
          -------      ----
Zero (__iar_zero_init3)
    1 destination range, total size 0xb8:
          0x2000'0010  0xb8

Copy (__iar_copy_init3)
    1 source range, total size 0x10:
           0x800'19ac  0x10
    1 destination range, total size 0x10:
          0x2000'0000  0x10



*******************************************************************************
*** MODULE SUMMARY
***

    Module                    ro code  ro data  rw data
    ------                    -------  -------  -------
command line/config:
    ---------------------------------------------------
    Total:

D:\Saoviet_Bitbucket\Saoviet_Control_Oxy\Project_Ver_STM32F303RET6\CodeBootLoader_F303\EWARM\CodeBootLoader_F303\Obj: [1]
    gpio.o                        104
    main.o                        532       36       16
    onchipflash.o                 170
    startup_stm32f303xe.o         716
    stm32f3xx_hal.o               206       12       12
    stm32f3xx_hal_cortex.o        172
    stm32f3xx_hal_flash.o         332                32
    stm32f3xx_hal_flash_ex.o       36
    stm32f3xx_hal_gpio.o          480
    stm32f3xx_hal_msp.o            48
    stm32f3xx_hal_rcc.o         1'416
    stm32f3xx_hal_rcc_ex.o        564
    stm32f3xx_hal_uart.o        1'352
    stm32f3xx_it.o                 20
    system_stm32f3xx.o             32       12        4
    usart.o                       164               136
    user_util.o                   108
    ---------------------------------------------------
    Total:                      6'452       60      200

dl7M_tlf.a: [2]
    exit.o                          4
    low_level_init.o                4
    ---------------------------------------------------
    Total:                          8

m7M_tls.a: [3]
    fpinit_M.o                     34
    ---------------------------------------------------
    Total:                         34

rt7M_tl.a: [4]
    ABImemset_small.o              18
    U64Shr.o                       30
    cexit.o                        10
    cmain.o                        30
    copy_init3.o                   46
    cstartup_M.o                   12
    data_init.o                    40
    memset.o                       20
    strlen_small.o                 20
    zero_init3.o                   58
    ---------------------------------------------------
    Total:                        284

shb_l.a: [5]
    exit.o                         20
    ---------------------------------------------------
    Total:                         20

    Gaps                            8        2
    Linker created                          36    1'024
-------------------------------------------------------
    Grand Total:                6'806       98    1'224


*******************************************************************************
*** ENTRY LIST
***

Entry                       Address   Size  Type      Object
-----                       -------   ----  ----      ------
.iar.init_table$$Base    0x800'18ec          --   Gb  - Linker created -
.iar.init_table$$Limit   0x800'1910          --   Gb  - Linker created -
?main                    0x800'1931         Code  Gb  cmain.o [4]
AHBPrescTable            0x800'1920   0x10  Data  Gb  system_stm32f3xx.o [1]
APBPrescTable            0x800'19c8    0x8  Data  Gb  system_stm32f3xx.o [1]
BusFault_Handler         0x800'197f    0x2  Code  Gb  stm32f3xx_it.o [1]
CSTACK$$Base            0x2000'00c8          --   Gb  - Linker created -
CSTACK$$Limit           0x2000'04c8          --   Gb  - Linker created -
DebugMon_Handler         0x800'1985    0x2  Code  Gb  stm32f3xx_it.o [1]
Erase_Firmware           0x800'13b5   0x1a  Code  Gb  onchipflash.o [1]
Error_Handler            0x800'0f41    0x4  Code  Gb  main.o [1]
FLASH_PageErase          0x800'1839   0x1c  Code  Gb  stm32f3xx_hal_flash_ex.o [1]
FLASH_Program_HalfWord   0x800'1793   0x16  Code  Lc  stm32f3xx_hal_flash.o [1]
FLASH_SetErrorCode       0x800'17f3   0x2e  Code  Lc  stm32f3xx_hal_flash.o [1]
FLASH_WaitForLastOperation
                         0x800'17a9   0x4a  Code  Gb  stm32f3xx_hal_flash.o [1]
HAL_DeInit               0x800'1229   0x1e  Code  Gb  stm32f3xx_hal.o [1]
HAL_Delay                0x800'16b1   0x28  Code  Wk  stm32f3xx_hal.o [1]
HAL_FLASH_Lock           0x800'1783    0xa  Code  Gb  stm32f3xx_hal_flash.o [1]
HAL_FLASH_Program        0x800'16ed   0x76  Code  Gb  stm32f3xx_hal_flash.o [1]
HAL_FLASH_Unlock         0x800'1763   0x20  Code  Gb  stm32f3xx_hal_flash.o [1]
HAL_GPIO_Init            0x800'1029  0x1b2  Code  Gb  stm32f3xx_hal_gpio.o [1]
HAL_GPIO_WritePin        0x800'11db    0xa  Code  Gb  stm32f3xx_hal_gpio.o [1]
HAL_GetTick              0x800'071d    0xc  Code  Wk  stm32f3xx_hal.o [1]
HAL_IncTick              0x800'198d   0x10  Code  Wk  stm32f3xx_hal.o [1]
HAL_Init                 0x800'1209   0x20  Code  Gb  stm32f3xx_hal.o [1]
HAL_InitTick             0x800'0729   0x40  Code  Wk  stm32f3xx_hal.o [1]
HAL_MspInit              0x800'167d   0x30  Code  Gb  stm32f3xx_hal_msp.o [1]
HAL_NVIC_SetPriority     0x800'079d   0x3a  Code  Gb  stm32f3xx_hal_cortex.o [1]
HAL_NVIC_SetPriorityGrouping
                         0x800'0783   0x1a  Code  Gb  stm32f3xx_hal_cortex.o [1]
HAL_RCCEx_PeriphCLKConfig
                         0x800'1409  0x226  Code  Gb  stm32f3xx_hal_rcc_ex.o [1]
HAL_RCC_ClockConfig      0x800'0573   0xe2  Code  Gb  stm32f3xx_hal_rcc.o [1]
HAL_RCC_DeInit           0x800'0195   0xbc  Code  Gb  stm32f3xx_hal_rcc.o [1]
HAL_RCC_GetPCLK1Freq     0x800'069f   0x10  Code  Gb  stm32f3xx_hal_rcc.o [1]
HAL_RCC_GetPCLK2Freq     0x800'06af    0xe  Code  Gb  stm32f3xx_hal_rcc.o [1]
HAL_RCC_GetSysClockFreq
                         0x800'0671   0x2e  Code  Gb  stm32f3xx_hal_rcc.o [1]
HAL_RCC_OscConfig        0x800'0251  0x31a  Code  Gb  stm32f3xx_hal_rcc.o [1]
HAL_SYSTICK_Config       0x800'07d7   0x28  Code  Gb  stm32f3xx_hal_cortex.o [1]
HAL_UART_Init            0x800'0815   0x30  Code  Gb  stm32f3xx_hal_uart.o [1]
HAL_UART_MspInit         0x800'0d8f   0x60  Code  Gb  usart.o [1]
HAL_UART_Transmit        0x800'0895   0x9a  Code  Gb  stm32f3xx_hal_uart.o [1]
HardFault_Handler        0x800'197b    0x2  Code  Gb  stm32f3xx_it.o [1]
HaveNewFirmware         0x2000'00b8    0x4  Data  Gb  main.o [1]
JumpAddress             0x2000'00c0    0x4  Data  Gb  main.o [1]
Jump_To_Application     0x2000'00c4    0x4  Data  Gb  main.o [1]
MX_GPIO_Init             0x800'1251   0x68  Code  Gb  gpio.o [1]
MX_USART3_UART_Init      0x800'0d5d   0x32  Code  Gb  usart.o [1]
MemManage_Handler        0x800'197d    0x2  Code  Gb  stm32f3xx_it.o [1]
NMI_Handler              0x800'1979    0x2  Code  Gb  stm32f3xx_it.o [1]
NewFirmwareSize         0x2000'00bc    0x4  Data  Gb  main.o [1]
OnchipFlashCopy          0x800'1325   0x42  Code  Gb  onchipflash.o [1]
OnchipFlashPageErase     0x800'1379   0x36  Code  Gb  onchipflash.o [1]
PendSV_Handler           0x800'1987    0x2  Code  Gb  stm32f3xx_it.o [1]
Region$$Table$$Base      0x800'18ec          --   Gb  - Linker created -
Region$$Table$$Limit     0x800'1910          --   Gb  - Linker created -
SVC_Handler              0x800'1983    0x2  Code  Gb  stm32f3xx_it.o [1]
SysTick_Handler          0x800'1989    0x4  Code  Gb  stm32f3xx_it.o [1]
SystemClock_Config       0x800'0ebf   0x82  Code  Gb  main.o [1]
SystemCoreClock         0x2000'000c    0x4  Data  Gb  system_stm32f3xx.o [1]
SystemInit               0x800'1911    0xc  Code  Gb  system_stm32f3xx.o [1]
UART_AdvFeatureConfig    0x800'0b19   0xc6  Code  Gb  stm32f3xx_hal_uart.o [1]
UART_CheckIdleState      0x800'0bdf   0x86  Code  Gb  stm32f3xx_hal_uart.o [1]
UART_EndRxTransfer       0x800'0cf3   0x28  Code  Lc  stm32f3xx_hal_uart.o [1]
UART_SetConfig           0x800'0959  0x19e  Code  Gb  stm32f3xx_hal_uart.o [1]
UART_WaitOnFlagUntilTimeout
                         0x800'0c71   0x7c  Code  Gb  stm32f3xx_hal_uart.o [1]
UTIL_Printf              0x800'12b9   0x44  Code  Gb  user_util.o [1]
UTIL_Printf_Str          0x800'12fd   0x12  Code  Gb  user_util.o [1]
UsageFault_Handler       0x800'1981    0x2  Code  Gb  stm32f3xx_it.o [1]
__NVIC_SetPriority       0x800'0769   0x1a  Code  Lc  stm32f3xx_hal_cortex.o [1]
__aeabi_llsr             0x800'185d         Code  Gb  U64Shr.o [4]
__cmain                  0x800'1931         Code  Gb  cmain.o [4]
__exit                   0x800'1965   0x14  Code  Gb  exit.o [5]
__iar_copy_init3         0x800'164f   0x2e  Code  Gb  copy_init3.o [4]
__iar_data_init3         0x800'187d   0x28  Code  Gb  data_init.o [4]
__iar_init_vfp           0x800'18c9         Code  Gb  fpinit_M.o [3]
__iar_program_start      0x800'19bd         Code  Gb  cstartup_M.o [4]
__iar_small_Memset       0x800'163d         Code  Gb  ABImemset_small.o [4]
__iar_small_Memset_word
                         0x800'163d         Code  Gb  ABImemset_small.o [4]
__iar_small_memset       0x800'163d         Code  Gb  ABImemset_small.o [4]
__iar_small_strlen       0x800'16d9         Code  Gb  strlen_small.o [4]
__iar_zero_init3         0x800'13cf   0x3a  Code  Gb  zero_init3.o [4]
__low_level_init         0x800'194f    0x4  Code  Gb  low_level_init.o [2]
__vector_table           0x800'0000         Data  Gb  startup_stm32f303xe.o [1]
_call_main               0x800'193d         Code  Gb  cmain.o [4]
_exit                    0x800'1959         Code  Gb  cexit.o [4]
_main                    0x800'194b         Code  Gb  cmain.o [4]
aPLLMULFactorTable       0x800'06fc   0x10  Data  Lc  stm32f3xx_hal_rcc.o [1]
aPredivFactorTable       0x800'070c   0x10  Data  Lc  stm32f3xx_hal_rcc.o [1]
exit                     0x800'1953    0x4  Code  Gb  exit.o [2]
huart3                  0x2000'0010   0x88  Data  Gb  usart.o [1]
main                     0x800'0e01   0x9e  Code  Gb  main.o [1]
memset                   0x800'1015   0x14  Code  Gb  memset.o [4]
pFlash                  0x2000'0098   0x20  Data  Gb  stm32f3xx_hal_flash.o [1]
uwTick                  0x2000'0004    0x4  Data  Gb  stm32f3xx_hal.o [1]
uwTickFreq              0x2000'0000    0x1  Data  Gb  stm32f3xx_hal.o [1]
uwTickPrio              0x2000'0008    0x4  Data  Gb  stm32f3xx_hal.o [1]


[1] = D:\Saoviet_Bitbucket\Saoviet_Control_Oxy\Project_Ver_STM32F303RET6\CodeBootLoader_F303\EWARM\CodeBootLoader_F303\Obj
[2] = dl7M_tlf.a
[3] = m7M_tls.a
[4] = rt7M_tl.a
[5] = shb_l.a

  6'806 bytes of readonly  code memory
     98 bytes of readonly  data memory
  1'224 bytes of readwrite data memory

Errors: none
Warnings: none
