###############################################################################
#
# IAR ELF Linker V8.40.2.214/W32 for ARM                  12/Oct/2023  14:47:05
# Copyright 2007-2019 IAR Systems AB.
#
#    Output file  =
#        D:\Project_STM32\Project_Oxygen\EWARM\Project_Oxygen\Exe\Project_Oxygen.out
#    Map file     =
#        D:\Project_STM32\Project_Oxygen\EWARM\Project_Oxygen\List\Project_Oxygen.map
#    Command line =
#        -f C:\Users\PC\AppData\Local\Temp\EW5E83.tmp
#        (D:\Project_STM32\Project_Oxygen\EWARM\Project_Oxygen\Obj\cat24mxx.o
#        D:\Project_STM32\Project_Oxygen\EWARM\Project_Oxygen\Obj\event_driven.o
#        D:\Project_STM32\Project_Oxygen\EWARM\Project_Oxygen\Obj\GLCD192x64.o
#        D:\Project_STM32\Project_Oxygen\EWARM\Project_Oxygen\Obj\gpio.o
#        D:\Project_STM32\Project_Oxygen\EWARM\Project_Oxygen\Obj\i2c.o
#        D:\Project_STM32\Project_Oxygen\EWARM\Project_Oxygen\Obj\main.o
#        D:\Project_STM32\Project_Oxygen\EWARM\Project_Oxygen\Obj\onchipflash.o
#        D:\Project_STM32\Project_Oxygen\EWARM\Project_Oxygen\Obj\queue_p.o
#        D:\Project_STM32\Project_Oxygen\EWARM\Project_Oxygen\Obj\rtc.o
#        D:\Project_STM32\Project_Oxygen\EWARM\Project_Oxygen\Obj\startup_stm32l151xc.o
#        D:\Project_STM32\Project_Oxygen\EWARM\Project_Oxygen\Obj\stm32l1xx_hal.o
#        D:\Project_STM32\Project_Oxygen\EWARM\Project_Oxygen\Obj\stm32l1xx_hal_cortex.o
#        D:\Project_STM32\Project_Oxygen\EWARM\Project_Oxygen\Obj\stm32l1xx_hal_dma.o
#        D:\Project_STM32\Project_Oxygen\EWARM\Project_Oxygen\Obj\stm32l1xx_hal_exti.o
#        D:\Project_STM32\Project_Oxygen\EWARM\Project_Oxygen\Obj\stm32l1xx_hal_flash.o
#        D:\Project_STM32\Project_Oxygen\EWARM\Project_Oxygen\Obj\stm32l1xx_hal_flash_ex.o
#        D:\Project_STM32\Project_Oxygen\EWARM\Project_Oxygen\Obj\stm32l1xx_hal_flash_ramfunc.o
#        D:\Project_STM32\Project_Oxygen\EWARM\Project_Oxygen\Obj\stm32l1xx_hal_gpio.o
#        D:\Project_STM32\Project_Oxygen\EWARM\Project_Oxygen\Obj\stm32l1xx_hal_i2c.o
#        D:\Project_STM32\Project_Oxygen\EWARM\Project_Oxygen\Obj\stm32l1xx_hal_msp.o
#        D:\Project_STM32\Project_Oxygen\EWARM\Project_Oxygen\Obj\stm32l1xx_hal_pwr.o
#        D:\Project_STM32\Project_Oxygen\EWARM\Project_Oxygen\Obj\stm32l1xx_hal_pwr_ex.o
#        D:\Project_STM32\Project_Oxygen\EWARM\Project_Oxygen\Obj\stm32l1xx_hal_rcc.o
#        D:\Project_STM32\Project_Oxygen\EWARM\Project_Oxygen\Obj\stm32l1xx_hal_rcc_ex.o
#        D:\Project_STM32\Project_Oxygen\EWARM\Project_Oxygen\Obj\stm32l1xx_hal_rtc.o
#        D:\Project_STM32\Project_Oxygen\EWARM\Project_Oxygen\Obj\stm32l1xx_hal_rtc_ex.o
#        D:\Project_STM32\Project_Oxygen\EWARM\Project_Oxygen\Obj\stm32l1xx_hal_tim.o
#        D:\Project_STM32\Project_Oxygen\EWARM\Project_Oxygen\Obj\stm32l1xx_hal_tim_ex.o
#        D:\Project_STM32\Project_Oxygen\EWARM\Project_Oxygen\Obj\stm32l1xx_hal_uart.o
#        D:\Project_STM32\Project_Oxygen\EWARM\Project_Oxygen\Obj\stm32l1xx_it.o
#        D:\Project_STM32\Project_Oxygen\EWARM\Project_Oxygen\Obj\system_stm32l1xx.o
#        D:\Project_STM32\Project_Oxygen\EWARM\Project_Oxygen\Obj\tim.o
#        D:\Project_STM32\Project_Oxygen\EWARM\Project_Oxygen\Obj\usart.o
#        D:\Project_STM32\Project_Oxygen\EWARM\Project_Oxygen\Obj\user_app_button.o
#        D:\Project_STM32\Project_Oxygen\EWARM\Project_Oxygen\Obj\user_app_comm.o
#        D:\Project_STM32\Project_Oxygen\EWARM\Project_Oxygen\Obj\user_app_ctrl_oxy.o
#        D:\Project_STM32\Project_Oxygen\EWARM\Project_Oxygen\Obj\user_app_lcd.o
#        D:\Project_STM32\Project_Oxygen\EWARM\Project_Oxygen\Obj\user_app_menu_display.o
#        D:\Project_STM32\Project_Oxygen\EWARM\Project_Oxygen\Obj\user_app_relay.o
#        D:\Project_STM32\Project_Oxygen\EWARM\Project_Oxygen\Obj\user_app_rs485.o
#        D:\Project_STM32\Project_Oxygen\EWARM\Project_Oxygen\Obj\user_external_eeprom.o
#        D:\Project_STM32\Project_Oxygen\EWARM\Project_Oxygen\Obj\user_internal_mem.o
#        D:\Project_STM32\Project_Oxygen\EWARM\Project_Oxygen\Obj\user_modbus_rtu.o
#        D:\Project_STM32\Project_Oxygen\EWARM\Project_Oxygen\Obj\user_rtc.o
#        D:\Project_STM32\Project_Oxygen\EWARM\Project_Oxygen\Obj\user_time.o
#        D:\Project_STM32\Project_Oxygen\EWARM\Project_Oxygen\Obj\user_timer.o
#        D:\Project_STM32\Project_Oxygen\EWARM\Project_Oxygen\Obj\user_uart.o
#        D:\Project_STM32\Project_Oxygen\EWARM\Project_Oxygen\Obj\user_util.o
#        --no_out_extension -o
#        D:\Project_STM32\Project_Oxygen\EWARM\Project_Oxygen\Exe\Project_Oxygen.out
#        --redirect _Printf=_PrintfFullNoMb --redirect _Scanf=_ScanfFullNoMb
#        --map
#        D:\Project_STM32\Project_Oxygen\EWARM\Project_Oxygen\List\Project_Oxygen.map
#        --config D:\Project_STM32\Project_Oxygen\EWARM/stm32l151xc_flash.icf
#        --semihosting --entry __iar_program_start --vfe --text_out locale)
#
###############################################################################

*******************************************************************************
*** RUNTIME MODEL ATTRIBUTES
***

CppFlavor       = *
__SystemLibrary = DLib
__dlib_version  = 6


*******************************************************************************
*** HEAP SELECTION
***

The basic heap was selected because no calls to memory allocation
functions were found in the application outside of system library
functions, and there are calls to deallocation functions in the
application.


*******************************************************************************
*** PLACEMENT SUMMARY
***

"A0":  place at address 0x800'0000 { ro section .intvec };
"P1":  place in [from 0x800'0000 to 0x803'ffff] { ro };
define block CSTACK with size = 1K, alignment = 8 { };
define block HEAP with size = 512, alignment = 8 { };
"P2":  place in [from 0x2000'0000 to 0x2000'7fff] {
          rw, block CSTACK, block HEAP };
initialize by copy { rw };

  Section            Kind         Address    Size  Object
  -------            ----         -------    ----  ------
"A0":                                       0x124
  .intvec            ro code   0x800'0000   0x124  startup_stm32l151xc.o [1]
                             - 0x800'0124   0x124

"P1":                                      0x5210
  .text              ro code   0x800'0124   0x9a4  user_app_menu_display.o [1]
  .text              ro code   0x800'0ac8   0x7dc  user_app_lcd.o [1]
  .text              ro code   0x800'12a4    0x30  event_driven.o [1]
  .text              ro code   0x800'12d4   0x160  user_app_ctrl_oxy.o [1]
  .text              ro code   0x800'1434   0x8fc  GLCD192x64.o [1]
  .text              ro code   0x800'1d30    0x14  memset.o [4]
  .text              ro code   0x800'1d44    0xf4  onchipflash.o [1]
  .text              ro code   0x800'1e38     0xc  stm32l1xx_hal.o [1]
  .text              ro code   0x800'1e44   0x524  stm32l1xx_hal_rtc.o [1]
  .text              ro code   0x800'2368    0x12  ABImemset_small.o [4]
  .text              ro code   0x800'237a     0x2  user_app_ctrl_oxy.o [1]
  .text              ro code   0x800'237c   0x370  stm32l1xx_hal_tim.o [1]
  .text              ro code   0x800'26ec   0x1d4  stm32l1xx_hal_gpio.o [1]
  .text              ro code   0x800'28c0    0x14  strlen_small.o [4]
  .text              ro code   0x800'28d4   0x170  stm32l1xx_hal_flash.o [1]
  .text              ro code   0x800'2a44    0x2c  stm32l1xx_hal_flash_ex.o [1]
  .text              ro code   0x800'2a70   0x100  rtc.o [1]
  .text              ro code   0x800'2b70     0xc  user_rtc.o [1]
  .text              ro code   0x800'2b7c     0x2  stm32l1xx_hal_rtc_ex.o [1]
  .text              ro code   0x800'2b7e    0x3a  zero_init3.o [4]
  .text              ro code   0x800'2bb8    0x8c  tim.o [1]
  .text              ro code   0x800'2c44     0x2  stm32l1xx_hal_tim.o [1]
  .text              ro code   0x800'2c46     0x2  stm32l1xx_hal_tim.o [1]
  .text              ro code   0x800'2c48     0x2  stm32l1xx_hal_tim.o [1]
  .text              ro code   0x800'2c4a     0x2  stm32l1xx_hal_tim.o [1]
  .text              ro code   0x800'2c4c    0xc4  main.o [1]
  .text              ro code   0x800'2d10    0xe4  stm32l1xx_hal_rtc_ex.o [1]
  .text              ro code   0x800'2df4    0xc4  stm32l1xx_hal_cortex.o [1]
  .text              ro code   0x800'2eb8    0x1e  stm32l1xx_hal.o [1]
  .rodata            const     0x800'2ed6     0x2  user_app_lcd.o [1]
  .text              ro code   0x800'2ed8   0x12e  gpio.o [1]
  .text              ro code   0x800'3008   0x120  usart.o [1]
  .text              ro code   0x800'3128    0xa4  i2c.o [1]
  .text              ro code   0x800'31cc    0x32  user_app_comm.o [1]
  .text              ro code   0x800'3200   0x644  stm32l1xx_hal_rcc.o [1]
  .text              ro code   0x800'3844   0x10c  stm32l1xx_hal_rcc_ex.o [1]
  .text              ro code   0x800'3950    0x44  stm32l1xx_hal.o [1]
  .text              ro code   0x800'3994    0x44  stm32l1xx_hal_msp.o [1]
  .text              ro code   0x800'39d8   0x6d0  stm32l1xx_hal_uart.o [1]
  .text              ro code   0x800'40a8   0x150  stm32l1xx_hal_i2c.o [1]
  .text              ro code   0x800'41f8    0x7c  user_uart.o [1]
  .text              ro code   0x800'4274    0x28  stm32l1xx_hal.o [1]
  .text              ro code   0x800'429c    0x60  user_app_relay.o [1]
  .text              ro code   0x800'42fc   0x29c  user_app_button.o [1]
  .text              ro code   0x800'4598   0x128  user_app_rs485.o [1]
  .text              ro code   0x800'46c0   0x106  I64DivMod_small.o [4]
  .text              ro code   0x800'47c8    0x9e  stm32l1xx_hal_dma.o [1]
  .text              ro code   0x800'4866     0x2  stm32l1xx_hal_uart.o [1]
  .text              ro code   0x800'4868     0x2  stm32l1xx_hal_uart.o [1]
  .text              ro code   0x800'486a     0x2  stm32l1xx_hal_uart.o [1]
  .text              ro code   0x800'486c    0x6c  user_modbus_rtu.o [1]
  .text              ro code   0x800'48d8     0xe  user_util.o [1]
  .text              ro code   0x800'48e8     0x2  I64DivZer.o [4]
  .rodata            const     0x800'48ec   0x224  GLCD192x64.o [1]
  .text              ro code   0x800'4b10    0x78  lz77_init_single.o [4]
  .text              ro code   0x800'4b88    0x48  stm32l1xx_it.o [1]
  .text              ro code   0x800'4bd0    0x10  stm32l1xx_hal.o [1]
  .text              ro code   0x800'4be0    0x28  data_init.o [4]
  .iar.init_table    const     0x800'4c08    0x20  - Linker created -
  .text              ro code   0x800'4c28    0x20  system_stm32l1xx.o [1]
  .text              ro code   0x800'4c48    0x1e  cmain.o [4]
  .text              ro code   0x800'4c66     0x4  low_level_init.o [2]
  .text              ro code   0x800'4c6a     0x4  exit.o [2]
  .text              ro code   0x800'4c70     0xa  cexit.o [4]
  .text              ro code   0x800'4c7c    0x14  exit.o [5]
  .rodata            const     0x800'4c90    0x18  user_app_lcd.o [1]
  .rodata            const     0x800'4ca8    0x14  user_app_lcd.o [1]
  .rodata            const     0x800'4cbc    0x14  user_app_lcd.o [1]
  .rodata            const     0x800'4cd0    0x14  user_app_lcd.o [1]
  .rodata            const     0x800'4ce4    0x14  user_app_lcd.o [1]
  .rodata            const     0x800'4cf8    0x14  user_app_lcd.o [1]
  .rodata            const     0x800'4d0c    0x14  user_app_lcd.o [1]
  .rodata            const     0x800'4d20    0x14  user_app_lcd.o [1]
  .rodata            const     0x800'4d34    0x14  user_app_lcd.o [1]
  .rodata            const     0x800'4d48    0x14  user_app_lcd.o [1]
  .rodata            const     0x800'4d5c    0x14  user_app_lcd.o [1]
  .rodata            const     0x800'4d70    0x14  user_app_lcd.o [1]
  .rodata            const     0x800'4d84    0x14  user_app_lcd.o [1]
  .rodata            const     0x800'4d98    0x14  user_app_lcd.o [1]
  .rodata            const     0x800'4dac    0x14  user_app_lcd.o [1]
  .rodata            const     0x800'4dc0    0x14  user_app_lcd.o [1]
  .rodata            const     0x800'4dd4    0x14  user_app_lcd.o [1]
  .rodata            const     0x800'4de8    0x14  user_app_lcd.o [1]
  .rodata            const     0x800'4dfc    0x14  user_app_lcd.o [1]
  .rodata            const     0x800'4e10    0x14  user_app_lcd.o [1]
  .rodata            const     0x800'4e24    0x14  user_app_lcd.o [1]
  .rodata            const     0x800'4e38    0x14  user_app_lcd.o [1]
  .rodata            const     0x800'4e4c    0x14  user_app_lcd.o [1]
  .rodata            const     0x800'4e60    0x10  user_app_lcd.o [1]
  .rodata            const     0x800'4e70    0x10  user_app_lcd.o [1]
  .rodata            const     0x800'4e80    0x10  user_app_lcd.o [1]
  .rodata            const     0x800'4e90    0x10  user_app_lcd.o [1]
  .rodata            const     0x800'4ea0    0x10  user_app_lcd.o [1]
  .rodata            const     0x800'4eb0    0x10  user_app_lcd.o [1]
  .rodata            const     0x800'4ec0    0x10  user_app_lcd.o [1]
  .rodata            const     0x800'4ed0    0x10  user_app_lcd.o [1]
  .rodata            const     0x800'4ee0    0x10  user_app_lcd.o [1]
  .rodata            const     0x800'4ef0    0x10  user_app_lcd.o [1]
  .rodata            const     0x800'4f00    0x10  user_app_lcd.o [1]
  .rodata            const     0x800'4f10    0x10  user_app_lcd.o [1]
  .text              ro code   0x800'4f20    0x10  startup_stm32l151xc.o [1]
  .rodata            const     0x800'4f30     0xc  user_app_lcd.o [1]
  .rodata            const     0x800'4f3c     0xc  user_app_lcd.o [1]
  .rodata            const     0x800'4f48     0xc  user_app_lcd.o [1]
  .rodata            const     0x800'4f54     0xc  user_app_lcd.o [1]
  .rodata            const     0x800'4f60     0xc  user_app_lcd.o [1]
  .rodata            const     0x800'4f6c     0xc  user_app_lcd.o [1]
  .text              ro code   0x800'4f78     0xc  cstartup_M.o [4]
  .rodata            const     0x800'4f84     0x8  system_stm32l1xx.o [1]
  .rodata            const     0x800'4f8c     0x8  user_app_lcd.o [1]
  .rodata            const     0x800'4f94     0x8  user_app_lcd.o [1]
  .rodata            const     0x800'4f9c     0x8  user_app_lcd.o [1]
  .rodata            const     0x800'4fa4     0x8  user_app_lcd.o [1]
  .rodata            const     0x800'4fac     0x8  user_app_lcd.o [1]
  .rodata            const     0x800'4fb4     0x8  user_app_lcd.o [1]
  .text              ro code   0x800'4fbc     0x4  startup_stm32l151xc.o [1]
  .text              ro code   0x800'4fc0     0x4  startup_stm32l151xc.o [1]
  .text              ro code   0x800'4fc4     0x4  startup_stm32l151xc.o [1]
  .text              ro code   0x800'4fc8     0x4  startup_stm32l151xc.o [1]
  .text              ro code   0x800'4fcc     0x4  startup_stm32l151xc.o [1]
  .text              ro code   0x800'4fd0     0x4  startup_stm32l151xc.o [1]
  .text              ro code   0x800'4fd4     0x4  startup_stm32l151xc.o [1]
  .text              ro code   0x800'4fd8     0x4  startup_stm32l151xc.o [1]
  .text              ro code   0x800'4fdc     0x4  startup_stm32l151xc.o [1]
  .text              ro code   0x800'4fe0     0x4  startup_stm32l151xc.o [1]
  .text              ro code   0x800'4fe4     0x4  startup_stm32l151xc.o [1]
  .text              ro code   0x800'4fe8     0x4  startup_stm32l151xc.o [1]
  .text              ro code   0x800'4fec     0x4  startup_stm32l151xc.o [1]
  .text              ro code   0x800'4ff0     0x4  startup_stm32l151xc.o [1]
  .text              ro code   0x800'4ff4     0x4  startup_stm32l151xc.o [1]
  .text              ro code   0x800'4ff8     0x4  startup_stm32l151xc.o [1]
  .text              ro code   0x800'4ffc     0x4  startup_stm32l151xc.o [1]
  .text              ro code   0x800'5000     0x4  startup_stm32l151xc.o [1]
  .text              ro code   0x800'5004     0x4  startup_stm32l151xc.o [1]
  .text              ro code   0x800'5008     0x4  startup_stm32l151xc.o [1]
  .text              ro code   0x800'500c     0x4  startup_stm32l151xc.o [1]
  .text              ro code   0x800'5010     0x4  startup_stm32l151xc.o [1]
  .text              ro code   0x800'5014     0x4  startup_stm32l151xc.o [1]
  .text              ro code   0x800'5018     0x4  startup_stm32l151xc.o [1]
  .text              ro code   0x800'501c     0x4  startup_stm32l151xc.o [1]
  .text              ro code   0x800'5020     0x4  startup_stm32l151xc.o [1]
  .text              ro code   0x800'5024     0x4  startup_stm32l151xc.o [1]
  .text              ro code   0x800'5028     0x4  startup_stm32l151xc.o [1]
  .text              ro code   0x800'502c     0x4  startup_stm32l151xc.o [1]
  .text              ro code   0x800'5030     0x4  startup_stm32l151xc.o [1]
  .text              ro code   0x800'5034     0x4  startup_stm32l151xc.o [1]
  .text              ro code   0x800'5038     0x4  startup_stm32l151xc.o [1]
  .text              ro code   0x800'503c     0x4  startup_stm32l151xc.o [1]
  .text              ro code   0x800'5040     0x4  startup_stm32l151xc.o [1]
  .text              ro code   0x800'5044     0x4  startup_stm32l151xc.o [1]
  .text              ro code   0x800'5048     0x4  startup_stm32l151xc.o [1]
  .text              ro code   0x800'504c     0x4  startup_stm32l151xc.o [1]
  .text              ro code   0x800'5050     0x4  startup_stm32l151xc.o [1]
  .text              ro code   0x800'5054     0x4  startup_stm32l151xc.o [1]
  .text              ro code   0x800'5058     0x4  startup_stm32l151xc.o [1]
  .text              ro code   0x800'505c     0x4  startup_stm32l151xc.o [1]
  .text              ro code   0x800'5060     0x4  startup_stm32l151xc.o [1]
  .text              ro code   0x800'5064     0x4  startup_stm32l151xc.o [1]
  .text              ro code   0x800'5068     0x4  startup_stm32l151xc.o [1]
  .text              ro code   0x800'506c     0x4  startup_stm32l151xc.o [1]
  .text              ro code   0x800'5070     0x4  startup_stm32l151xc.o [1]
  .text              ro code   0x800'5074     0x4  startup_stm32l151xc.o [1]
  .text              ro code   0x800'5078     0x4  startup_stm32l151xc.o [1]
  .rodata            const     0x800'507c     0x0  zero_init3.o [4]
  .rodata            const     0x800'507c     0x0  lz77_init_single.o [4]
  Initializer bytes  const     0x800'507c   0x2b8  <for P2-1>
                             - 0x800'5334  0x5210

"P2", part 1 of 3:                          0x518
  P2-1                        0x2000'0000   0x518  <Init block>
    .data            inited   0x2000'0000     0xc  stm32l1xx_hal.o [1]
    .data            inited   0x2000'000c     0x4  system_stm32l1xx.o [1]
    .data            inited   0x2000'0010    0x90  user_app_button.o [1]
    .data            inited   0x2000'00a0    0x44  user_app_ctrl_oxy.o [1]
    .data            inited   0x2000'00e4    0x1c  user_app_ctrl_oxy.o [1]
    .data            inited   0x2000'0100    0x20  user_app_lcd.o [1]
    .data            inited   0x2000'0120    0x14  user_app_lcd.o [1]
    .data            inited   0x2000'0134    0x2c  user_app_lcd.o [1]
    .data            inited   0x2000'0160    0x60  user_app_lcd.o [1]
    .data            inited   0x2000'01c0    0x22  user_app_lcd.o [1]
    .data            inited   0x2000'01e4    0x58  user_app_lcd.o [1]
    .data            inited   0x2000'023c    0x10  user_app_lcd.o [1]
    .data            inited   0x2000'024c    0x90  user_app_lcd.o [1]
    .data            inited   0x2000'02dc    0x30  user_app_lcd.o [1]
    .data            inited   0x2000'030c    0x20  user_app_lcd.o [1]
    .data            inited   0x2000'032c    0x28  user_app_lcd.o [1]
    .data            inited   0x2000'0354    0x14  user_app_lcd.o [1]
    .data            inited   0x2000'0368    0x20  user_app_lcd.o [1]
    .data            inited   0x2000'0388     0xa  user_app_lcd.o [1]
    .data            inited   0x2000'0394    0x90  user_app_lcd.o [1]
    .data            inited   0x2000'0424    0x38  user_app_lcd.o [1]
    .data            inited   0x2000'045c    0x40  user_app_menu_display.o [1]
    .data            inited   0x2000'049c    0x20  user_app_relay.o [1]
    .data            inited   0x2000'04bc    0x40  user_app_rs485.o [1]
    .data            inited   0x2000'04fc    0x14  user_uart.o [1]
    .data            inited   0x2000'0510     0x2  user_app_button.o [1]
    .data            inited   0x2000'0512     0x2  user_app_button.o [1]
    .data            inited   0x2000'0514     0x2  user_app_button.o [1]
    .data            inited   0x2000'0516     0x2  user_app_button.o [1]
                            - 0x2000'0518   0x518

"P2", part 2 of 3:                          0x268
  .bss               zero     0x2000'0518    0x64  user_uart.o [1]
  .bss               zero     0x2000'057c    0x54  i2c.o [1]
  .bss               zero     0x2000'05d0    0x48  usart.o [1]
  .bss               zero     0x2000'0618    0x48  usart.o [1]
  .bss               zero     0x2000'0660    0x40  tim.o [1]
  .bss               zero     0x2000'06a0    0x34  user_uart.o [1]
  .bss               zero     0x2000'06d4    0x20  rtc.o [1]
  .bss               zero     0x2000'06f4    0x19  user_app_lcd.o [1]
  .bss               zero     0x2000'070d     0x3  user_app_lcd.o [1]
  .bss               zero     0x2000'0710    0x18  stm32l1xx_hal_flash.o [1]
  .bss               zero     0x2000'0728    0x18  user_app_menu_display.o [1]
  .bss               zero     0x2000'0740     0xc  user_app_ctrl_oxy.o [1]
  .bss               zero     0x2000'074c     0xc  user_app_lcd.o [1]
  .bss               zero     0x2000'0758     0xc  user_app_lcd.o [1]
  .bss               zero     0x2000'0764     0x8  user_app_ctrl_oxy.o [1]
  .bss               zero     0x2000'076c     0x4  user_rtc.o [1]
  .bss               zero     0x2000'0770     0x4  user_util.o [1]
  .bss               zero     0x2000'0774     0x2  GLCD192x64.o [1]
  .bss               zero     0x2000'0776     0x2  user_app_rs485.o [1]
  .bss               zero     0x2000'0778     0x1  GLCD192x64.o [1]
  .bss               zero     0x2000'0779     0x1  GLCD192x64.o [1]
  .bss               zero     0x2000'077a     0x1  GLCD192x64.o [1]
  .bss               zero     0x2000'077b     0x1  user_app_ctrl_oxy.o [1]
  .bss               zero     0x2000'077c     0x1  user_app_ctrl_oxy.o [1]
                            - 0x2000'077d   0x265

"P2", part 3 of 3:                          0x400
  CSTACK                      0x2000'0780   0x400  <Block>
    CSTACK           uninit   0x2000'0780   0x400  <Block tail>
                            - 0x2000'0b80   0x400

Unused ranges:

         From           To      Size
         ----           --      ----
   0x800'5334   0x803'ffff  0x3'accc
  0x2000'0b80  0x2000'7fff    0x7480


*******************************************************************************
*** INIT TABLE
***

          Address      Size
          -------      ----
Zero (__iar_zero_init3)
    1 destination range, total size 0x265:
          0x2000'0518  0x265

Copy/lz77 (__iar_lz77_init_single3)
    1 source range, total size 0x2b8 (53% of destination):
           0x800'507c  0x2b8
    1 destination range, total size 0x518:
          0x2000'0000  0x518



*******************************************************************************
*** MODULE SUMMARY
***

    Module                    ro code  ro data  rw data
    ------                    -------  -------  -------
command line/config:
    ---------------------------------------------------
    Total:

D:\Project_STM32\Project_Oxygen\EWARM\Project_Oxygen\Obj: [1]
    GLCD192x64.o                2'300      548        5
    event_driven.o                 48
    gpio.o                        302
    i2c.o                         164                84
    main.o                        196
    onchipflash.o                 244
    rtc.o                         256                32
    startup_stm32l151xc.o         500
    stm32l1xx_hal.o               166        6       12
    stm32l1xx_hal_cortex.o        196
    stm32l1xx_hal_dma.o           158
    stm32l1xx_hal_flash.o         368                24
    stm32l1xx_hal_flash_ex.o       44
    stm32l1xx_hal_gpio.o          468
    stm32l1xx_hal_i2c.o           336
    stm32l1xx_hal_msp.o            68
    stm32l1xx_hal_rcc.o         1'604
    stm32l1xx_hal_rcc_ex.o        268
    stm32l1xx_hal_rtc.o         1'316
    stm32l1xx_hal_rtc_ex.o        230
    stm32l1xx_hal_tim.o           888
    stm32l1xx_hal_uart.o        1'750
    stm32l1xx_it.o                 72
    system_stm32l1xx.o             32       10        4
    tim.o                         140                64
    usart.o                       288               144
    user_app_button.o             668       82      152
    user_app_comm.o                50
    user_app_ctrl_oxy.o           354       51      118
    user_app_lcd.o              2'012    1'237      908
    user_app_menu_display.o     2'468       34       88
    user_app_relay.o               96       17       32
    user_app_rs485.o              296       35       66
    user_modbus_rtu.o             108
    user_rtc.o                     12                 4
    user_uart.o                   124       10      172
    user_util.o                    14                 4
    ---------------------------------------------------
    Total:                     18'604    2'030    1'913

dl7M_tlf.a: [2]
    exit.o                          4
    low_level_init.o                4
    ---------------------------------------------------
    Total:                          8

m7M_tl.a: [3]
    ---------------------------------------------------
    Total:

rt7M_tl.a: [4]
    ABImemset_small.o              18
    I64DivMod_small.o             262
    I64DivZer.o                     2
    cexit.o                        10
    cmain.o                        30
    cstartup_M.o                   12
    data_init.o                    40
    lz77_init_single.o            120
    memset.o                       20
    strlen_small.o                 20
    zero_init3.o                   58
    ---------------------------------------------------
    Total:                        592

shb_l.a: [5]
    exit.o                         20
    ---------------------------------------------------
    Total:                         20

    Gaps                           12        2        4
    Linker created                          32    1'024
-------------------------------------------------------
    Grand Total:               19'236    2'064    2'941


*******************************************************************************
*** ENTRY LIST
***

Entry                       Address   Size  Type      Object
-----                       -------   ----  ----      ------
.iar.init_table$$Base    0x800'4c08          --   Gb  - Linker created -
.iar.init_table$$Limit   0x800'4c28          --   Gb  - Linker created -
?main                    0x800'4c49         Code  Gb  cmain.o [4]
AHBPrescTable            0x800'4c38   0x10  Data  Gb  system_stm32l1xx.o [1]
APBPrescTable            0x800'4f84    0x8  Data  Gb  system_stm32l1xx.o [1]
AppButton_Task           0x800'453d   0x40  Code  Gb  user_app_button.o [1]
AppCtrlOxy_Task          0x800'13d3   0x40  Code  Gb  user_app_ctrl_oxy.o [1]
AppLcd_Task              0x800'1205   0x40  Code  Gb  user_app_lcd.o [1]
AppMenu_Task             0x800'0a55   0x40  Code  Gb  user_app_menu_display.o [1]
AppRelay_Task            0x800'42b9   0x40  Code  Gb  user_app_relay.o [1]
AppRs485_Task            0x800'4665   0x40  Code  Gb  user_app_rs485.o [1]
BT_Menu_Calib_Oxy        0x800'088b   0x26  Code  Gb  user_app_menu_display.o [1]
BT_Menu_Login            0x800'0281  0x164  Code  Gb  user_app_menu_display.o [1]
BT_Menu_Main_1           0x800'0225   0x22  Code  Gb  user_app_menu_display.o [1]
BT_Menu_Main_2           0x800'0247   0x1e  Code  Gb  user_app_menu_display.o [1]
BT_Menu_Setting_Calib    0x800'05a1   0xaa  Code  Gb  user_app_menu_display.o [1]
BT_Menu_Setting_Cycle    0x800'04ad   0xf2  Code  Gb  user_app_menu_display.o [1]
BT_Menu_Setting_Main     0x800'03e5   0xb2  Code  Gb  user_app_menu_display.o [1]
BT_Menu_Setting_Password
                         0x800'071d  0x16e  Code  Gb  user_app_menu_display.o [1]
BT_Menu_Setting_Satility
                         0x800'065d   0x8a  Code  Gb  user_app_menu_display.o [1]
BusFault_Handler         0x800'4b8f    0x2  Code  Gb  stm32l1xx_it.o [1]
CSTACK$$Base            0x2000'0780          --   Gb  - Linker created -
CSTACK$$Limit           0x2000'0b80          --   Gb  - Linker created -
Check_Password           0x800'091b   0x44  Code  Gb  user_app_menu_display.o [1]
Clear_Rol_LCD            0x800'1045    0xa  Code  Gb  user_app_lcd.o [1]
Ctrl_Oxy1::StateBefore  0x2000'00ec    0x1  Data  Lc  user_app_ctrl_oxy.o [1]
Ctrl_Oxy2::StateBefore  0x2000'00ed    0x1  Data  Lc  user_app_ctrl_oxy.o [1]
Ctrl_Oxy3::StateBefore  0x2000'00ee    0x1  Data  Lc  user_app_ctrl_oxy.o [1]
DLCD_Calib_Oxy           0x800'0e75   0x1e  Code  Gb  user_app_lcd.o [1]
DLCD_Calib_Oxy_Entry     0x800'0d05    0xc  Code  Gb  user_app_lcd.o [1]
DLCD_Login               0x800'0f5f    0x6  Code  Gb  user_app_lcd.o [1]
DLCD_Login_Alter         0x800'0b9d   0x1c  Code  Gb  user_app_lcd.o [1]
DLCD_Login_Alter::stampPass1
                        0x2000'0758    0x2  Data  Lc  user_app_lcd.o [1]
DLCD_Login_Alter::stampPass2
                        0x2000'075a    0x2  Data  Lc  user_app_lcd.o [1]
DLCD_Login_Alter::stampPass3
                        0x2000'075c    0x2  Data  Lc  user_app_lcd.o [1]
DLCD_Login_Alter::stampPass4
                        0x2000'075e    0x2  Data  Lc  user_app_lcd.o [1]
DLCD_Login_Alter::stampPass5
                        0x2000'0760    0x2  Data  Lc  user_app_lcd.o [1]
DLCD_Login_Alter::stampPass6
                        0x2000'0762    0x2  Data  Lc  user_app_lcd.o [1]
DLCD_Login_Entry         0x800'0da5   0x2a  Code  Gb  user_app_lcd.o [1]
DLCD_Main_1              0x800'0fed   0x58  Code  Gb  user_app_lcd.o [1]
DLCD_Main_1_Alter        0x800'0c79   0x8c  Code  Gb  user_app_lcd.o [1]
DLCD_Main_1_Alter::stampOxyMgL
                        0x2000'01de    0x2  Data  Lc  user_app_lcd.o [1]
DLCD_Main_1_Alter::stampOxyPercent
                        0x2000'01e0    0x2  Data  Lc  user_app_lcd.o [1]
DLCD_Main_1_Alter::stampStateOxy1
                        0x2000'01d8    0x1  Data  Lc  user_app_lcd.o [1]
DLCD_Main_1_Alter::stampStateOxy2
                        0x2000'01d9    0x1  Data  Lc  user_app_lcd.o [1]
DLCD_Main_1_Alter::stampStateOxy3
                        0x2000'01da    0x1  Data  Lc  user_app_lcd.o [1]
DLCD_Main_1_Alter::stampTemp
                        0x2000'01dc    0x2  Data  Lc  user_app_lcd.o [1]
DLCD_Main_1_Entry        0x800'0e15   0x4a  Code  Gb  user_app_lcd.o [1]
DLCD_Main_2              0x800'0fad   0x34  Code  Gb  user_app_lcd.o [1]
DLCD_Main_2_Alter        0x800'0c1d   0x5c  Code  Gb  user_app_lcd.o [1]
DLCD_Main_2_Alter::stampStateOxy1
                        0x2000'070d    0x1  Data  Lc  user_app_lcd.o [1]
DLCD_Main_2_Alter::stampStateOxy2
                        0x2000'070e    0x1  Data  Lc  user_app_lcd.o [1]
DLCD_Main_2_Alter::stampStateOxy3
                        0x2000'070f    0x1  Data  Lc  user_app_lcd.o [1]
DLCD_Main_2_Entry        0x800'0dcf   0x46  Code  Gb  user_app_lcd.o [1]
DLCD_Setting_Calib       0x800'0f0f   0x1e  Code  Gb  user_app_lcd.o [1]
DLCD_Setting_Calib_Entry
                         0x800'0d6d   0x10  Code  Gb  user_app_lcd.o [1]
DLCD_Setting_Cycle       0x800'0ed7   0x38  Code  Gb  user_app_lcd.o [1]
DLCD_Setting_Cycle_Alter
                         0x800'0b77   0x26  Code  Gb  user_app_lcd.o [1]
DLCD_Setting_Cycle_Alter::stampFree
                        0x2000'0366    0x2  Data  Lc  user_app_lcd.o [1]
DLCD_Setting_Cycle_Alter::stampRun
                        0x2000'0364    0x2  Data  Lc  user_app_lcd.o [1]
DLCD_Setting_Cycle_Entry
                         0x800'0d4f   0x16  Code  Gb  user_app_lcd.o [1]
DLCD_Setting_Main        0x800'0f43   0x1c  Code  Gb  user_app_lcd.o [1]
DLCD_Setting_Main_Entry
                         0x800'0d89   0x1c  Code  Gb  user_app_lcd.o [1]
DLCD_Setting_Password    0x800'0e93    0xa  Code  Gb  user_app_lcd.o [1]
DLCD_Setting_Password_Alter
                         0x800'0b45   0x1c  Code  Gb  user_app_lcd.o [1]
DLCD_Setting_Password_Alter::stampPass1
                        0x2000'074c    0x2  Data  Lc  user_app_lcd.o [1]
DLCD_Setting_Password_Alter::stampPass2
                        0x2000'074e    0x2  Data  Lc  user_app_lcd.o [1]
DLCD_Setting_Password_Alter::stampPass3
                        0x2000'0750    0x2  Data  Lc  user_app_lcd.o [1]
DLCD_Setting_Password_Alter::stampPass4
                        0x2000'0752    0x2  Data  Lc  user_app_lcd.o [1]
DLCD_Setting_Password_Alter::stampPass5
                        0x2000'0754    0x2  Data  Lc  user_app_lcd.o [1]
DLCD_Setting_Password_Alter::stampPass6
                        0x2000'0756    0x2  Data  Lc  user_app_lcd.o [1]
DLCD_Setting_Password_Entry
                         0x800'0d11   0x24  Code  Gb  user_app_lcd.o [1]
DLCD_Setting_Satility    0x800'0e9d   0x3a  Code  Gb  user_app_lcd.o [1]
DLCD_Setting_Satility_Alter
                         0x800'0b61   0x16  Code  Gb  user_app_lcd.o [1]
DLCD_Setting_Satility_Alter::stampSatility
                        0x2000'0390    0x2  Data  Lc  user_app_lcd.o [1]
DLCD_Setting_Satility_Entry
                         0x800'0d35   0x1a  Code  Gb  user_app_lcd.o [1]
Data                    0x2000'077a    0x1  Data  Gb  GLCD192x64.o [1]
DebugMon_Handler         0x800'4b95    0x2  Code  Gb  stm32l1xx_it.o [1]
Display_Control_Setting_Left
                         0x800'104f   0x24  Code  Gb  user_app_lcd.o [1]
Display_Control_Setting_Right
                         0x800'1073   0x24  Code  Gb  user_app_lcd.o [1]
Display_Time             0x800'1097   0x5e  Code  Gb  user_app_lcd.o [1]
Display_Time::StateBefore
                        0x2000'0134    0x1  Data  Lc  user_app_lcd.o [1]
Display_Time::aData     0x2000'014c   0x14  Data  Lc  user_app_lcd.o [1]
Error_Handler            0x800'2d0d    0x4  Code  Gb  main.o [1]
FLASH_PageErase          0x800'2a45   0x22  Code  Gb  stm32l1xx_hal_flash_ex.o [1]
FLASH_SetErrorCode       0x800'29af   0x78  Code  Lc  stm32l1xx_hal_flash.o [1]
FLASH_WaitForLastOperation
                         0x800'294d   0x62  Code  Gb  stm32l1xx_hal_flash.o [1]
GLCD_ClearArea           0x800'1a73   0x32  Code  Gb  GLCD192x64.o [1]
GLCD_ClearScreen         0x800'1811   0x20  Code  Gb  GLCD192x64.o [1]
GLCD_DisableController   0x800'1527   0x18  Code  Gb  GLCD192x64.o [1]
GLCD_EnableController    0x800'14f7   0x30  Code  Gb  GLCD192x64.o [1]
GLCD_GoTo                0x800'16f3   0x56  Code  Gb  GLCD192x64.o [1]
GLCD_InitDataIn          0x800'18db   0x6e  Code  Gb  GLCD192x64.o [1]
GLCD_InitDataOut         0x800'1835   0x8a  Code  Gb  GLCD192x64.o [1]
GLCD_Initialize          0x800'1435   0x2a  Code  Gb  GLCD192x64.o [1]
GLCD_OutData             0x800'153f   0x8e  Code  Gb  GLCD192x64.o [1]
GLCD_OutData_Cmd         0x800'15d9   0x8e  Code  Gb  GLCD192x64.o [1]
GLCD_ReadByteData        0x800'1bbf   0x66  Code  Gb  GLCD192x64.o [1]
GLCD_ReadStatus          0x800'14a5   0x46  Code  Gb  GLCD192x64.o [1]
GLCD_Read_DataPin        0x800'1c41   0x82  Code  Gb  GLCD192x64.o [1]
GLCD_WriteByteData       0x800'1699   0x52  Code  Gb  GLCD192x64.o [1]
GLCD_WriteCharacter      0x800'1749   0x48  Code  Gb  GLCD192x64.o [1]
GLCD_WriteCommand        0x800'145f   0x46  Code  Gb  GLCD192x64.o [1]
GLCD_WriteString         0x800'179b   0x76  Code  Gb  GLCD192x64.o [1]
GLCD_Write_Float_Not_Zero
                         0x800'197b   0xea  Code  Gb  GLCD192x64.o [1]
GLCD_Write_Integer_Not_Zero
                         0x800'1ce9   0x42  Code  Gb  GLCD192x64.o [1]
GMCU_LCD_DrawPixel       0x800'1aa5   0x54  Code  Gb  GLCD192x64.o [1]
GPIO_ResetBits           0x800'14f1    0x6  Code  Gb  GLCD192x64.o [1]
GPIO_SetBits             0x800'14eb    0x6  Code  Gb  GLCD192x64.o [1]
HAL_DMA_Abort            0x800'47c9   0x44  Code  Gb  stm32l1xx_hal_dma.o [1]
HAL_DMA_Abort_IT         0x800'480d   0x44  Code  Gb  stm32l1xx_hal_dma.o [1]
HAL_Delay                0x800'4275   0x28  Code  Wk  stm32l1xx_hal.o [1]
HAL_FLASH_Lock           0x800'293d    0xa  Code  Gb  stm32l1xx_hal_flash.o [1]
HAL_FLASH_Program        0x800'28d5   0x36  Code  Gb  stm32l1xx_hal_flash.o [1]
HAL_FLASH_Unlock         0x800'290b   0x32  Code  Gb  stm32l1xx_hal_flash.o [1]
HAL_GPIO_Init            0x800'26ed  0x19e  Code  Gb  stm32l1xx_hal_gpio.o [1]
HAL_GPIO_ReadPin         0x800'288b    0xc  Code  Gb  stm32l1xx_hal_gpio.o [1]
HAL_GPIO_WritePin        0x800'2897    0x8  Code  Gb  stm32l1xx_hal_gpio.o [1]
HAL_GetTick              0x800'1e39    0xc  Code  Wk  stm32l1xx_hal.o [1]
HAL_I2C_Init             0x800'40a9  0x12c  Code  Gb  stm32l1xx_hal_i2c.o [1]
HAL_I2C_MspInit          0x800'3159   0x5e  Code  Gb  i2c.o [1]
HAL_IncTick              0x800'4bd1   0x10  Code  Wk  stm32l1xx_hal.o [1]
HAL_Init                 0x800'2eb9   0x1e  Code  Gb  stm32l1xx_hal.o [1]
HAL_InitTick             0x800'3951   0x44  Code  Wk  stm32l1xx_hal.o [1]
HAL_MspInit              0x800'3995   0x44  Code  Gb  stm32l1xx_hal_msp.o [1]
HAL_NVIC_EnableIRQ       0x800'2e63   0x16  Code  Gb  stm32l1xx_hal_cortex.o [1]
HAL_NVIC_SetPriority     0x800'2e29   0x3a  Code  Gb  stm32l1xx_hal_cortex.o [1]
HAL_NVIC_SetPriorityGrouping
                         0x800'2e0f   0x1a  Code  Gb  stm32l1xx_hal_cortex.o [1]
HAL_RCCEx_PeriphCLKConfig
                         0x800'3845   0xfe  Code  Gb  stm32l1xx_hal_rcc_ex.o [1]
HAL_RCC_ClockConfig      0x800'35bb  0x138  Code  Gb  stm32l1xx_hal_rcc.o [1]
HAL_RCC_GetPCLK1Freq     0x800'3773   0x10  Code  Gb  stm32l1xx_hal_rcc.o [1]
HAL_RCC_GetPCLK2Freq     0x800'3783    0xe  Code  Gb  stm32l1xx_hal_rcc.o [1]
HAL_RCC_GetSysClockFreq
                         0x800'3715   0x5e  Code  Gb  stm32l1xx_hal_rcc.o [1]
HAL_RCC_OscConfig        0x800'3201  0x3a0  Code  Gb  stm32l1xx_hal_rcc.o [1]
HAL_RTCEx_AlarmBEventCallback
                         0x800'2b7d    0x2  Code  Wk  stm32l1xx_hal_rtc_ex.o [1]
HAL_RTCEx_SetWakeUpTimer
                         0x800'2d11   0x90  Code  Gb  stm32l1xx_hal_rtc_ex.o [1]
HAL_RTC_AlarmAEventCallback
                         0x800'2b71    0x6  Code  Gb  user_rtc.o [1]
HAL_RTC_AlarmIRQHandler
                         0x800'2235   0x4a  Code  Gb  stm32l1xx_hal_rtc.o [1]
HAL_RTC_GetDate          0x800'206d   0x3c  Code  Gb  stm32l1xx_hal_rtc.o [1]
HAL_RTC_GetTime          0x800'1f99   0x42  Code  Gb  stm32l1xx_hal_rtc.o [1]
HAL_RTC_Init             0x800'1e45   0x98  Code  Gb  stm32l1xx_hal_rtc.o [1]
HAL_RTC_MspInit          0x800'2b3d   0x26  Code  Gb  rtc.o [1]
HAL_RTC_SetAlarm_IT      0x800'20af  0x168  Code  Gb  stm32l1xx_hal_rtc.o [1]
HAL_RTC_SetDate          0x800'1fe1   0x8c  Code  Gb  stm32l1xx_hal_rtc.o [1]
HAL_RTC_SetTime          0x800'1edd   0xac  Code  Gb  stm32l1xx_hal_rtc.o [1]
HAL_RTC_WaitForSynchro   0x800'22a7   0x30  Code  Gb  stm32l1xx_hal_rtc.o [1]
HAL_SYSTICK_Config       0x800'2e79   0x28  Code  Gb  stm32l1xx_hal_cortex.o [1]
HAL_TIM_Base_Init        0x800'237d   0x1a  Code  Gb  stm32l1xx_hal_tim.o [1]
HAL_TIM_Base_MspInit     0x800'2c03   0x34  Code  Gb  tim.o [1]
HAL_TIM_Base_Start_IT    0x800'2397   0x5c  Code  Gb  stm32l1xx_hal_tim.o [1]
HAL_TIM_ConfigClockSource
                         0x800'2539   0xaa  Code  Gb  stm32l1xx_hal_tim.o [1]
HAL_TIM_IRQHandler       0x800'2425  0x10e  Code  Gb  stm32l1xx_hal_tim.o [1]
HAL_TIM_PeriodElapsedCallback
                         0x800'13d1    0x2  Code  Gb  user_app_ctrl_oxy.o [1]
HAL_UART_IRQHandler      0x800'3b41  0x276  Code  Gb  stm32l1xx_hal_uart.o [1]
HAL_UART_Init            0x800'39d9   0x1e  Code  Gb  stm32l1xx_hal_uart.o [1]
HAL_UART_MspInit         0x800'3053   0xa2  Code  Gb  usart.o [1]
HAL_UART_Receive_IT      0x800'3af5   0x26  Code  Gb  stm32l1xx_hal_uart.o [1]
HAL_UART_RxCpltCallback
                         0x800'4215   0x54  Code  Gb  user_uart.o [1]
HAL_UART_Transmit        0x800'3a53   0x9a  Code  Gb  stm32l1xx_hal_uart.o [1]
Handle_Menu_Button       0x800'08b1   0x6a  Code  Gb  user_app_menu_display.o [1]
HardFault_Handler        0x800'4b8b    0x2  Code  Gb  stm32l1xx_it.o [1]
ID                      0x2000'0120   0x14  Data  Gb  user_app_lcd.o [1]
Init_AppCtrlOxy          0x800'13c1   0x10  Code  Gb  user_app_ctrl_oxy.o [1]
Init_AppLcd              0x800'1201    0x4  Code  Gb  user_app_lcd.o [1]
Init_AppMenuDisplay      0x800'0a53    0x2  Code  Gb  user_app_menu_display.o [1]
Init_Password            0x800'09c3   0x58  Code  Gb  user_app_menu_display.o [1]
Init_Time_Ctrl_Oxy       0x800'1395   0x2c  Code  Gb  user_app_ctrl_oxy.o [1]
Init_Uart_Module         0x800'41f9   0x16  Code  Gb  user_uart.o [1]
LCD128X64_DrawLine       0x800'1af9   0xc6  Code  Gb  GLCD192x64.o [1]
MX_GPIO_Init             0x800'2ed9   0xfe  Code  Gb  gpio.o [1]
MX_I2C1_Init             0x800'3129   0x30  Code  Gb  i2c.o [1]
MX_RTC_Init              0x800'2a71   0xcc  Code  Gb  rtc.o [1]
MX_TIM11_Init            0x800'2bb9   0x4a  Code  Gb  tim.o [1]
MX_USART1_UART_Init      0x800'3009   0x16  Code  Gb  usart.o [1]
MX_USART3_UART_Init      0x800'301f   0x16  Code  Gb  usart.o [1]
Main_Task                0x800'31cd   0x32  Code  Gb  user_app_comm.o [1]
MemManage_Handler        0x800'4b8d    0x2  Code  Gb  stm32l1xx_it.o [1]
Menu_ResetState          0x800'0a49    0xa  Code  Gb  user_app_menu_display.o [1]
ModRTU_CRC               0x800'486d   0x30  Code  Gb  user_modbus_rtu.o [1]
ModRTU_Master_Read_Frame
                         0x800'489d   0x3c  Code  Gb  user_modbus_rtu.o [1]
NMI_Handler              0x800'4b89    0x2  Code  Gb  stm32l1xx_it.o [1]
OnchipFlashPageErase     0x800'1d9d   0x36  Code  Gb  onchipflash.o [1]
OnchipFlashWriteData     0x800'1d45   0x50  Code  Gb  onchipflash.o [1]
PLLMulTable              0x800'4c2c    0xc  Data  Gb  system_stm32l1xx.o [1]
PendSV_Handler           0x800'4b97    0x2  Code  Gb  stm32l1xx_it.o [1]
RCC_SetFlashLatencyFromMSIRange
                         0x800'3797   0x72  Code  Lc  stm32l1xx_hal_rcc.o [1]
RTC_Alarm_IRQHandler     0x800'4bb7    0x6  Code  Gb  stm32l1xx_it.o [1]
RTC_Bcd2ToByte           0x800'2359   0x10  Code  Gb  stm32l1xx_hal_rtc.o [1]
RTC_ByteToBcd2           0x800'2343   0x16  Code  Gb  stm32l1xx_hal_rtc.o [1]
RTC_EnterInitMode        0x800'22d7   0x42  Code  Gb  stm32l1xx_hal_rtc.o [1]
RTC_ExitInitMode         0x800'2319   0x2a  Code  Gb  stm32l1xx_hal_rtc.o [1]
Region$$Table$$Base      0x800'4c08          --   Gb  - Linker created -
Region$$Table$$Limit     0x800'4c28          --   Gb  - Linker created -
RtCountSystick_u32      0x2000'0770    0x4  Data  Gb  user_util.o [1]
SVC_Handler              0x800'4b93    0x2  Code  Gb  stm32l1xx_it.o [1]
Save_Array               0x800'1dd9   0x10  Code  Gb  onchipflash.o [1]
Save_Password            0x800'095f   0x64  Code  Gb  user_app_menu_display.o [1]
Save_Satility_Flash      0x800'1373   0x22  Code  Gb  user_app_ctrl_oxy.o [1]
Save_Time_Ctrl_Flash     0x800'133b   0x38  Code  Gb  user_app_ctrl_oxy.o [1]
Stamp_Menu_Exit          0x800'0a1b   0x2e  Code  Gb  user_app_menu_display.o [1]
SysTick_Handler          0x800'4b99    0xc  Code  Gb  stm32l1xx_it.o [1]
SystemClock_Config       0x800'2c75   0x92  Code  Gb  main.o [1]
SystemCoreClock         0x2000'000c    0x4  Data  Gb  system_stm32l1xx.o [1]
SystemInit               0x800'4c29    0x2  Code  Gb  system_stm32l1xx.o [1]
TIM11_IRQHandler         0x800'4ba5    0x6  Code  Gb  stm32l1xx_it.o [1]
TIM_Base_SetConfig       0x800'25fd   0x68  Code  Lc  stm32l1xx_hal_tim.o [1]
TIM_ETR_SetConfig        0x800'26d3   0x14  Code  Lc  stm32l1xx_hal_tim.o [1]
TIM_ITRx_SetConfig       0x800'26c3   0x10  Code  Lc  stm32l1xx_hal_tim.o [1]
TIM_TI1_ConfigInputStage
                         0x800'2681   0x1e  Code  Lc  stm32l1xx_hal_tim.o [1]
TIM_TI2_ConfigInputStage
                         0x800'269f   0x24  Code  Lc  stm32l1xx_hal_tim.o [1]
TimeOnLcd               0x2000'0778    0x1  Data  Gb  GLCD192x64.o [1]
Time_To_Char             0x800'10fd   0x96  Code  Gb  user_app_lcd.o [1]
UART_DMAAbortOnError     0x800'3f1d    0xc  Code  Lc  stm32l1xx_hal_uart.o [1]
UART_EndRxTransfer       0x800'3edb   0x34  Code  Lc  stm32l1xx_hal_uart.o [1]
UART_Receive_IT          0x800'3f29   0xae  Code  Lc  stm32l1xx_hal_uart.o [1]
UART_SetConfig           0x800'3ff3   0x9a  Code  Lc  stm32l1xx_hal_uart.o [1]
UART_Start_Receive_IT    0x800'3e95   0x30  Code  Gb  stm32l1xx_hal_uart.o [1]
UART_WaitOnFlagUntilTimeout
                         0x800'3e01   0x5c  Code  Lc  stm32l1xx_hal_uart.o [1]
USART1_IRQHandler        0x800'4bab    0x6  Code  Gb  stm32l1xx_it.o [1]
USART3_IRQHandler        0x800'4bb1    0x6  Code  Gb  stm32l1xx_it.o [1]
UTIL_MEM_set             0x800'48d9    0xe  Code  Gb  user_util.o [1]
Uart485Buff             0x2000'06a0   0x34  Data  Gb  user_uart.o [1]
Uart485RxByte           0x2000'04fd    0x1  Data  Gb  user_uart.o [1]
UartDebugBuff           0x2000'0518   0x64  Data  Gb  user_uart.o [1]
UartDebugRxByte         0x2000'04fc    0x1  Data  Gb  user_uart.o [1]
Uint_To_Char_Location    0x800'11c5   0x3c  Code  Gb  user_app_lcd.o [1]
UsageFault_Handler       0x800'4b91    0x2  Code  Gb  stm32l1xx_it.o [1]
User_Button_Down_Click   0x800'01e1    0x4  Code  Gb  user_app_menu_display.o [1]
User_Button_Down_Hold_Cycle
                         0x800'01f1    0x4  Code  Gb  user_app_menu_display.o [1]
User_Button_Down_Hold_Once
                         0x800'0221    0x4  Code  Gb  user_app_menu_display.o [1]
User_Button_Enter_Click
                         0x800'01d5    0x4  Code  Gb  user_app_menu_display.o [1]
User_Button_Enter_Hold_Cycle
                         0x800'01e5    0x4  Code  Gb  user_app_menu_display.o [1]
User_Button_Enter_Hold_Once
                         0x800'01f5    0x4  Code  Gb  user_app_menu_display.o [1]
User_Button_Exit_Click   0x800'01d9    0x4  Code  Gb  user_app_menu_display.o [1]
User_Button_Exit_Hold_Cycle
                         0x800'01e9    0x4  Code  Gb  user_app_menu_display.o [1]
User_Button_Exit_Hold_Once
                         0x800'01f9   0x24  Code  Gb  user_app_menu_display.o [1]
User_Button_Up_Click     0x800'01dd    0x4  Code  Gb  user_app_menu_display.o [1]
User_Button_Up_Hold_Cycle
                         0x800'01ed    0x4  Code  Gb  user_app_menu_display.o [1]
User_Button_Up_Hold_Once
                         0x800'021d    0x4  Code  Gb  user_app_menu_display.o [1]
__NVIC_SetPriority       0x800'2df5   0x1a  Code  Lc  stm32l1xx_hal_cortex.o [1]
__aeabi_ldiv0            0x800'48e9         Code  Gb  I64DivZer.o [4]
__cmain                  0x800'4c49         Code  Gb  cmain.o [4]
__exit                   0x800'4c7d   0x14  Code  Gb  exit.o [5]
__iar_data_init3         0x800'4be1   0x28  Code  Gb  data_init.o [4]
__iar_lz77_init_single3
                         0x800'4b11   0x78  Code  Gb  lz77_init_single.o [4]
__iar_program_start      0x800'4f79         Code  Gb  cstartup_M.o [4]
__iar_small_Memset       0x800'2369         Code  Gb  ABImemset_small.o [4]
__iar_small_Memset_word
                         0x800'2369         Code  Gb  ABImemset_small.o [4]
__iar_small_memset       0x800'2369         Code  Gb  ABImemset_small.o [4]
__iar_small_strlen       0x800'28c1         Code  Gb  strlen_small.o [4]
__iar_small_uldivmod     0x800'46c1         Code  Gb  I64DivMod_small.o [4]
__iar_zero_init3         0x800'2b7f   0x3a  Code  Gb  zero_init3.o [4]
__low_level_init         0x800'4c67    0x4  Code  Gb  low_level_init.o [2]
__vector_table           0x800'0000         Data  Gb  startup_stm32l151xc.o [1]
_call_main               0x800'4c55         Code  Gb  cmain.o [4]
_exit                    0x800'4c71         Code  Gb  cexit.o [4]
_main                    0x800'4c63         Code  Gb  cmain.o [4]
cTime_RTC               0x2000'0138   0x14  Data  Gb  user_app_lcd.o [1]
exit                     0x800'4c6b    0x4  Code  Gb  exit.o [2]
fevent_active            0x800'12a5   0x10  Code  Gb  event_driven.o [1]
fevent_button_click_down
                         0x800'4419   0x48  Code  Lc  user_app_button.o [1]
fevent_button_click_down::state_before
                        0x2000'0515    0x1  Data  Lc  user_app_button.o [1]
fevent_button_click_down::state_current
                        0x2000'0514    0x1  Data  Lc  user_app_button.o [1]
fevent_button_click_enter
                         0x800'4301   0x4a  Code  Lc  user_app_button.o [1]
fevent_button_click_enter::state_before
                        0x2000'0511    0x1  Data  Lc  user_app_button.o [1]
fevent_button_click_enter::state_current
                        0x2000'0510    0x1  Data  Lc  user_app_button.o [1]
fevent_button_click_exit
                         0x800'44af   0x4e  Code  Lc  user_app_button.o [1]
fevent_button_click_exit::state_before
                        0x2000'0517    0x1  Data  Lc  user_app_button.o [1]
fevent_button_click_exit::state_current
                        0x2000'0516    0x1  Data  Lc  user_app_button.o [1]
fevent_button_click_up   0x800'437d   0x4a  Code  Lc  user_app_button.o [1]
fevent_button_click_up::state_before
                        0x2000'0513    0x1  Data  Lc  user_app_button.o [1]
fevent_button_click_up::state_current
                        0x2000'0512    0x1  Data  Lc  user_app_button.o [1]
fevent_button_entry      0x800'42fd    0x4  Code  Lc  user_app_button.o [1]
fevent_button_hold_down
                         0x800'446d   0x32  Code  Lc  user_app_button.o [1]
fevent_button_hold_enter
                         0x800'434b   0x32  Code  Lc  user_app_button.o [1]
fevent_button_hold_exit
                         0x800'44fd   0x36  Code  Lc  user_app_button.o [1]
fevent_button_hold_up    0x800'43d7   0x30  Code  Lc  user_app_button.o [1]
fevent_control_led_status
                         0x800'42ab    0xe  Code  Lc  user_app_relay.o [1]
fevent_ctrl_oxy_0_calib
                         0x800'130d    0x6  Code  Lc  user_app_ctrl_oxy.o [1]
fevent_ctrl_oxy_0_calib::countstate
                        0x2000'077b    0x1  Data  Lc  user_app_ctrl_oxy.o [1]
fevent_ctrl_oxy_100_calib
                         0x800'1313    0x4  Code  Lc  user_app_ctrl_oxy.o [1]
fevent_ctrl_oxy_100_calib::countstate
                        0x2000'077c    0x1  Data  Lc  user_app_ctrl_oxy.o [1]
fevent_ctrl_oxy_entry    0x800'12d5    0x4  Code  Lc  user_app_ctrl_oxy.o [1]
fevent_ctrl_oxy_gettick
                         0x800'12d9   0x34  Code  Lc  user_app_ctrl_oxy.o [1]
fevent_ctrl_oxy_gettick::Check_Gettick
                        0x2000'00e0    0x4  Data  Lc  user_app_ctrl_oxy.o [1]
fevent_disable           0x800'12c9    0xc  Code  Gb  event_driven.o [1]
fevent_enable            0x800'12b5   0x14  Code  Gb  event_driven.o [1]
fevent_lcd_entry         0x800'0ac9   0x38  Code  Lc  user_app_lcd.o [1]
fevent_lcd_get_time_rtc
                         0x800'0b01   0x44  Code  Lc  user_app_lcd.o [1]
fevent_lcd_get_time_rtc::check_RTC
                        0x2000'070c    0x1  Data  Lc  user_app_lcd.o [1]
fevent_menu_display_alter
                         0x800'0131   0x46  Code  Lc  user_app_menu_display.o [1]
fevent_menu_display_back_main_1
                         0x800'01af   0x26  Code  Lc  user_app_menu_display.o [1]
fevent_menu_display_calib_oxy
                         0x800'0177   0x30  Code  Lc  user_app_menu_display.o [1]
fevent_menu_entry        0x800'0125    0xa  Code  Lc  user_app_menu_display.o [1]
fevent_relay_entry       0x800'429d    0xe  Code  Lc  user_app_relay.o [1]
fevent_rs485_entry       0x800'4599    0xe  Code  Lc  user_app_rs485.o [1]
fevent_rs485_receive_complete
                         0x800'4657    0xe  Code  Lc  user_app_rs485.o [1]
fevent_rs485_receive_handle
                         0x800'462d   0x2a  Code  Lc  user_app_rs485.o [1]
fevent_rs485_receive_handle::countBuffer_uart
                        0x2000'0776    0x2  Data  Lc  user_app_rs485.o [1]
fevent_rs485_transmit    0x800'45a9   0x7a  Code  Lc  user_app_rs485.o [1]
font5x8                  0x800'48ec  0x224  Data  Lc  GLCD192x64.o [1]
hi2c1                   0x2000'057c   0x54  Data  Gb  i2c.o [1]
hrtc                    0x2000'06d4   0x20  Data  Gb  rtc.o [1]
htim11                  0x2000'0660   0x40  Data  Gb  tim.o [1]
huart1                  0x2000'05d0   0x48  Data  Gb  usart.o [1]
huart3                  0x2000'0618   0x48  Data  Gb  usart.o [1]
main                     0x800'2c4d   0x28  Code  Gb  main.o [1]
memset                   0x800'1d31   0x14  Code  Gb  memset.o [4]
oLCD_C_Calib_Oxy        0x2000'0424   0x38  Data  Gb  user_app_lcd.o [1]
oLCD_C_Login            0x2000'024c   0x60  Data  Gb  user_app_lcd.o [1]
oLCD_C_Main_1           0x2000'0160   0x60  Data  Gb  user_app_lcd.o [1]
oLCD_C_Main_2           0x2000'01e4   0x58  Data  Gb  user_app_lcd.o [1]
oLCD_C_Setting_Calib    0x2000'030c   0x20  Data  Gb  user_app_lcd.o [1]
oLCD_C_Setting_Cycle    0x2000'032c   0x28  Data  Gb  user_app_lcd.o [1]
oLCD_C_Setting_Main     0x2000'02dc   0x30  Data  Gb  user_app_lcd.o [1]
oLCD_C_Setting_Password
                        0x2000'0394   0x60  Data  Gb  user_app_lcd.o [1]
oLCD_C_Setting_Satility
                        0x2000'0368   0x20  Data  Gb  user_app_lcd.o [1]
oLCD_U_Login            0x2000'02ac   0x30  Data  Gb  user_app_lcd.o [1]
oLCD_U_Main_1           0x2000'01c0   0x18  Data  Gb  user_app_lcd.o [1]
oLCD_U_Main_2           0x2000'023c   0x10  Data  Gb  user_app_lcd.o [1]
oLCD_U_Setting_Cycle    0x2000'0354   0x10  Data  Gb  user_app_lcd.o [1]
oLCD_U_Setting_Password
                        0x2000'03f4   0x30  Data  Gb  user_app_lcd.o [1]
oLCD_U_Setting_Satility
                        0x2000'0388    0x8  Data  Gb  user_app_lcd.o [1]
pFlash                  0x2000'0710   0x18  Data  Gb  stm32l1xx_hal_flash.o [1]
pModemProcessIRQTimer   0x2000'076c    0x4  Data  Gb  user_rtc.o [1]
sDate                   0x2000'06f4    0x4  Data  Gb  user_app_lcd.o [1]
sEventAppButton         0x2000'0010   0x90  Data  Gb  user_app_button.o [1]
sEventAppCtrlOxy        0x2000'00a0   0x40  Data  Gb  user_app_ctrl_oxy.o [1]
sEventAppLcd            0x2000'0100   0x20  Data  Gb  user_app_lcd.o [1]
sEventAppMenu           0x2000'045c   0x40  Data  Gb  user_app_menu_display.o [1]
sEventAppRelay          0x2000'049c   0x20  Data  Gb  user_app_relay.o [1]
sEventAppRs485          0x2000'04bc   0x40  Data  Gb  user_app_rs485.o [1]
sMenuStamp              0x2000'0728    0xc  Data  Gb  user_app_menu_display.o [1]
sMenuState              0x2000'0734    0xc  Data  Gb  user_app_menu_display.o [1]
sParamCtrlOxy           0x2000'00e4    0x8  Data  Gb  user_app_ctrl_oxy.o [1]
sParamMeasure           0x2000'0764    0x8  Data  Gb  user_app_ctrl_oxy.o [1]
sPassword               0x2000'0740    0xc  Data  Gb  user_app_ctrl_oxy.o [1]
sTime                   0x2000'06f8   0x14  Data  Gb  user_app_lcd.o [1]
sTimeCtrlOxy            0x2000'00f0   0x10  Data  Gb  user_app_ctrl_oxy.o [1]
sUart485                0x2000'0508    0x8  Data  Gb  user_uart.o [1]
sUartDebug              0x2000'0500    0x8  Data  Gb  user_uart.o [1]
screen_x                0x2000'0774    0x1  Data  Gb  GLCD192x64.o [1]
screen_y                0x2000'0775    0x1  Data  Gb  GLCD192x64.o [1]
status                  0x2000'0779    0x1  Data  Gb  GLCD192x64.o [1]
uwTick                  0x2000'0000    0x4  Data  Gb  stm32l1xx_hal.o [1]
uwTickFreq              0x2000'0008    0x4  Data  Gb  stm32l1xx_hal.o [1]
uwTickPrio              0x2000'0004    0x4  Data  Gb  stm32l1xx_hal.o [1]


[1] = D:\Project_STM32\Project_Oxygen\EWARM\Project_Oxygen\Obj
[2] = dl7M_tlf.a
[3] = m7M_tl.a
[4] = rt7M_tl.a
[5] = shb_l.a

  19'236 bytes of readonly  code memory
   2'064 bytes of readonly  data memory
   2'941 bytes of readwrite data memory

Errors: none
Warnings: none
