###############################################################################
#
# IAR ELF Linker V8.40.2.214/W32 for ARM                  20/Feb/2024  09:35:18
# Copyright 2007-2019 IAR Systems AB.
#
#    Output file  =
#        D:\Saoviet_Bitbucket\Saoviet_Control_Oxy\Project_Ver_EC200U\Project_Control_Oxy_Ver_3\EWARM\Project_Control_Oxy\Exe\Project_Control_Oxy.out
#    Map file     =
#        D:\Saoviet_Bitbucket\Saoviet_Control_Oxy\Project_Ver_EC200U\Project_Control_Oxy_Ver_3\EWARM\Project_Control_Oxy\List\Project_Control_Oxy.map
#    Command line =
#        -f C:\Users\PC\AppData\Local\Temp\EWB266.tmp
#        (D:\Saoviet_Bitbucket\Saoviet_Control_Oxy\Project_Ver_EC200U\Project_Control_Oxy_Ver_3\EWARM\Project_Control_Oxy\Obj\cat24mxx.o
#        D:\Saoviet_Bitbucket\Saoviet_Control_Oxy\Project_Ver_EC200U\Project_Control_Oxy_Ver_3\EWARM\Project_Control_Oxy\Obj\dma.o
#        D:\Saoviet_Bitbucket\Saoviet_Control_Oxy\Project_Ver_EC200U\Project_Control_Oxy_Ver_3\EWARM\Project_Control_Oxy\Obj\event_driven.o
#        D:\Saoviet_Bitbucket\Saoviet_Control_Oxy\Project_Ver_EC200U\Project_Control_Oxy_Ver_3\EWARM\Project_Control_Oxy\Obj\GLCD192x64.o
#        D:\Saoviet_Bitbucket\Saoviet_Control_Oxy\Project_Ver_EC200U\Project_Control_Oxy_Ver_3\EWARM\Project_Control_Oxy\Obj\gpio.o
#        D:\Saoviet_Bitbucket\Saoviet_Control_Oxy\Project_Ver_EC200U\Project_Control_Oxy_Ver_3\EWARM\Project_Control_Oxy\Obj\i2c.o
#        D:\Saoviet_Bitbucket\Saoviet_Control_Oxy\Project_Ver_EC200U\Project_Control_Oxy_Ver_3\EWARM\Project_Control_Oxy\Obj\iwdg.o
#        D:\Saoviet_Bitbucket\Saoviet_Control_Oxy\Project_Ver_EC200U\Project_Control_Oxy_Ver_3\EWARM\Project_Control_Oxy\Obj\main.o
#        D:\Saoviet_Bitbucket\Saoviet_Control_Oxy\Project_Ver_EC200U\Project_Control_Oxy_Ver_3\EWARM\Project_Control_Oxy\Obj\MQTTConnectClient.o
#        D:\Saoviet_Bitbucket\Saoviet_Control_Oxy\Project_Ver_EC200U\Project_Control_Oxy_Ver_3\EWARM\Project_Control_Oxy\Obj\MQTTConnectServer.o
#        D:\Saoviet_Bitbucket\Saoviet_Control_Oxy\Project_Ver_EC200U\Project_Control_Oxy_Ver_3\EWARM\Project_Control_Oxy\Obj\MQTTDeserializePublish.o
#        D:\Saoviet_Bitbucket\Saoviet_Control_Oxy\Project_Ver_EC200U\Project_Control_Oxy_Ver_3\EWARM\Project_Control_Oxy\Obj\MQTTFormat.o
#        D:\Saoviet_Bitbucket\Saoviet_Control_Oxy\Project_Ver_EC200U\Project_Control_Oxy_Ver_3\EWARM\Project_Control_Oxy\Obj\MQTTPacket.o
#        D:\Saoviet_Bitbucket\Saoviet_Control_Oxy\Project_Ver_EC200U\Project_Control_Oxy_Ver_3\EWARM\Project_Control_Oxy\Obj\MQTTSerializePublish.o
#        D:\Saoviet_Bitbucket\Saoviet_Control_Oxy\Project_Ver_EC200U\Project_Control_Oxy_Ver_3\EWARM\Project_Control_Oxy\Obj\MQTTSubscribeClient.o
#        D:\Saoviet_Bitbucket\Saoviet_Control_Oxy\Project_Ver_EC200U\Project_Control_Oxy_Ver_3\EWARM\Project_Control_Oxy\Obj\MQTTSubscribeServer.o
#        D:\Saoviet_Bitbucket\Saoviet_Control_Oxy\Project_Ver_EC200U\Project_Control_Oxy_Ver_3\EWARM\Project_Control_Oxy\Obj\MQTTUnsubscribeClient.o
#        D:\Saoviet_Bitbucket\Saoviet_Control_Oxy\Project_Ver_EC200U\Project_Control_Oxy_Ver_3\EWARM\Project_Control_Oxy\Obj\MQTTUnsubscribeServer.o
#        D:\Saoviet_Bitbucket\Saoviet_Control_Oxy\Project_Ver_EC200U\Project_Control_Oxy_Ver_3\EWARM\Project_Control_Oxy\Obj\onchipflash.o
#        D:\Saoviet_Bitbucket\Saoviet_Control_Oxy\Project_Ver_EC200U\Project_Control_Oxy_Ver_3\EWARM\Project_Control_Oxy\Obj\queue_p.o
#        D:\Saoviet_Bitbucket\Saoviet_Control_Oxy\Project_Ver_EC200U\Project_Control_Oxy_Ver_3\EWARM\Project_Control_Oxy\Obj\rtc.o
#        D:\Saoviet_Bitbucket\Saoviet_Control_Oxy\Project_Ver_EC200U\Project_Control_Oxy_Ver_3\EWARM\Project_Control_Oxy\Obj\startup_stm32l151xc.o
#        D:\Saoviet_Bitbucket\Saoviet_Control_Oxy\Project_Ver_EC200U\Project_Control_Oxy_Ver_3\EWARM\Project_Control_Oxy\Obj\stm32l1xx_hal.o
#        D:\Saoviet_Bitbucket\Saoviet_Control_Oxy\Project_Ver_EC200U\Project_Control_Oxy_Ver_3\EWARM\Project_Control_Oxy\Obj\stm32l1xx_hal_cortex.o
#        D:\Saoviet_Bitbucket\Saoviet_Control_Oxy\Project_Ver_EC200U\Project_Control_Oxy_Ver_3\EWARM\Project_Control_Oxy\Obj\stm32l1xx_hal_dma.o
#        D:\Saoviet_Bitbucket\Saoviet_Control_Oxy\Project_Ver_EC200U\Project_Control_Oxy_Ver_3\EWARM\Project_Control_Oxy\Obj\stm32l1xx_hal_exti.o
#        D:\Saoviet_Bitbucket\Saoviet_Control_Oxy\Project_Ver_EC200U\Project_Control_Oxy_Ver_3\EWARM\Project_Control_Oxy\Obj\stm32l1xx_hal_flash.o
#        D:\Saoviet_Bitbucket\Saoviet_Control_Oxy\Project_Ver_EC200U\Project_Control_Oxy_Ver_3\EWARM\Project_Control_Oxy\Obj\stm32l1xx_hal_flash_ex.o
#        D:\Saoviet_Bitbucket\Saoviet_Control_Oxy\Project_Ver_EC200U\Project_Control_Oxy_Ver_3\EWARM\Project_Control_Oxy\Obj\stm32l1xx_hal_flash_ramfunc.o
#        D:\Saoviet_Bitbucket\Saoviet_Control_Oxy\Project_Ver_EC200U\Project_Control_Oxy_Ver_3\EWARM\Project_Control_Oxy\Obj\stm32l1xx_hal_gpio.o
#        D:\Saoviet_Bitbucket\Saoviet_Control_Oxy\Project_Ver_EC200U\Project_Control_Oxy_Ver_3\EWARM\Project_Control_Oxy\Obj\stm32l1xx_hal_i2c.o
#        D:\Saoviet_Bitbucket\Saoviet_Control_Oxy\Project_Ver_EC200U\Project_Control_Oxy_Ver_3\EWARM\Project_Control_Oxy\Obj\stm32l1xx_hal_iwdg.o
#        D:\Saoviet_Bitbucket\Saoviet_Control_Oxy\Project_Ver_EC200U\Project_Control_Oxy_Ver_3\EWARM\Project_Control_Oxy\Obj\stm32l1xx_hal_msp.o
#        D:\Saoviet_Bitbucket\Saoviet_Control_Oxy\Project_Ver_EC200U\Project_Control_Oxy_Ver_3\EWARM\Project_Control_Oxy\Obj\stm32l1xx_hal_pwr.o
#        D:\Saoviet_Bitbucket\Saoviet_Control_Oxy\Project_Ver_EC200U\Project_Control_Oxy_Ver_3\EWARM\Project_Control_Oxy\Obj\stm32l1xx_hal_pwr_ex.o
#        D:\Saoviet_Bitbucket\Saoviet_Control_Oxy\Project_Ver_EC200U\Project_Control_Oxy_Ver_3\EWARM\Project_Control_Oxy\Obj\stm32l1xx_hal_rcc.o
#        D:\Saoviet_Bitbucket\Saoviet_Control_Oxy\Project_Ver_EC200U\Project_Control_Oxy_Ver_3\EWARM\Project_Control_Oxy\Obj\stm32l1xx_hal_rcc_ex.o
#        D:\Saoviet_Bitbucket\Saoviet_Control_Oxy\Project_Ver_EC200U\Project_Control_Oxy_Ver_3\EWARM\Project_Control_Oxy\Obj\stm32l1xx_hal_rtc.o
#        D:\Saoviet_Bitbucket\Saoviet_Control_Oxy\Project_Ver_EC200U\Project_Control_Oxy_Ver_3\EWARM\Project_Control_Oxy\Obj\stm32l1xx_hal_rtc_ex.o
#        D:\Saoviet_Bitbucket\Saoviet_Control_Oxy\Project_Ver_EC200U\Project_Control_Oxy_Ver_3\EWARM\Project_Control_Oxy\Obj\stm32l1xx_hal_tim.o
#        D:\Saoviet_Bitbucket\Saoviet_Control_Oxy\Project_Ver_EC200U\Project_Control_Oxy_Ver_3\EWARM\Project_Control_Oxy\Obj\stm32l1xx_hal_tim_ex.o
#        D:\Saoviet_Bitbucket\Saoviet_Control_Oxy\Project_Ver_EC200U\Project_Control_Oxy_Ver_3\EWARM\Project_Control_Oxy\Obj\stm32l1xx_hal_uart.o
#        D:\Saoviet_Bitbucket\Saoviet_Control_Oxy\Project_Ver_EC200U\Project_Control_Oxy_Ver_3\EWARM\Project_Control_Oxy\Obj\stm32l1xx_it.o
#        D:\Saoviet_Bitbucket\Saoviet_Control_Oxy\Project_Ver_EC200U\Project_Control_Oxy_Ver_3\EWARM\Project_Control_Oxy\Obj\system_stm32l1xx.o
#        D:\Saoviet_Bitbucket\Saoviet_Control_Oxy\Project_Ver_EC200U\Project_Control_Oxy_Ver_3\EWARM\Project_Control_Oxy\Obj\usart.o
#        D:\Saoviet_Bitbucket\Saoviet_Control_Oxy\Project_Ver_EC200U\Project_Control_Oxy_Ver_3\EWARM\Project_Control_Oxy\Obj\user_app_button.o
#        D:\Saoviet_Bitbucket\Saoviet_Control_Oxy\Project_Ver_EC200U\Project_Control_Oxy_Ver_3\EWARM\Project_Control_Oxy\Obj\user_app_comm.o
#        D:\Saoviet_Bitbucket\Saoviet_Control_Oxy\Project_Ver_EC200U\Project_Control_Oxy_Ver_3\EWARM\Project_Control_Oxy\Obj\user_app_ctrl_oxy.o
#        D:\Saoviet_Bitbucket\Saoviet_Control_Oxy\Project_Ver_EC200U\Project_Control_Oxy_Ver_3\EWARM\Project_Control_Oxy\Obj\user_app_lcd.o
#        D:\Saoviet_Bitbucket\Saoviet_Control_Oxy\Project_Ver_EC200U\Project_Control_Oxy_Ver_3\EWARM\Project_Control_Oxy\Obj\user_app_mem.o
#        D:\Saoviet_Bitbucket\Saoviet_Control_Oxy\Project_Ver_EC200U\Project_Control_Oxy_Ver_3\EWARM\Project_Control_Oxy\Obj\user_app_menu_display.o
#        D:\Saoviet_Bitbucket\Saoviet_Control_Oxy\Project_Ver_EC200U\Project_Control_Oxy_Ver_3\EWARM\Project_Control_Oxy\Obj\user_app_relay.o
#        D:\Saoviet_Bitbucket\Saoviet_Control_Oxy\Project_Ver_EC200U\Project_Control_Oxy_Ver_3\EWARM\Project_Control_Oxy\Obj\user_app_rs485.o
#        D:\Saoviet_Bitbucket\Saoviet_Control_Oxy\Project_Ver_EC200U\Project_Control_Oxy_Ver_3\EWARM\Project_Control_Oxy\Obj\user_app_sim.o
#        D:\Saoviet_Bitbucket\Saoviet_Control_Oxy\Project_Ver_EC200U\Project_Control_Oxy_Ver_3\EWARM\Project_Control_Oxy\Obj\user_at_serial.o
#        D:\Saoviet_Bitbucket\Saoviet_Control_Oxy\Project_Ver_EC200U\Project_Control_Oxy_Ver_3\EWARM\Project_Control_Oxy\Obj\user_convert_variable.o
#        D:\Saoviet_Bitbucket\Saoviet_Control_Oxy\Project_Ver_EC200U\Project_Control_Oxy_Ver_3\EWARM\Project_Control_Oxy\Obj\user_define_oxygen.o
#        D:\Saoviet_Bitbucket\Saoviet_Control_Oxy\Project_Ver_EC200U\Project_Control_Oxy_Ver_3\EWARM\Project_Control_Oxy\Obj\user_ec200u.o
#        D:\Saoviet_Bitbucket\Saoviet_Control_Oxy\Project_Ver_EC200U\Project_Control_Oxy_Ver_3\EWARM\Project_Control_Oxy\Obj\user_external_eeprom.o
#        D:\Saoviet_Bitbucket\Saoviet_Control_Oxy\Project_Ver_EC200U\Project_Control_Oxy_Ver_3\EWARM\Project_Control_Oxy\Obj\user_internal_mem.o
#        D:\Saoviet_Bitbucket\Saoviet_Control_Oxy\Project_Ver_EC200U\Project_Control_Oxy_Ver_3\EWARM\Project_Control_Oxy\Obj\user_log.o
#        D:\Saoviet_Bitbucket\Saoviet_Control_Oxy\Project_Ver_EC200U\Project_Control_Oxy_Ver_3\EWARM\Project_Control_Oxy\Obj\user_lpm.o
#        D:\Saoviet_Bitbucket\Saoviet_Control_Oxy\Project_Ver_EC200U\Project_Control_Oxy_Ver_3\EWARM\Project_Control_Oxy\Obj\user_modbus_rtu.o
#        D:\Saoviet_Bitbucket\Saoviet_Control_Oxy\Project_Ver_EC200U\Project_Control_Oxy_Ver_3\EWARM\Project_Control_Oxy\Obj\user_modem.o
#        D:\Saoviet_Bitbucket\Saoviet_Control_Oxy\Project_Ver_EC200U\Project_Control_Oxy_Ver_3\EWARM\Project_Control_Oxy\Obj\user_modem_init.o
#        D:\Saoviet_Bitbucket\Saoviet_Control_Oxy\Project_Ver_EC200U\Project_Control_Oxy_Ver_3\EWARM\Project_Control_Oxy\Obj\user_mqtt.o
#        D:\Saoviet_Bitbucket\Saoviet_Control_Oxy\Project_Ver_EC200U\Project_Control_Oxy_Ver_3\EWARM\Project_Control_Oxy\Obj\user_obis_sv.o
#        D:\Saoviet_Bitbucket\Saoviet_Control_Oxy\Project_Ver_EC200U\Project_Control_Oxy_Ver_3\EWARM\Project_Control_Oxy\Obj\user_rtc.o
#        D:\Saoviet_Bitbucket\Saoviet_Control_Oxy\Project_Ver_EC200U\Project_Control_Oxy_Ver_3\EWARM\Project_Control_Oxy\Obj\user_sim.o
#        D:\Saoviet_Bitbucket\Saoviet_Control_Oxy\Project_Ver_EC200U\Project_Control_Oxy_Ver_3\EWARM\Project_Control_Oxy\Obj\user_sim_common.o
#        D:\Saoviet_Bitbucket\Saoviet_Control_Oxy\Project_Ver_EC200U\Project_Control_Oxy_Ver_3\EWARM\Project_Control_Oxy\Obj\user_string.o
#        D:\Saoviet_Bitbucket\Saoviet_Control_Oxy\Project_Ver_EC200U\Project_Control_Oxy_Ver_3\EWARM\Project_Control_Oxy\Obj\user_time.o
#        D:\Saoviet_Bitbucket\Saoviet_Control_Oxy\Project_Ver_EC200U\Project_Control_Oxy_Ver_3\EWARM\Project_Control_Oxy\Obj\user_timer.o
#        D:\Saoviet_Bitbucket\Saoviet_Control_Oxy\Project_Ver_EC200U\Project_Control_Oxy_Ver_3\EWARM\Project_Control_Oxy\Obj\user_uart.o
#        D:\Saoviet_Bitbucket\Saoviet_Control_Oxy\Project_Ver_EC200U\Project_Control_Oxy_Ver_3\EWARM\Project_Control_Oxy\Obj\user_util.o
#        --no_out_extension -o
#        D:\Saoviet_Bitbucket\Saoviet_Control_Oxy\Project_Ver_EC200U\Project_Control_Oxy_Ver_3\EWARM\Project_Control_Oxy\Exe\Project_Control_Oxy.out
#        --redirect _Printf=_PrintfFullNoMb --redirect _Scanf=_ScanfFullNoMb
#        --map
#        D:\Saoviet_Bitbucket\Saoviet_Control_Oxy\Project_Ver_EC200U\Project_Control_Oxy_Ver_3\EWARM\Project_Control_Oxy\List\Project_Control_Oxy.map
#        --config
#        D:\Saoviet_Bitbucket\Saoviet_Control_Oxy\Project_Ver_EC200U\Project_Control_Oxy_Ver_3\EWARM/stm32l151xc_flash.icf
#        --semihosting --entry __iar_program_start --vfe --text_out locale)
#
###############################################################################

*******************************************************************************
*** RUNTIME MODEL ATTRIBUTES
***

CppFlavor       = *
__SystemLibrary = DLib
__dlib_version  = 6


*******************************************************************************
*** HEAP SELECTION
***

The basic heap was selected because no calls to memory allocation
functions were found in the application outside of system library
functions, and there are calls to deallocation functions in the
application.


*******************************************************************************
*** PLACEMENT SUMMARY
***

"A0":  place at address 0x800'2c00 { ro section .intvec };
"P1":  place in [from 0x800'2c00 to 0x803'ffff] { ro };
define block CSTACK with size = 1K, alignment = 8 { };
define block HEAP with size = 512, alignment = 8 { };
"P2":  place in [from 0x2000'0000 to 0x2000'7fff] {
          rw, block CSTACK, block HEAP };
initialize by copy { rw };

  Section            Kind         Address      Size  Object
  -------            ----         -------      ----  ------
"A0":                                         0x124
  .intvec            ro code   0x800'2c00     0x124  startup_stm32l151xc.o [1]
                             - 0x800'2d24     0x124

"P1":                                      0x1'9d3e
  .text              ro code   0x800'2d24    0x2080  user_at_serial.o [1]
  .text              ro code   0x800'4da4     0x3bc  user_modem.o [1]
  .text              ro code   0x800'5160     0x658  user_util.o [1]
  .text              ro code   0x800'57b8     0x218  user_modem_init.o [1]
  .text              ro code   0x800'59d0    0x1164  user_sim.o [1]
  .text              ro code   0x800'6b34      0x66  ABImemset.o [4]
  .text              ro code   0x800'6b9a      0x3a  zero_init3.o [4]
  .text              ro code   0x800'6bd4     0xc94  user_app_sim.o [1]
  .text              ro code   0x800'7868     0x830  user_app_comm.o [1]
  .text              ro code   0x800'8098      0xa6  ABImemcpy.o [4]
  .text              ro code   0x800'813e      0x54  event_driven.o [1]
  .rodata            const     0x800'8192       0x2  user_app_lcd.o [1]
  .text              ro code   0x800'8194     0x2a0  user_time.o [1]
  .text              ro code   0x800'8434     0x756  stm32l1xx_hal_rtc.o [1]
  .text              ro code   0x800'8b8a     0x314  user_string.o [1]
  .rodata            const     0x800'8e9e       0x2  user_ec200u.o [1]
  .text              ro code   0x800'8ea0     0xb04  user_app_mem.o [1]
  .text              ro code   0x800'99a4    0x18a8  user_app_menu_display.o [1]
  .text              ro code   0x800'b24c    0x1550  user_app_ctrl_oxy.o [1]
  .text              ro code   0x800'c79c     0x4e0  user_app_rs485.o [1]
  .text              ro code   0x800'cc7c     0x322  user_convert_variable.o [1]
  .rodata            const     0x800'cf9e       0x2  user_ec200u.o [1]
  .text              ro code   0x800'cfa0     0x390  stm32l1xx_hal_gpio.o [1]
  .text              ro code   0x800'd330     0x8cc  stm32l1xx_hal_uart.o [1]
  .text              ro code   0x800'dbfc     0x174  user_uart.o [1]
  .text              ro code   0x800'dd70     0x32c  usart.o [1]
  .text              ro code   0x800'e09c     0x230  I64DivMod.o [4]
  .text              ro code   0x800'e2cc      0x36  strlen.o [4]
  .text              ro code   0x800'e304     0x2d0  user_internal_mem.o [1]
  .text              ro code   0x800'e5d4     0x1ca  onchipflash.o [1]
  .text              ro code   0x800'e7a0     0x3c4  user_timer.o [1]
  .text              ro code   0x800'eb64     0xc7c  user_ec200u.o [1]
  .text              ro code   0x800'f7e0     0x74c  user_sim_common.o [1]
  .text              ro code   0x800'ff2c     0x1b8  queue_p.o [1]
  .text              ro code   0x801'00e4       0xc  stm32l1xx_hal.o [1]
  .text              ro code   0x801'00f0    0x17a8  user_mqtt.o [1]
  .text              ro code   0x801'1898     0x1a8  stm32l1xx_hal_flash.o [1]
  .text              ro code   0x801'1a40      0x28  stm32l1xx_hal.o [1]
  .text              ro code   0x801'1a68       0x6  ABImemclr4.o [4]
  .text              ro code   0x801'1a70      0x1a  U32ToDbl.o [3]
  .text              ro code   0x801'1a8c     0x758  pow64.o [3]
  .text              ro code   0x801'21e4     0x246  DblDiv.o [3]
  .text              ro code   0x801'242c     0x444  user_external_eeprom.o [1]
  .text              ro code   0x801'2870      0x24  user_lpm.o [1]
  .text              ro code   0x801'2894      0x30  user_define_oxygen.o [1]
  .text              ro code   0x801'28c4     0x13c  rtc.o [1]
  .text              ro code   0x801'2a00     0x3a8  user_rtc.o [1]
  .text              ro code   0x801'2da8       0x2  stm32l1xx_hal_rtc_ex.o [1]
  .text              ro code   0x801'2dac     0x204  cat24mxx.o [1]
  .text              ro code   0x801'2fb0    0x120c  user_app_lcd.o [1]
  .text              ro code   0x801'41bc     0xcca  GLCD192x64.o [1]
  .text              ro code   0x801'4e86      0x6a  stm32l1xx_hal_iwdg.o [1]
  .text              ro code   0x801'4ef0     0x2d4  user_app_relay.o [1]
  .text              ro code   0x801'51c4      0x1c  U32ToFlt.o [3]
  .text              ro code   0x801'51e0      0xfc  FltDiv.o [3]
  .text              ro code   0x801'52dc      0xe2  FltAdd.o [3]
  .text              ro code   0x801'53c0      0x22  S32ToDbl.o [3]
  .text              ro code   0x801'53e4      0x48  FltToDbl.o [3]
  .text              ro code   0x801'542c     0x17a  DblAdd.o [3]
  .text              ro code   0x801'55a8     0x1a2  DblMul.o [3]
  .text              ro code   0x801'574c      0x68  DblToFlt.o [3]
  .text              ro code   0x801'57b4      0x30  exp64.o [3]
  .text              ro code   0x801'57e4      0xd8  FltMul.o [3]
  .text              ro code   0x801'58bc      0x2a  FltToS32.o [3]
  .text              ro code   0x801'58e6     0x1c0  user_modbus_rtu.o [1]
  .text              ro code   0x801'5aa8     0x2b8  stm32l1xx_hal_dma.o [1]
  .text              ro code   0x801'5d60       0x2  stm32l1xx_hal_uart.o [1]
  .text              ro code   0x801'5d64     0x86c  stm32l1xx_hal_rcc.o [1]
  .text              ro code   0x801'65d0      0xf4  main.o [1]
  .text              ro code   0x801'66c4      0x14  memset.o [4]
  .text              ro code   0x801'66d8     0x190  stm32l1xx_hal_cortex.o [1]
  .text              ro code   0x801'6868       0x2  I64DivZer.o [4]
  .text              ro code   0x801'686c      0x2c  stm32l1xx_hal_flash_ex.o [1]
  .text              ro code   0x801'6898      0x2c  strstr.o [2]
  .text              ro code   0x801'68c4      0xe0  MQTTSerializePublish.o [1]
  .text              ro code   0x801'69a4      0xe8  MQTTSubscribeClient.o [1]
  .text              ro code   0x801'6a8c     0x200  MQTTConnectClient.o [1]
  .text              ro code   0x801'6c8c      0x32  ABImemset48.o [4]
  .text              ro code   0x801'6cc0      0x20  DblCmpEq.o [3]
  .text              ro code   0x801'6ce0      0x70  frexp.o [3]
  .text              ro code   0x801'6d50      0x2e  DblCmpLe.o [3]
  .text              ro code   0x801'6d80     0x13a  ldexp.o [3]
  .text              ro code   0x801'6ebc      0x3a  DblToS32.o [3]
  .text              ro code   0x801'6ef8      0xe2  DblSub.o [3]
  .text              ro code   0x801'6fdc      0x2e  DblCmpGe.o [3]
  .text              ro code   0x801'700c     0x374  iar_Exp64.o [3]
  .text              ro code   0x801'7380      0x4c  stm32l1xx_hal.o [1]
  .text              ro code   0x801'73cc     0x3c0  user_app_button.o [1]
  .text              ro code   0x801'778c      0x60  stm32l1xx_hal_rtc_ex.o [1]
  .text              ro code   0x801'77ec     0xbf2  stm32l1xx_hal_i2c.o [1]
  .text              ro code   0x801'83e0      0x74  FltSub.o [3]
  .text              ro code   0x801'8454      0x60  stm32l1xx_hal.o [1]
  .text              ro code   0x801'84b4     0x18c  gpio.o [1]
  .text              ro code   0x801'8640      0x4c  dma.o [1]
  .text              ro code   0x801'868c      0xb0  i2c.o [1]
  .text              ro code   0x801'873c      0x28  iwdg.o [1]
  .text              ro code   0x801'8764     0x160  stm32l1xx_hal_rcc_ex.o [1]
  .text              ro code   0x801'88c4      0x16  strchr.o [4]
  .text              ro code   0x801'88dc     0x11c  MQTTPacket.o [1]
  .text              ro code   0x801'89f8      0x48  stm32l1xx_hal_msp.o [1]
  .rodata            const     0x801'8a40     0x7a8  user_ec200u.o [1]
  .rodata            const     0x801'91e8     0x490  user_at_serial.o [1]
  .rodata            const     0x801'9678      0x6c  user_mqtt.o [1]
  .rodata            const     0x801'96e8     0x420  pow64.o [3]
  .rodata            const     0x801'9b08     0x250  GLCD192x64.o [1]
  .text              ro code   0x801'9d58     0x1fc  user_log.o [1]
  .rodata            const     0x801'9f54     0x1b0  user_mqtt.o [1]
  .rodata            const     0x801'a104      0xf0  user_ec200u.o [1]
  .text              ro code   0x801'a1f4      0x94  stm32l1xx_it.o [1]
  .text              ro code   0x801'a288      0x18  stm32l1xx_hal.o [1]
  .rodata            const     0x801'a2a0      0x90  user_mqtt.o [1]
  .text              ro code   0x801'a330      0x78  lz77_init_single.o [4]
  .rodata            const     0x801'a3a8      0x3c  user_at_serial.o [1]
  .rodata            const     0x801'a3e4      0x3c  user_at_serial.o [1]
  .rodata            const     0x801'a420      0x2c  user_app_mem.o [1]
  .rodata            const     0x801'a44c      0x2c  user_rtc.o [1]
  .rodata            const     0x801'a478      0x28  user_app_mem.o [1]
  .rodata            const     0x801'a4a0      0x28  user_app_mem.o [1]
  .rodata            const     0x801'a4c8      0x28  user_app_sim.o [1]
  .rodata            const     0x801'a4f0      0x28  user_ec200u.o [1]
  .rodata            const     0x801'a518      0x28  user_ec200u.o [1]
  .rodata            const     0x801'a540      0x28  user_external_eeprom.o [1]
  .rodata            const     0x801'a568      0x28  user_external_eeprom.o [1]
  .rodata            const     0x801'a590      0x28  user_external_eeprom.o [1]
  .rodata            const     0x801'a5b8      0x28  user_internal_mem.o [1]
  .rodata            const     0x801'a5e0      0x28  user_internal_mem.o [1]
  .rodata            const     0x801'a608      0x28  user_internal_mem.o [1]
  .text              ro code   0x801'a630      0x28  data_init.o [4]
  .rodata            const     0x801'a658      0x24  user_app_mem.o [1]
  .rodata            const     0x801'a67c      0x24  user_app_mem.o [1]
  .rodata            const     0x801'a6a0      0x24  user_app_mem.o [1]
  .rodata            const     0x801'a6c4      0x24  user_app_mem.o [1]
  .rodata            const     0x801'a6e8      0x24  user_app_mem.o [1]
  .rodata            const     0x801'a70c      0x24  user_app_mem.o [1]
  .rodata            const     0x801'a730      0x24  user_app_mem.o [1]
  .rodata            const     0x801'a754      0x24  user_app_mem.o [1]
  .rodata            const     0x801'a778      0x24  user_app_mem.o [1]
  .rodata            const     0x801'a79c      0x24  user_external_eeprom.o [1]
  .rodata            const     0x801'a7c0      0x24  user_external_eeprom.o [1]
  .rodata            const     0x801'a7e4      0x24  user_mqtt.o [1]
  .iar.init_table    const     0x801'a808      0x20  - Linker created -
  .rodata            const     0x801'a828      0x20  user_app_comm.o [1]
  .rodata            const     0x801'a848      0x20  user_app_comm.o [1]
  .rodata            const     0x801'a868      0x20  user_app_ctrl_oxy.o [1]
  .rodata            const     0x801'a888      0x20  user_app_ctrl_oxy.o [1]
  .rodata            const     0x801'a8a8      0x20  user_app_ctrl_oxy.o [1]
  .rodata            const     0x801'a8c8      0x20  user_app_mem.o [1]
  .rodata            const     0x801'a8e8      0x20  user_app_menu_display.o [1]
  .rodata            const     0x801'a908      0x20  user_app_menu_display.o [1]
  .rodata            const     0x801'a928      0x20  user_app_menu_display.o [1]
  .rodata            const     0x801'a948      0x20  user_app_sim.o [1]
  .rodata            const     0x801'a968      0x20  user_at_serial.o [1]
  .rodata            const     0x801'a988      0x20  user_ec200u.o [1]
  .rodata            const     0x801'a9a8      0x20  user_ec200u.o [1]
  .rodata            const     0x801'a9c8      0x20  user_ec200u.o [1]
  .rodata            const     0x801'a9e8      0x20  user_ec200u.o [1]
  .rodata            const     0x801'aa08      0x20  user_ec200u.o [1]
  .rodata            const     0x801'aa28      0x20  user_modem.o [1]
  .rodata            const     0x801'aa48      0x20  user_mqtt.o [1]
  .text              ro code   0x801'aa68      0x1e  cmain.o [4]
  .text              ro code   0x801'aa86       0x4  low_level_init.o [2]
  .text              ro code   0x801'aa8a       0x4  exit.o [2]
  .text              ro code   0x801'aa90       0xa  cexit.o [4]
  .text              ro code   0x801'aa9c      0x14  exit.o [5]
  .rodata            const     0x801'aab0      0x1c  user_app_comm.o [1]
  .rodata            const     0x801'aacc      0x1c  user_app_comm.o [1]
  .rodata            const     0x801'aae8      0x1c  user_app_comm.o [1]
  .rodata            const     0x801'ab04      0x1c  user_app_comm.o [1]
  .rodata            const     0x801'ab20      0x1c  user_app_ctrl_oxy.o [1]
  .rodata            const     0x801'ab3c      0x1c  user_app_menu_display.o [1]
  .rodata            const     0x801'ab58      0x1c  user_app_menu_display.o [1]
  .rodata            const     0x801'ab74      0x1c  user_app_menu_display.o [1]
  .rodata            const     0x801'ab90      0x1c  user_app_relay.o [1]
  .rodata            const     0x801'abac      0x1c  user_app_relay.o [1]
  .rodata            const     0x801'abc8      0x1c  user_app_sim.o [1]
  .rodata            const     0x801'abe4      0x1c  user_ec200u.o [1]
  .rodata            const     0x801'ac00      0x1c  user_ec200u.o [1]
  .rodata            const     0x801'ac1c      0x1c  user_ec200u.o [1]
  .rodata            const     0x801'ac38      0x1c  user_ec200u.o [1]
  .rodata            const     0x801'ac54      0x1c  user_ec200u.o [1]
  .rodata            const     0x801'ac70      0x1c  user_ec200u.o [1]
  .rodata            const     0x801'ac8c      0x1c  user_ec200u.o [1]
  .rodata            const     0x801'aca8      0x1c  user_ec200u.o [1]
  .rodata            const     0x801'acc4      0x1c  user_mqtt.o [1]
  .rodata            const     0x801'ace0      0x18  user_app_ctrl_oxy.o [1]
  .rodata            const     0x801'acf8      0x18  user_app_ctrl_oxy.o [1]
  .rodata            const     0x801'ad10      0x18  user_app_lcd.o [1]
  .rodata            const     0x801'ad28      0x18  user_app_lcd.o [1]
  .rodata            const     0x801'ad40      0x18  user_app_lcd.o [1]
  .rodata            const     0x801'ad58      0x18  user_app_lcd.o [1]
  .rodata            const     0x801'ad70      0x18  user_app_lcd.o [1]
  .rodata            const     0x801'ad88      0x18  user_app_lcd.o [1]
  .rodata            const     0x801'ada0      0x18  user_app_sim.o [1]
  .rodata            const     0x801'adb8      0x18  user_app_sim.o [1]
  .rodata            const     0x801'add0      0x18  user_app_sim.o [1]
  .rodata            const     0x801'ade8      0x18  user_ec200u.o [1]
  .rodata            const     0x801'ae00      0x18  user_ec200u.o [1]
  .rodata            const     0x801'ae18      0x18  user_ec200u.o [1]
  .rodata            const     0x801'ae30      0x18  user_ec200u.o [1]
  .rodata            const     0x801'ae48      0x18  user_mqtt.o [1]
  .rodata            const     0x801'ae60      0x18  user_sim.o [1]
  .rodata            const     0x801'ae78      0x18  user_sim.o [1]
  .rodata            const     0x801'ae90      0x14  user_app_comm.o [1]
  .rodata            const     0x801'aea4      0x14  user_app_comm.o [1]
  .rodata            const     0x801'aeb8      0x14  user_app_ctrl_oxy.o [1]
  .rodata            const     0x801'aecc      0x14  user_app_lcd.o [1]
  .rodata            const     0x801'aee0      0x14  user_app_lcd.o [1]
  .rodata            const     0x801'aef4      0x14  user_app_lcd.o [1]
  .rodata            const     0x801'af08      0x14  user_app_lcd.o [1]
  .rodata            const     0x801'af1c      0x14  user_app_lcd.o [1]
  .rodata            const     0x801'af30      0x14  user_app_lcd.o [1]
  .rodata            const     0x801'af44      0x14  user_app_lcd.o [1]
  .rodata            const     0x801'af58      0x14  user_app_lcd.o [1]
  .rodata            const     0x801'af6c      0x14  user_app_lcd.o [1]
  .rodata            const     0x801'af80      0x14  user_app_lcd.o [1]
  .rodata            const     0x801'af94      0x14  user_app_lcd.o [1]
  .rodata            const     0x801'afa8      0x14  user_app_lcd.o [1]
  .rodata            const     0x801'afbc      0x14  user_app_lcd.o [1]
  .rodata            const     0x801'afd0      0x14  user_app_lcd.o [1]
  .rodata            const     0x801'afe4      0x14  user_app_lcd.o [1]
  .rodata            const     0x801'aff8      0x14  user_app_lcd.o [1]
  .rodata            const     0x801'b00c      0x14  user_app_lcd.o [1]
  .rodata            const     0x801'b020      0x14  user_app_lcd.o [1]
  .rodata            const     0x801'b034      0x14  user_app_lcd.o [1]
  .rodata            const     0x801'b048      0x14  user_app_lcd.o [1]
  .rodata            const     0x801'b05c      0x14  user_app_lcd.o [1]
  .rodata            const     0x801'b070      0x14  user_app_lcd.o [1]
  .rodata            const     0x801'b084      0x14  user_app_lcd.o [1]
  .rodata            const     0x801'b098      0x14  user_app_lcd.o [1]
  .rodata            const     0x801'b0ac      0x14  user_app_lcd.o [1]
  .rodata            const     0x801'b0c0      0x14  user_app_lcd.o [1]
  .rodata            const     0x801'b0d4      0x14  user_app_lcd.o [1]
  .rodata            const     0x801'b0e8      0x14  user_app_lcd.o [1]
  .rodata            const     0x801'b0fc      0x14  user_app_lcd.o [1]
  .rodata            const     0x801'b110      0x14  user_app_lcd.o [1]
  .rodata            const     0x801'b124      0x14  user_app_mem.o [1]
  .rodata            const     0x801'b138      0x14  user_app_menu_display.o [1]
  .rodata            const     0x801'b14c      0x14  user_app_menu_display.o [1]
  .rodata            const     0x801'b160      0x14  user_app_menu_display.o [1]
  .rodata            const     0x801'b174      0x14  user_app_menu_display.o [1]
  .rodata            const     0x801'b188      0x14  user_app_sim.o [1]
  .rodata            const     0x801'b19c      0x14  user_at_serial.o [1]
  .rodata            const     0x801'b1b0      0x14  user_at_serial.o [1]
  .rodata            const     0x801'b1c4      0x14  user_at_serial.o [1]
  .rodata            const     0x801'b1d8      0x14  user_at_serial.o [1]
  .rodata            const     0x801'b1ec      0x14  user_at_serial.o [1]
  .rodata            const     0x801'b200      0x14  user_at_serial.o [1]
  .rodata            const     0x801'b214      0x14  user_at_serial.o [1]
  .rodata            const     0x801'b228      0x14  user_at_serial.o [1]
  .rodata            const     0x801'b23c      0x14  user_at_serial.o [1]
  .rodata            const     0x801'b250      0x14  user_at_serial.o [1]
  .rodata            const     0x801'b264      0x14  user_at_serial.o [1]
  .rodata            const     0x801'b278      0x14  user_at_serial.o [1]
  .rodata            const     0x801'b28c      0x14  user_at_serial.o [1]
  .rodata            const     0x801'b2a0      0x14  user_at_serial.o [1]
  .rodata            const     0x801'b2b4      0x14  user_at_serial.o [1]
  .rodata            const     0x801'b2c8      0x14  user_at_serial.o [1]
  .rodata            const     0x801'b2dc      0x14  user_at_serial.o [1]
  .rodata            const     0x801'b2f0      0x14  user_at_serial.o [1]
  .rodata            const     0x801'b304      0x14  user_at_serial.o [1]
  .rodata            const     0x801'b318      0x14  user_ec200u.o [1]
  .rodata            const     0x801'b32c      0x14  user_ec200u.o [1]
  .rodata            const     0x801'b340      0x14  user_ec200u.o [1]
  .rodata            const     0x801'b354      0x14  user_ec200u.o [1]
  .rodata            const     0x801'b368      0x14  user_ec200u.o [1]
  .rodata            const     0x801'b37c      0x14  user_ec200u.o [1]
  .rodata            const     0x801'b390      0x14  user_modem.o [1]
  .rodata            const     0x801'b3a4      0x14  user_mqtt.o [1]
  .rodata            const     0x801'b3b8      0x14  user_mqtt.o [1]
  .rodata            const     0x801'b3cc      0x14  user_mqtt.o [1]
  .rodata            const     0x801'b3e0      0x14  user_mqtt.o [1]
  .rodata            const     0x801'b3f4      0x14  user_mqtt.o [1]
  .rodata            const     0x801'b408      0x14  user_mqtt.o [1]
  .rodata            const     0x801'b41c      0x14  user_mqtt.o [1]
  .rodata            const     0x801'b430      0x14  user_mqtt.o [1]
  .rodata            const     0x801'b444      0x14  user_sim.o [1]
  .rodata            const     0x801'b458      0x14  user_sim.o [1]
  .rodata            const     0x801'b46c      0x10  system_stm32l1xx.o [1]
  .rodata            const     0x801'b47c      0x10  user_app_lcd.o [1]
  .rodata            const     0x801'b48c      0x10  user_app_lcd.o [1]
  .rodata            const     0x801'b49c      0x10  user_app_lcd.o [1]
  .rodata            const     0x801'b4ac      0x10  user_app_lcd.o [1]
  .rodata            const     0x801'b4bc      0x10  user_app_lcd.o [1]
  .rodata            const     0x801'b4cc      0x10  user_app_lcd.o [1]
  .rodata            const     0x801'b4dc      0x10  user_app_lcd.o [1]
  .rodata            const     0x801'b4ec      0x10  user_app_lcd.o [1]
  .rodata            const     0x801'b4fc      0x10  user_app_lcd.o [1]
  .rodata            const     0x801'b50c      0x10  user_app_lcd.o [1]
  .rodata            const     0x801'b51c      0x10  user_app_lcd.o [1]
  .rodata            const     0x801'b52c      0x10  user_app_lcd.o [1]
  .rodata            const     0x801'b53c      0x10  user_app_lcd.o [1]
  .rodata            const     0x801'b54c      0x10  user_app_lcd.o [1]
  .rodata            const     0x801'b55c      0x10  user_app_lcd.o [1]
  .rodata            const     0x801'b56c      0x10  user_app_mem.o [1]
  .rodata            const     0x801'b57c      0x10  user_app_menu_display.o [1]
  .rodata            const     0x801'b58c      0x10  user_app_menu_display.o [1]
  .rodata            const     0x801'b59c      0x10  user_app_menu_display.o [1]
  .rodata            const     0x801'b5ac      0x10  user_app_menu_display.o [1]
  .rodata            const     0x801'b5bc      0x10  user_app_menu_display.o [1]
  .rodata            const     0x801'b5cc      0x10  user_app_menu_display.o [1]
  .rodata            const     0x801'b5dc      0x10  user_app_menu_display.o [1]
  .rodata            const     0x801'b5ec      0x10  user_app_menu_display.o [1]
  .rodata            const     0x801'b5fc      0x10  user_at_serial.o [1]
  .rodata            const     0x801'b60c      0x10  user_at_serial.o [1]
  .rodata            const     0x801'b61c      0x10  user_at_serial.o [1]
  .rodata            const     0x801'b62c      0x10  user_at_serial.o [1]
  .rodata            const     0x801'b63c      0x10  user_at_serial.o [1]
  .rodata            const     0x801'b64c      0x10  user_at_serial.o [1]
  .rodata            const     0x801'b65c      0x10  user_at_serial.o [1]
  .rodata            const     0x801'b66c      0x10  user_at_serial.o [1]
  .rodata            const     0x801'b67c      0x10  user_at_serial.o [1]
  .rodata            const     0x801'b68c      0x10  user_at_serial.o [1]
  .rodata            const     0x801'b69c      0x10  user_at_serial.o [1]
  .rodata            const     0x801'b6ac      0x10  user_at_serial.o [1]
  .rodata            const     0x801'b6bc      0x10  user_at_serial.o [1]
  .rodata            const     0x801'b6cc      0x10  user_at_serial.o [1]
  .rodata            const     0x801'b6dc      0x10  user_at_serial.o [1]
  .rodata            const     0x801'b6ec      0x10  user_at_serial.o [1]
  .rodata            const     0x801'b6fc      0x10  user_at_serial.o [1]
  .rodata            const     0x801'b70c      0x10  user_at_serial.o [1]
  .rodata            const     0x801'b71c      0x10  user_at_serial.o [1]
  .rodata            const     0x801'b72c      0x10  user_at_serial.o [1]
  .rodata            const     0x801'b73c      0x10  user_at_serial.o [1]
  .rodata            const     0x801'b74c      0x10  user_at_serial.o [1]
  .rodata            const     0x801'b75c      0x10  user_at_serial.o [1]
  .rodata            const     0x801'b76c      0x10  user_at_serial.o [1]
  .rodata            const     0x801'b77c      0x10  user_at_serial.o [1]
  .rodata            const     0x801'b78c      0x10  user_at_serial.o [1]
  .rodata            const     0x801'b79c      0x10  user_at_serial.o [1]
  .rodata            const     0x801'b7ac      0x10  user_at_serial.o [1]
  .rodata            const     0x801'b7bc      0x10  user_at_serial.o [1]
  .rodata            const     0x801'b7cc      0x10  user_at_serial.o [1]
  .rodata            const     0x801'b7dc      0x10  user_at_serial.o [1]
  .rodata            const     0x801'b7ec      0x10  user_at_serial.o [1]
  .rodata            const     0x801'b7fc      0x10  user_at_serial.o [1]
  .rodata            const     0x801'b80c      0x10  user_at_serial.o [1]
  .rodata            const     0x801'b81c      0x10  user_at_serial.o [1]
  .rodata            const     0x801'b82c      0x10  user_at_serial.o [1]
  .rodata            const     0x801'b83c      0x10  user_at_serial.o [1]
  .rodata            const     0x801'b84c      0x10  user_at_serial.o [1]
  .rodata            const     0x801'b85c      0x10  user_ec200u.o [1]
  .rodata            const     0x801'b86c      0x10  user_ec200u.o [1]
  .rodata            const     0x801'b87c      0x10  user_ec200u.o [1]
  .rodata            const     0x801'b88c      0x10  user_ec200u.o [1]
  .rodata            const     0x801'b89c      0x10  user_ec200u.o [1]
  .rodata            const     0x801'b8ac      0x10  user_ec200u.o [1]
  .rodata            const     0x801'b8bc      0x10  user_ec200u.o [1]
  .rodata            const     0x801'b8cc      0x10  user_ec200u.o [1]
  .rodata            const     0x801'b8dc      0x10  user_ec200u.o [1]
  .rodata            const     0x801'b8ec      0x10  user_ec200u.o [1]
  .rodata            const     0x801'b8fc      0x10  user_ec200u.o [1]
  .rodata            const     0x801'b90c      0x10  user_ec200u.o [1]
  .rodata            const     0x801'b91c      0x10  user_ec200u.o [1]
  .rodata            const     0x801'b92c      0x10  user_ec200u.o [1]
  .rodata            const     0x801'b93c      0x10  user_ec200u.o [1]
  .rodata            const     0x801'b94c      0x10  user_ec200u.o [1]
  .rodata            const     0x801'b95c      0x10  user_ec200u.o [1]
  .rodata            const     0x801'b96c      0x10  user_ec200u.o [1]
  .rodata            const     0x801'b97c      0x10  user_ec200u.o [1]
  .rodata            const     0x801'b98c      0x10  user_ec200u.o [1]
  .rodata            const     0x801'b99c      0x10  user_ec200u.o [1]
  .rodata            const     0x801'b9ac      0x10  user_ec200u.o [1]
  .rodata            const     0x801'b9bc      0x10  user_ec200u.o [1]
  .rodata            const     0x801'b9cc      0x10  user_ec200u.o [1]
  .rodata            const     0x801'b9dc      0x10  user_mqtt.o [1]
  .rodata            const     0x801'b9ec      0x10  user_mqtt.o [1]
  .rodata            const     0x801'b9fc      0x10  user_mqtt.o [1]
  .rodata            const     0x801'ba0c      0x10  user_mqtt.o [1]
  .rodata            const     0x801'ba1c      0x10  user_mqtt.o [1]
  .rodata            const     0x801'ba2c      0x10  user_mqtt.o [1]
  .rodata            const     0x801'ba3c      0x10  user_mqtt.o [1]
  .rodata            const     0x801'ba4c      0x10  user_mqtt.o [1]
  .rodata            const     0x801'ba5c      0x10  user_mqtt.o [1]
  .rodata            const     0x801'ba6c      0x10  user_mqtt.o [1]
  .rodata            const     0x801'ba7c      0x10  user_mqtt.o [1]
  .rodata            const     0x801'ba8c      0x10  user_mqtt.o [1]
  .rodata            const     0x801'ba9c      0x10  user_mqtt.o [1]
  .rodata            const     0x801'baac      0x10  user_mqtt.o [1]
  .text              ro code   0x801'babc      0x10  startup_stm32l151xc.o [1]
  .rodata            const     0x801'bacc       0xc  system_stm32l1xx.o [1]
  .rodata            const     0x801'bad8       0xc  user_app_ctrl_oxy.o [1]
  .rodata            const     0x801'bae4       0xc  user_app_lcd.o [1]
  .rodata            const     0x801'baf0       0xc  user_app_lcd.o [1]
  .rodata            const     0x801'bafc       0xc  user_app_lcd.o [1]
  .rodata            const     0x801'bb08       0xc  user_app_lcd.o [1]
  .rodata            const     0x801'bb14       0xc  user_app_lcd.o [1]
  .rodata            const     0x801'bb20       0xc  user_app_menu_display.o [1]
  .rodata            const     0x801'bb2c       0xc  user_app_menu_display.o [1]
  .rodata            const     0x801'bb38       0xc  user_app_relay.o [1]
  .rodata            const     0x801'bb44       0xc  user_app_relay.o [1]
  .rodata            const     0x801'bb50       0xc  user_app_relay.o [1]
  .rodata            const     0x801'bb5c       0xc  user_app_relay.o [1]
  .rodata            const     0x801'bb68       0xc  user_app_relay.o [1]
  .rodata            const     0x801'bb74       0xc  user_app_relay.o [1]
  .rodata            const     0x801'bb80       0xc  user_app_relay.o [1]
  .rodata            const     0x801'bb8c       0xc  user_app_relay.o [1]
  .rodata            const     0x801'bb98       0xc  user_app_relay.o [1]
  .rodata            const     0x801'bba4       0xc  user_at_serial.o [1]
  .rodata            const     0x801'bbb0       0xc  user_at_serial.o [1]
  .rodata            const     0x801'bbbc       0xc  user_at_serial.o [1]
  .rodata            const     0x801'bbc8       0xc  user_at_serial.o [1]
  .rodata            const     0x801'bbd4       0xc  user_at_serial.o [1]
  .rodata            const     0x801'bbe0       0xc  user_at_serial.o [1]
  .rodata            const     0x801'bbec       0xc  user_at_serial.o [1]
  .rodata            const     0x801'bbf8       0xc  user_at_serial.o [1]
  .rodata            const     0x801'bc04       0xc  user_at_serial.o [1]
  .rodata            const     0x801'bc10       0xc  user_at_serial.o [1]
  .rodata            const     0x801'bc1c       0xc  user_at_serial.o [1]
  .rodata            const     0x801'bc28       0xc  user_at_serial.o [1]
  .rodata            const     0x801'bc34       0xc  user_at_serial.o [1]
  .rodata            const     0x801'bc40       0xc  user_at_serial.o [1]
  .rodata            const     0x801'bc4c       0xc  user_at_serial.o [1]
  .rodata            const     0x801'bc58       0xc  user_at_serial.o [1]
  .rodata            const     0x801'bc64       0xc  user_at_serial.o [1]
  .rodata            const     0x801'bc70       0xc  user_at_serial.o [1]
  .rodata            const     0x801'bc7c       0xc  user_at_serial.o [1]
  .rodata            const     0x801'bc88       0xc  user_at_serial.o [1]
  .rodata            const     0x801'bc94       0xc  user_at_serial.o [1]
  .rodata            const     0x801'bca0       0xc  user_at_serial.o [1]
  .rodata            const     0x801'bcac       0xc  user_at_serial.o [1]
  .rodata            const     0x801'bcb8       0xc  user_at_serial.o [1]
  .rodata            const     0x801'bcc4       0xc  user_at_serial.o [1]
  .rodata            const     0x801'bcd0       0xc  user_at_serial.o [1]
  .rodata            const     0x801'bcdc       0xc  user_at_serial.o [1]
  .rodata            const     0x801'bce8       0xc  user_ec200u.o [1]
  .rodata            const     0x801'bcf4       0xc  user_ec200u.o [1]
  .rodata            const     0x801'bd00       0xc  user_ec200u.o [1]
  .rodata            const     0x801'bd0c       0xc  user_ec200u.o [1]
  .rodata            const     0x801'bd18       0xc  user_ec200u.o [1]
  .rodata            const     0x801'bd24       0xc  user_ec200u.o [1]
  .rodata            const     0x801'bd30       0xc  user_ec200u.o [1]
  .rodata            const     0x801'bd3c       0xc  user_ec200u.o [1]
  .rodata            const     0x801'bd48       0xc  user_ec200u.o [1]
  .rodata            const     0x801'bd54       0xc  user_ec200u.o [1]
  .rodata            const     0x801'bd60       0xc  user_ec200u.o [1]
  .rodata            const     0x801'bd6c       0xc  user_ec200u.o [1]
  .rodata            const     0x801'bd78       0xc  user_ec200u.o [1]
  .rodata            const     0x801'bd84       0xc  user_ec200u.o [1]
  .rodata            const     0x801'bd90       0xc  user_ec200u.o [1]
  .rodata            const     0x801'bd9c       0xc  user_ec200u.o [1]
  .rodata            const     0x801'bda8       0xc  user_ec200u.o [1]
  .rodata            const     0x801'bdb4       0xc  user_ec200u.o [1]
  .rodata            const     0x801'bdc0       0xc  user_ec200u.o [1]
  .rodata            const     0x801'bdcc       0xc  user_ec200u.o [1]
  .rodata            const     0x801'bdd8       0xc  user_ec200u.o [1]
  .rodata            const     0x801'bde4       0xc  user_ec200u.o [1]
  .rodata            const     0x801'bdf0       0xc  user_ec200u.o [1]
  .rodata            const     0x801'bdfc       0xc  user_ec200u.o [1]
  .rodata            const     0x801'be08       0xc  user_ec200u.o [1]
  .rodata            const     0x801'be14       0xc  user_ec200u.o [1]
  .rodata            const     0x801'be20       0xc  user_ec200u.o [1]
  .rodata            const     0x801'be2c       0xc  user_ec200u.o [1]
  .rodata            const     0x801'be38       0xc  user_ec200u.o [1]
  .rodata            const     0x801'be44       0xc  user_ec200u.o [1]
  .rodata            const     0x801'be50       0xc  user_ec200u.o [1]
  .rodata            const     0x801'be5c       0xc  user_ec200u.o [1]
  .rodata            const     0x801'be68       0xc  user_ec200u.o [1]
  .rodata            const     0x801'be74       0xc  user_ec200u.o [1]
  .rodata            const     0x801'be80       0xc  user_ec200u.o [1]
  .rodata            const     0x801'be8c       0xc  user_mqtt.o [1]
  .rodata            const     0x801'be98       0xc  user_rtc.o [1]
  .rodata            const     0x801'bea4       0xc  user_rtc.o [1]
  .rodata            const     0x801'beb0       0xc  user_sim_common.o [1]
  .text              ro code   0x801'bebc       0xc  cstartup_M.o [4]
  .rodata            const     0x801'bec8       0x8  MQTTConnectClient.o [1]
  .rodata            const     0x801'bed0       0x8  system_stm32l1xx.o [1]
  .rodata            const     0x801'bed8       0x8  user_app_ctrl_oxy.o [1]
  .rodata            const     0x801'bee0       0x8  user_app_lcd.o [1]
  .rodata            const     0x801'bee8       0x8  user_app_lcd.o [1]
  .rodata            const     0x801'bef0       0x8  user_app_mem.o [1]
  .rodata            const     0x801'bef8       0x8  user_app_rs485.o [1]
  .rodata            const     0x801'bf00       0x8  user_app_sim.o [1]
  .rodata            const     0x801'bf08       0x8  user_at_serial.o [1]
  .rodata            const     0x801'bf10       0x8  user_at_serial.o [1]
  .rodata            const     0x801'bf18       0x8  user_at_serial.o [1]
  .rodata            const     0x801'bf20       0x8  user_at_serial.o [1]
  .rodata            const     0x801'bf28       0x8  user_at_serial.o [1]
  .rodata            const     0x801'bf30       0x8  user_at_serial.o [1]
  .rodata            const     0x801'bf38       0x8  user_at_serial.o [1]
  .rodata            const     0x801'bf40       0x8  user_at_serial.o [1]
  .rodata            const     0x801'bf48       0x8  user_at_serial.o [1]
  .rodata            const     0x801'bf50       0x8  user_at_serial.o [1]
  .rodata            const     0x801'bf58       0x8  user_at_serial.o [1]
  .rodata            const     0x801'bf60       0x8  user_at_serial.o [1]
  .rodata            const     0x801'bf68       0x8  user_at_serial.o [1]
  .rodata            const     0x801'bf70       0x8  user_at_serial.o [1]
  .rodata            const     0x801'bf78       0x8  user_at_serial.o [1]
  .rodata            const     0x801'bf80       0x8  user_at_serial.o [1]
  .rodata            const     0x801'bf88       0x8  user_at_serial.o [1]
  .rodata            const     0x801'bf90       0x8  user_at_serial.o [1]
  .rodata            const     0x801'bf98       0x8  user_at_serial.o [1]
  .rodata            const     0x801'bfa0       0x8  user_at_serial.o [1]
  .rodata            const     0x801'bfa8       0x8  user_at_serial.o [1]
  .rodata            const     0x801'bfb0       0x8  user_at_serial.o [1]
  .rodata            const     0x801'bfb8       0x8  user_at_serial.o [1]
  .rodata            const     0x801'bfc0       0x8  user_at_serial.o [1]
  .rodata            const     0x801'bfc8       0x8  user_at_serial.o [1]
  .rodata            const     0x801'bfd0       0x8  user_at_serial.o [1]
  .rodata            const     0x801'bfd8       0x8  user_at_serial.o [1]
  .rodata            const     0x801'bfe0       0x8  user_at_serial.o [1]
  .rodata            const     0x801'bfe8       0x8  user_at_serial.o [1]
  .rodata            const     0x801'bff0       0x8  user_at_serial.o [1]
  .rodata            const     0x801'bff8       0x8  user_at_serial.o [1]
  .rodata            const     0x801'c000       0x8  user_at_serial.o [1]
  .rodata            const     0x801'c008       0x8  user_at_serial.o [1]
  .rodata            const     0x801'c010       0x8  user_ec200u.o [1]
  .rodata            const     0x801'c018       0x8  user_ec200u.o [1]
  .rodata            const     0x801'c020       0x8  user_ec200u.o [1]
  .rodata            const     0x801'c028       0x8  user_ec200u.o [1]
  .rodata            const     0x801'c030       0x8  user_ec200u.o [1]
  .rodata            const     0x801'c038       0x8  user_ec200u.o [1]
  .rodata            const     0x801'c040       0x8  user_ec200u.o [1]
  .rodata            const     0x801'c048       0x8  user_ec200u.o [1]
  .rodata            const     0x801'c050       0x8  user_ec200u.o [1]
  .rodata            const     0x801'c058       0x8  user_ec200u.o [1]
  .rodata            const     0x801'c060       0x8  user_ec200u.o [1]
  .rodata            const     0x801'c068       0x8  user_ec200u.o [1]
  .rodata            const     0x801'c070       0x8  user_ec200u.o [1]
  .rodata            const     0x801'c078       0x8  user_ec200u.o [1]
  .rodata            const     0x801'c080       0x8  user_ec200u.o [1]
  .rodata            const     0x801'c088       0x8  user_ec200u.o [1]
  .rodata            const     0x801'c090       0x8  user_ec200u.o [1]
  .rodata            const     0x801'c098       0x8  user_ec200u.o [1]
  .rodata            const     0x801'c0a0       0x8  user_ec200u.o [1]
  .rodata            const     0x801'c0a8       0x8  user_ec200u.o [1]
  .rodata            const     0x801'c0b0       0x8  user_ec200u.o [1]
  .rodata            const     0x801'c0b8       0x8  user_ec200u.o [1]
  .rodata            const     0x801'c0c0       0x8  user_ec200u.o [1]
  .rodata            const     0x801'c0c8       0x8  user_ec200u.o [1]
  .rodata            const     0x801'c0d0       0x8  user_ec200u.o [1]
  .rodata            const     0x801'c0d8       0x8  user_ec200u.o [1]
  .rodata            const     0x801'c0e0       0x8  user_ec200u.o [1]
  .rodata            const     0x801'c0e8       0x8  user_ec200u.o [1]
  .rodata            const     0x801'c0f0       0x8  user_log.o [1]
  .rodata            const     0x801'c0f8       0x8  user_mqtt.o [1]
  .rodata            const     0x801'c100       0x8  user_mqtt.o [1]
  .rodata            const     0x801'c108       0x8  user_mqtt.o [1]
  .rodata            const     0x801'c110       0x8  user_mqtt.o [1]
  .rodata            const     0x801'c118       0x8  user_mqtt.o [1]
  .rodata            const     0x801'c120       0x8  user_mqtt.o [1]
  .rodata            const     0x801'c128       0x8  user_mqtt.o [1]
  .rodata            const     0x801'c130       0x8  user_mqtt.o [1]
  .rodata            const     0x801'c138       0x8  user_mqtt.o [1]
  .rodata            const     0x801'c140       0x8  user_mqtt.o [1]
  .rodata            const     0x801'c148       0x8  user_mqtt.o [1]
  .rodata            const     0x801'c150       0x8  user_mqtt.o [1]
  .rodata            const     0x801'c158       0x8  user_mqtt.o [1]
  .rodata            const     0x801'c160       0x8  user_mqtt.o [1]
  .rodata            const     0x801'c168       0x8  user_mqtt.o [1]
  .rodata            const     0x801'c170       0x8  user_mqtt.o [1]
  .rodata            const     0x801'c178       0x8  user_mqtt.o [1]
  .rodata            const     0x801'c180       0x8  user_mqtt.o [1]
  .rodata            const     0x801'c188       0x8  user_mqtt.o [1]
  .rodata            const     0x801'c190       0x8  user_mqtt.o [1]
  .rodata            const     0x801'c198       0x8  user_mqtt.o [1]
  .rodata            const     0x801'c1a0       0x8  user_mqtt.o [1]
  .rodata            const     0x801'c1a8       0x8  user_mqtt.o [1]
  .rodata            const     0x801'c1b0       0x8  user_mqtt.o [1]
  .rodata            const     0x801'c1b8       0x8  user_mqtt.o [1]
  .rodata            const     0x801'c1c0       0x8  user_mqtt.o [1]
  .rodata            const     0x801'c1c8       0x8  user_mqtt.o [1]
  .rodata            const     0x801'c1d0       0x8  user_mqtt.o [1]
  .rodata            const     0x801'c1d8       0x8  user_mqtt.o [1]
  .rodata            const     0x801'c1e0       0x8  user_mqtt.o [1]
  .rodata            const     0x801'c1e8       0x8  user_mqtt.o [1]
  .rodata            const     0x801'c1f0       0x8  user_mqtt.o [1]
  .rodata            const     0x801'c1f8       0x8  user_mqtt.o [1]
  .rodata            const     0x801'c200       0x8  user_mqtt.o [1]
  .rodata            const     0x801'c208       0x8  user_mqtt.o [1]
  .rodata            const     0x801'c210       0x8  user_mqtt.o [1]
  .rodata            const     0x801'c218       0x8  user_sim.o [1]
  .rodata            const     0x801'c220       0x8  user_sim_common.o [1]
  .rodata            const     0x801'c228       0x8  user_sim_common.o [1]
  .rodata            const     0x801'c230       0x8  user_sim_common.o [1]
  .rodata            const     0x801'c238       0x8  user_util.o [1]
  .rodata            const     0x801'c240       0x8  user_util.o [1]
  .rodata            const     0x801'c248       0x8  user_util.o [1]
  .rodata            const     0x801'c250       0x8  user_util.o [1]
  .rodata            const     0x801'c258       0x4  MQTTConnectClient.o [1]
  .rodata            const     0x801'c25c       0x4  MQTTConnectClient.o [1]
  .rodata            const     0x801'c260       0x4  MQTTSerializePublish.o [1]
  .rodata            const     0x801'c264       0x4  MQTTSubscribeClient.o [1]
  .rodata            const     0x801'c268       0x4  user_app_lcd.o [1]
  .rodata            const     0x801'c26c       0x4  user_app_lcd.o [1]
  .rodata            const     0x801'c270       0x4  user_at_serial.o [1]
  .rodata            const     0x801'c274       0x4  user_ec200u.o [1]
  .rodata            const     0x801'c278       0x4  user_ec200u.o [1]
  .rodata            const     0x801'c27c       0x4  user_ec200u.o [1]
  .rodata            const     0x801'c280       0x4  user_ec200u.o [1]
  .rodata            const     0x801'c284       0x4  user_mqtt.o [1]
  .rodata            const     0x801'c288       0x4  user_sim_common.o [1]
  .text              ro code   0x801'c28c       0x4  startup_stm32l151xc.o [1]
  .text              ro code   0x801'c290       0x4  startup_stm32l151xc.o [1]
  .text              ro code   0x801'c294       0x4  startup_stm32l151xc.o [1]
  .text              ro code   0x801'c298       0x4  startup_stm32l151xc.o [1]
  .text              ro code   0x801'c29c       0x4  startup_stm32l151xc.o [1]
  .text              ro code   0x801'c2a0       0x4  startup_stm32l151xc.o [1]
  .text              ro code   0x801'c2a4       0x4  startup_stm32l151xc.o [1]
  .text              ro code   0x801'c2a8       0x4  startup_stm32l151xc.o [1]
  .text              ro code   0x801'c2ac       0x4  startup_stm32l151xc.o [1]
  .text              ro code   0x801'c2b0       0x4  startup_stm32l151xc.o [1]
  .text              ro code   0x801'c2b4       0x4  startup_stm32l151xc.o [1]
  .text              ro code   0x801'c2b8       0x4  startup_stm32l151xc.o [1]
  .text              ro code   0x801'c2bc       0x4  startup_stm32l151xc.o [1]
  .text              ro code   0x801'c2c0       0x4  startup_stm32l151xc.o [1]
  .text              ro code   0x801'c2c4       0x4  startup_stm32l151xc.o [1]
  .text              ro code   0x801'c2c8       0x4  startup_stm32l151xc.o [1]
  .text              ro code   0x801'c2cc       0x4  startup_stm32l151xc.o [1]
  .text              ro code   0x801'c2d0       0x4  startup_stm32l151xc.o [1]
  .text              ro code   0x801'c2d4       0x4  startup_stm32l151xc.o [1]
  .text              ro code   0x801'c2d8       0x4  startup_stm32l151xc.o [1]
  .text              ro code   0x801'c2dc       0x4  startup_stm32l151xc.o [1]
  .text              ro code   0x801'c2e0       0x4  startup_stm32l151xc.o [1]
  .text              ro code   0x801'c2e4       0x4  startup_stm32l151xc.o [1]
  .text              ro code   0x801'c2e8       0x4  startup_stm32l151xc.o [1]
  .text              ro code   0x801'c2ec       0x4  startup_stm32l151xc.o [1]
  .text              ro code   0x801'c2f0       0x4  startup_stm32l151xc.o [1]
  .text              ro code   0x801'c2f4       0x4  startup_stm32l151xc.o [1]
  .text              ro code   0x801'c2f8       0x4  startup_stm32l151xc.o [1]
  .text              ro code   0x801'c2fc       0x4  startup_stm32l151xc.o [1]
  .text              ro code   0x801'c300       0x4  startup_stm32l151xc.o [1]
  .text              ro code   0x801'c304       0x4  startup_stm32l151xc.o [1]
  .text              ro code   0x801'c308       0x4  startup_stm32l151xc.o [1]
  .text              ro code   0x801'c30c       0x4  startup_stm32l151xc.o [1]
  .text              ro code   0x801'c310       0x4  startup_stm32l151xc.o [1]
  .text              ro code   0x801'c314       0x4  startup_stm32l151xc.o [1]
  .text              ro code   0x801'c318       0x4  startup_stm32l151xc.o [1]
  .text              ro code   0x801'c31c       0x4  startup_stm32l151xc.o [1]
  .text              ro code   0x801'c320       0x4  startup_stm32l151xc.o [1]
  .text              ro code   0x801'c324       0x4  startup_stm32l151xc.o [1]
  .text              ro code   0x801'c328       0x4  startup_stm32l151xc.o [1]
  .text              ro code   0x801'c32c       0x4  startup_stm32l151xc.o [1]
  .text              ro code   0x801'c330       0x4  startup_stm32l151xc.o [1]
  .text              ro code   0x801'c334       0x4  startup_stm32l151xc.o [1]
  .text              ro code   0x801'c338       0x4  startup_stm32l151xc.o [1]
  .text              ro code   0x801'c33c       0x4  startup_stm32l151xc.o [1]
  .text              ro code   0x801'c340       0x2  system_stm32l1xx.o [1]
  .rodata            const     0x801'c342       0x0  zero_init3.o [4]
  .rodata            const     0x801'c342       0x0  lz77_init_single.o [4]
  Initializer bytes  const     0x801'c342     0x720  <for P2-1>
                             - 0x801'ca62  0x1'9d3e

"P2", part 1 of 3:                           0x132e
  P2-1                        0x2000'0000    0x132e  <Init block>
    .data            inited   0x2000'0000     0x298  user_app_sim.o [1]
    .data            inited   0x2000'0298       0x4  stm32l1xx_hal.o [1]
    .data            inited   0x2000'029c       0x4  stm32l1xx_hal.o [1]
    .data            inited   0x2000'02a0       0x4  system_stm32l1xx.o [1]
    .data            inited   0x2000'02a4      0x90  user_app_button.o [1]
    .data            inited   0x2000'0334      0x70  user_app_comm.o [1]
    .data            inited   0x2000'03a4       0x8  user_app_comm.o [1]
    .data            inited   0x2000'03ac      0xb0  user_app_ctrl_oxy.o [1]
    .data            inited   0x2000'045c       0xc  user_app_ctrl_oxy.o [1]
    .data            inited   0x2000'0468      0x20  user_app_lcd.o [1]
    .data            inited   0x2000'0488      0x14  user_app_lcd.o [1]
    .data            inited   0x2000'049c      0x70  user_app_lcd.o [1]
    .data            inited   0x2000'050c      0x20  user_app_lcd.o [1]
    .data            inited   0x2000'052c      0x30  user_app_lcd.o [1]
    .data            inited   0x2000'055c      0x30  user_app_lcd.o [1]
    .data            inited   0x2000'058c      0x60  user_app_lcd.o [1]
    .data            inited   0x2000'05ec      0x30  user_app_lcd.o [1]
    .data            inited   0x2000'061c      0x30  user_app_lcd.o [1]
    .data            inited   0x2000'064c      0x40  user_app_lcd.o [1]
    .data            inited   0x2000'068c      0x10  user_app_lcd.o [1]
    .data            inited   0x2000'069c      0x38  user_app_lcd.o [1]
    .data            inited   0x2000'06d4      0x10  user_app_lcd.o [1]
    .data            inited   0x2000'06e4      0x30  user_app_lcd.o [1]
    .data            inited   0x2000'0714      0x28  user_app_lcd.o [1]
    .data            inited   0x2000'073c      0x60  user_app_lcd.o [1]
    .data            inited   0x2000'079c      0x30  user_app_lcd.o [1]
    .data            inited   0x2000'07cc      0x48  user_app_lcd.o [1]
    .data            inited   0x2000'0814      0x14  user_app_lcd.o [1]
    .data            inited   0x2000'0828      0x38  user_app_mem.o [1]
    .data            inited   0x2000'0860      0x38  user_app_mem.o [1]
    .data            inited   0x2000'0898      0x38  user_app_mem.o [1]
    .data            inited   0x2000'08d0      0x80  user_app_mem.o [1]
    .data            inited   0x2000'0950      0x50  user_app_menu_display.o [1]
    .data            inited   0x2000'09a0      0x20  user_app_relay.o [1]
    .data            inited   0x2000'09c0      0x24  user_app_relay.o [1]
    .data            inited   0x2000'09e4      0x14  user_app_relay.o [1]
    .data            inited   0x2000'09f8      0x60  user_app_rs485.o [1]
    .data            inited   0x2000'0a58      0x40  user_app_sim.o [1]
    .data            inited   0x2000'0a98      0x14  user_app_sim.o [1]
    .data            inited   0x2000'0aac      0x10  user_ec200u.o [1]
    .data            inited   0x2000'0abc       0xc  user_ec200u.o [1]
    .data            inited   0x2000'0ac8       0xc  user_ec200u.o [1]
    .data            inited   0x2000'0ad4       0x4  user_ec200u.o [1]
    .data            inited   0x2000'0ad8       0x4  user_ec200u.o [1]
    .data            inited   0x2000'0adc       0x4  user_ec200u.o [1]
    .data            inited   0x2000'0ae0      0x14  user_ec200u.o [1]
    .data            inited   0x2000'0af4       0x4  user_ec200u.o [1]
    .data            inited   0x2000'0af8       0x4  user_ec200u.o [1]
    .data            inited   0x2000'0afc       0x4  user_ec200u.o [1]
    .data            inited   0x2000'0b00       0x4  user_ec200u.o [1]
    .data            inited   0x2000'0b04      0x30  user_external_eeprom.o [1]
    .data            inited   0x2000'0b34     0x140  user_external_eeprom.o [1]
    .data            inited   0x2000'0c74      0x30  user_internal_mem.o [1]
    .data            inited   0x2000'0ca4     0x140  user_internal_mem.o [1]
    .data            inited   0x2000'0de4      0x14  user_modem.o [1]
    .data            inited   0x2000'0df8      0x4c  user_modem.o [1]
    .data            inited   0x2000'0e44       0xc  user_modem.o [1]
    .data            inited   0x2000'0e50      0x10  user_modem.o [1]
    .data            inited   0x2000'0e60      0x58  user_mqtt.o [1]
    .data            inited   0x2000'0eb8      0x90  user_sim.o [1]
    .data            inited   0x2000'0f48       0x8  user_sim.o [1]
    .data            inited   0x2000'0f50      0x1c  user_sim.o [1]
    .data            inited   0x2000'0f6c      0x18  user_sim_common.o [1]
    .data            inited   0x2000'0f84      0x20  user_sim_common.o [1]
    .data            inited   0x2000'0fa4      0x20  user_sim_common.o [1]
    .data            inited   0x2000'0fc4      0x20  user_sim_common.o [1]
    .data            inited   0x2000'0fe4      0x20  user_sim_common.o [1]
    .data            inited   0x2000'1004      0x28  user_sim_common.o [1]
    .data            inited   0x2000'102c       0xc  user_sim_common.o [1]
    .data            inited   0x2000'1038      0x28  user_sim_common.o [1]
    .data            inited   0x2000'1060      0x28  user_sim_common.o [1]
    .data            inited   0x2000'1088      0x28  user_sim_common.o [1]
    .data            inited   0x2000'10b0       0xc  user_sim_common.o [1]
    .data            inited   0x2000'10bc      0x28  user_sim_common.o [1]
    .data            inited   0x2000'10e4      0x28  user_sim_common.o [1]
    .data            inited   0x2000'110c      0x20  user_sim_common.o [1]
    .data            inited   0x2000'112c      0x20  user_sim_common.o [1]
    .data            inited   0x2000'114c      0x20  user_sim_common.o [1]
    .data            inited   0x2000'116c      0x20  user_sim_common.o [1]
    .data            inited   0x2000'118c      0x50  user_sim_common.o [1]
    .data            inited   0x2000'11dc      0x84  user_sim_common.o [1]
    .data            inited   0x2000'1260      0x50  user_sim_common.o [1]
    .data            inited   0x2000'12b0      0x44  user_sim_common.o [1]
    .data            inited   0x2000'12f4       0xc  user_time.o [1]
    .data            inited   0x2000'1300       0xc  user_time.o [1]
    .data            inited   0x2000'130c       0x8  user_uart.o [1]
    .data            inited   0x2000'1314       0x8  user_uart.o [1]
    .data            inited   0x2000'131c       0x2  user_app_rs485.o [1]
    .data            inited   0x2000'131e       0x2  user_app_rs485.o [1]
    .data            inited   0x2000'1320       0x2  user_ec200u.o [1]
    .data            inited   0x2000'1322       0x1  user_app_button.o [1]
    .data            inited   0x2000'1323       0x1  user_app_button.o [1]
    .data            inited   0x2000'1324       0x1  user_app_button.o [1]
    .data            inited   0x2000'1325       0x1  user_app_button.o [1]
    .data            inited   0x2000'1326       0x1  user_app_ctrl_oxy.o [1]
    .data            inited   0x2000'1327       0x1  user_app_ctrl_oxy.o [1]
    .data            inited   0x2000'1328       0x1  user_app_ctrl_oxy.o [1]
    .data            inited   0x2000'1329       0x1  user_app_ctrl_oxy.o [1]
    .data            inited   0x2000'132a       0x1  user_app_lcd.o [1]
    .data            inited   0x2000'132b       0x1  user_app_lcd.o [1]
    .data            inited   0x2000'132c       0x1  user_app_lcd.o [1]
    .data            inited   0x2000'132d       0x1  user_ec200u.o [1]
                            - 0x2000'132e    0x132e

"P2", part 2 of 3:                           0x2a48
  .bss               zero     0x2000'1330     0x528  user_external_eeprom.o [1]
  .bss               zero     0x2000'1858     0x4b0  user_mqtt.o [1]
  .bss               zero     0x2000'1d08     0x4b0  user_mqtt.o [1]
  .bss               zero     0x2000'21b8     0x4b0  user_sim.o [1]
  .bss               zero     0x2000'2668     0x4b0  user_uart.o [1]
  .bss               zero     0x2000'2b18     0x400  user_modem.o [1]
  .bss               zero     0x2000'2f18     0x100  user_app_sim.o [1]
  .bss               zero     0x2000'3018     0x100  user_app_sim.o [1]
  .bss               zero     0x2000'3118     0x100  user_external_eeprom.o [1]
  .bss               zero     0x2000'3218     0x100  user_internal_mem.o [1]
  .bss               zero     0x2000'3318     0x100  user_modem.o [1]
  .bss               zero     0x2000'3418     0x100  user_modem.o [1]
  .bss               zero     0x2000'3518      0xc4  user_mqtt.o [1]
  .bss               zero     0x2000'35dc      0xa0  user_external_eeprom.o [1]
  .bss               zero     0x2000'367c      0x80  user_at_serial.o [1]
  .bss               zero     0x2000'36fc      0x70  user_sim_common.o [1]
  .bss               zero     0x2000'376c      0x64  user_uart.o [1]
  .bss               zero     0x2000'37d0      0x54  i2c.o [1]
  .bss               zero     0x2000'3824      0x48  usart.o [1]
  .bss               zero     0x2000'386c      0x48  usart.o [1]
  .bss               zero     0x2000'38b4      0x48  usart.o [1]
  .bss               zero     0x2000'38fc      0x44  usart.o [1]
  .bss               zero     0x2000'3940      0x44  usart.o [1]
  .bss               zero     0x2000'3984      0x44  usart.o [1]
  .bss               zero     0x2000'39c8      0x34  user_mqtt.o [1]
  .bss               zero     0x2000'39fc      0x34  user_mqtt.o [1]
  .bss               zero     0x2000'3a30      0x34  user_sim.o [1]
  .bss               zero     0x2000'3a64      0x28  user_rtc.o [1]
  .bss               zero     0x2000'3a8c      0x20  rtc.o [1]
  .bss               zero     0x2000'3aac      0x20  user_app_menu_display.o [1]
  .bss               zero     0x2000'3acc      0x1c  user_rtc.o [1]
  .bss               zero     0x2000'3ae8      0x18  stm32l1xx_hal_flash.o [1]
  .bss               zero     0x2000'3b00      0x18  user_app_comm.o [1]
  .bss               zero     0x2000'3b18      0x18  user_app_ctrl_oxy.o [1]
  .bss               zero     0x2000'3b30      0x18  user_app_ctrl_oxy.o [1]
  .bss               zero     0x2000'3b48      0x18  user_external_eeprom.o [1]
  .bss               zero     0x2000'3b60      0x18  user_external_eeprom.o [1]
  .bss               zero     0x2000'3b78      0x18  user_internal_mem.o [1]
  .bss               zero     0x2000'3b90      0x18  user_internal_mem.o [1]
  .bss               zero     0x2000'3ba8      0x18  user_sim.o [1]
  .bss               zero     0x2000'3bc0      0x18  user_sim.o [1]
  .bss               zero     0x2000'3bd8      0x18  user_sim.o [1]
  .bss               zero     0x2000'3bf0      0x18  user_sim.o [1]
  .bss               zero     0x2000'3c08      0x18  user_sim_common.o [1]
  .bss               zero     0x2000'3c20      0x14  user_app_lcd.o [1]
  .bss               zero     0x2000'3c34      0x10  user_app_mem.o [1]
  .bss               zero     0x2000'3c44       0xc  iwdg.o [1]
  .bss               zero     0x2000'3c50       0xc  user_app_ctrl_oxy.o [1]
  .bss               zero     0x2000'3c5c       0xc  user_app_ctrl_oxy.o [1]
  .bss               zero     0x2000'3c68       0xc  user_app_ctrl_oxy.o [1]
  .bss               zero     0x2000'3c74       0xc  user_app_ctrl_oxy.o [1]
  .bss               zero     0x2000'3c80       0xc  user_app_ctrl_oxy.o [1]
  .bss               zero     0x2000'3c8c       0xc  user_app_menu_display.o [1]
  .bss               zero     0x2000'3c98       0xc  user_app_relay.o [1]
  .bss               zero     0x2000'3ca4       0xc  user_modem.o [1]
  .bss               zero     0x2000'3cb0       0xc  user_mqtt.o [1]
  .bss               zero     0x2000'3cbc       0xc  user_util.o [1]
  .bss               zero     0x2000'3cc8       0x8  user_app_ctrl_oxy.o [1]
  .bss               zero     0x2000'3cd0       0x8  user_app_menu_display.o [1]
  .bss               zero     0x2000'3cd8       0x4  cat24mxx.o [1]
  .bss               zero     0x2000'3cdc       0x4  stm32l1xx_hal.o [1]
  .bss               zero     0x2000'3ce0       0x4  user_app_comm.o [1]
  .bss               zero     0x2000'3ce4       0x4  user_app_ctrl_oxy.o [1]
  .bss               zero     0x2000'3ce8       0x4  user_app_ctrl_oxy.o [1]
  .bss               zero     0x2000'3cec       0x4  user_app_ctrl_oxy.o [1]
  .bss               zero     0x2000'3cf0       0x4  user_app_ctrl_oxy.o [1]
  .bss               zero     0x2000'3cf4       0x4  user_app_lcd.o [1]
  .bss               zero     0x2000'3cf8       0x4  user_lpm.o [1]
  .bss               zero     0x2000'3cfc       0x4  user_rtc.o [1]
  .bss               zero     0x2000'3d00       0x4  user_sim_common.o [1]
  .bss               zero     0x2000'3d04       0x4  user_timer.o [1]
  .bss               zero     0x2000'3d08       0x4  user_util.o [1]
  .bss               zero     0x2000'3d0c       0x4  user_util.o [1]
  .bss               zero     0x2000'3d10       0x2  user_app_comm.o [1]
  .bss               zero     0x2000'3d12       0x2  user_app_lcd.o [1]
  .bss               zero     0x2000'3d14       0x2  user_app_lcd.o [1]
  .bss               zero     0x2000'3d16       0x2  user_app_lcd.o [1]
  .bss               zero     0x2000'3d18       0x2  user_app_lcd.o [1]
  .bss               zero     0x2000'3d1a       0x2  user_app_lcd.o [1]
  .bss               zero     0x2000'3d1c       0x2  user_app_lcd.o [1]
  .bss               zero     0x2000'3d1e       0x2  user_app_lcd.o [1]
  .bss               zero     0x2000'3d20       0x2  user_app_lcd.o [1]
  .bss               zero     0x2000'3d22       0x2  user_app_lcd.o [1]
  .bss               zero     0x2000'3d24       0x2  user_app_lcd.o [1]
  .bss               zero     0x2000'3d26       0x2  user_app_lcd.o [1]
  .bss               zero     0x2000'3d28       0x2  user_app_lcd.o [1]
  .bss               zero     0x2000'3d2a       0x2  user_app_lcd.o [1]
  .bss               zero     0x2000'3d2c       0x2  user_app_lcd.o [1]
  .bss               zero     0x2000'3d2e       0x2  user_app_lcd.o [1]
  .bss               zero     0x2000'3d30       0x2  user_app_lcd.o [1]
  .bss               zero     0x2000'3d32       0x2  user_app_lcd.o [1]
  .bss               zero     0x2000'3d34       0x2  user_app_lcd.o [1]
  .bss               zero     0x2000'3d36       0x2  user_app_lcd.o [1]
  .bss               zero     0x2000'3d38       0x2  user_app_lcd.o [1]
  .bss               zero     0x2000'3d3a       0x2  user_app_lcd.o [1]
  .bss               zero     0x2000'3d3c       0x2  user_app_lcd.o [1]
  .bss               zero     0x2000'3d3e       0x2  user_app_lcd.o [1]
  .bss               zero     0x2000'3d40       0x2  user_app_lcd.o [1]
  .bss               zero     0x2000'3d42       0x2  user_app_lcd.o [1]
  .bss               zero     0x2000'3d44       0x2  user_app_mem.o [1]
  .bss               zero     0x2000'3d46       0x2  user_app_rs485.o [1]
  .bss               zero     0x2000'3d48       0x2  user_sim.o [1]
  .bss               zero     0x2000'3d4a       0x1  GLCD192x64.o [1]
  .bss               zero     0x2000'3d4b       0x1  GLCD192x64.o [1]
  .bss               zero     0x2000'3d4c       0x1  GLCD192x64.o [1]
  .bss               zero     0x2000'3d4d       0x1  GLCD192x64.o [1]
  .bss               zero     0x2000'3d4e       0x1  GLCD192x64.o [1]
  .bss               zero     0x2000'3d4f       0x1  user_app_button.o [1]
  .bss               zero     0x2000'3d50       0x1  user_app_button.o [1]
  .bss               zero     0x2000'3d51       0x1  user_app_button.o [1]
  .bss               zero     0x2000'3d52       0x1  user_app_button.o [1]
  .bss               zero     0x2000'3d53       0x1  user_app_comm.o [1]
  .bss               zero     0x2000'3d54       0x1  user_app_comm.o [1]
  .bss               zero     0x2000'3d55       0x1  user_app_comm.o [1]
  .bss               zero     0x2000'3d56       0x1  user_app_comm.o [1]
  .bss               zero     0x2000'3d57       0x1  user_app_comm.o [1]
  .bss               zero     0x2000'3d58       0x1  user_app_comm.o [1]
  .bss               zero     0x2000'3d59       0x1  user_app_ctrl_oxy.o [1]
  .bss               zero     0x2000'3d5a       0x1  user_app_ctrl_oxy.o [1]
  .bss               zero     0x2000'3d5b       0x1  user_app_ctrl_oxy.o [1]
  .bss               zero     0x2000'3d5c       0x1  user_app_lcd.o [1]
  .bss               zero     0x2000'3d5d       0x1  user_app_lcd.o [1]
  .bss               zero     0x2000'3d5e       0x1  user_app_lcd.o [1]
  .bss               zero     0x2000'3d5f       0x1  user_app_lcd.o [1]
  .bss               zero     0x2000'3d60       0x1  user_app_lcd.o [1]
  .bss               zero     0x2000'3d61       0x1  user_app_lcd.o [1]
  .bss               zero     0x2000'3d62       0x1  user_app_lcd.o [1]
  .bss               zero     0x2000'3d63       0x1  user_app_lcd.o [1]
  .bss               zero     0x2000'3d64       0x1  user_app_lcd.o [1]
  .bss               zero     0x2000'3d65       0x1  user_app_lcd.o [1]
  .bss               zero     0x2000'3d66       0x1  user_app_lcd.o [1]
  .bss               zero     0x2000'3d67       0x1  user_app_mem.o [1]
  .bss               zero     0x2000'3d68       0x1  user_app_rs485.o [1]
  .bss               zero     0x2000'3d69       0x1  user_app_rs485.o [1]
  .bss               zero     0x2000'3d6a       0x1  user_app_sim.o [1]
  .bss               zero     0x2000'3d6b       0x1  user_app_sim.o [1]
  .bss               zero     0x2000'3d6c       0x1  user_at_serial.o [1]
  .bss               zero     0x2000'3d6d       0x1  user_external_eeprom.o [1]
  .bss               zero     0x2000'3d6e       0x1  user_external_eeprom.o [1]
  .bss               zero     0x2000'3d6f       0x1  user_lpm.o [1]
  .bss               zero     0x2000'3d70       0x1  user_rtc.o [1]
  .bss               zero     0x2000'3d71       0x1  user_sim.o [1]
  .bss               zero     0x2000'3d72       0x1  user_sim.o [1]
  .bss               zero     0x2000'3d73       0x1  user_uart.o [1]
  .bss               zero     0x2000'3d74       0x1  user_uart.o [1]
  .bss               zero     0x2000'3d75       0x1  user_uart.o [1]
  .bss               zero     0x2000'3d76       0x1  user_uart.o [1]
                            - 0x2000'3d77    0x2a47

"P2", part 3 of 3:                            0x400
  CSTACK                      0x2000'3d78     0x400  <Block>
    CSTACK           uninit   0x2000'3d78     0x400  <Block tail>
                            - 0x2000'4178     0x400

Unused ranges:

         From           To      Size
         ----           --      ----
   0x801'ca62   0x803'ffff  0x2'359e
  0x2000'132e  0x2000'132f       0x2
  0x2000'4178  0x2000'7fff    0x3e88


*******************************************************************************
*** INIT TABLE
***

          Address      Size
          -------      ----
Zero (__iar_zero_init3)
    1 destination range, total size 0x2a47:
          0x2000'1330  0x2a47

Copy/lz77 (__iar_lz77_init_single3)
    1 source range, total size 0x720 (37% of destination):
           0x801'c342   0x720
    1 destination range, total size 0x132e:
          0x2000'0000  0x132e



*******************************************************************************
*** MODULE SUMMARY
***

    Module                    ro code  ro data  rw data
    ------                    -------  -------  -------
command line/config:
    ---------------------------------------------------
    Total:

D:\Saoviet_Bitbucket\Saoviet_Control_Oxy\Project_Ver_EC200U\Project_Control_Oxy_Ver_3\EWARM\Project_Control_Oxy\Obj: [1]
    GLCD192x64.o                3'274      592        5
    MQTTConnectClient.o           512       16
    MQTTPacket.o                  284
    MQTTSerializePublish.o        224        4
    MQTTSubscribeClient.o         232        4
    cat24mxx.o                    516                 4
    dma.o                          76
    event_driven.o                 84
    gpio.o                        396
    i2c.o                         176                84
[...]
aUSER_MQTT_BACKUP       0x2000'10bc   0x28  Data  Gb  user_sim_common.o [1]
aUSER_MQTT_MAIN         0x2000'1038   0x28  Data  Gb  user_sim_common.o [1]
at_callback_failure      0x800'eb6b   0x14  Code  Lc  user_ec200u.o [1]
at_callback_success      0x800'eb65    0x6  Code  Lc  user_ec200u.o [1]
cTime_RTC               0x2000'0488   0x14  Data  Gb  user_app_lcd.o [1]
exit                     0x801'aa8b    0x4  Code  Gb  exit.o [2]
exp                      0x801'57b5   0x30  Code  Gb  exp64.o [3]
expl                     0x801'57b5   0x30  Code  Gb  exp64.o [3]
fGET_CYCLE_SLAVE_CTRL    0x800'4cb9   0x66  Code  Gb  user_at_serial.o [1]
fGET_ID_SLAVE_485        0x800'45f1   0x6c  Code  Gb  user_at_serial.o [1]
fGET_MODE_OXY            0x800'4be9   0xc8  Code  Gb  user_at_serial.o [1]
fGET_OXY_LOWER           0x800'4879   0x40  Code  Gb  user_at_serial.o [1]
fGET_OXY_LOWER_W         0x800'4a53   0x3a  Code  Gb  user_at_serial.o [1]
fGET_OXY_MEASURE         0x800'4b3d   0x9e  Code  Gb  user_at_serial.o [1]
fGET_OXY_UPPER           0x800'477d   0x3e  Code  Gb  user_at_serial.o [1]
fGET_OXY_UPPER_W         0x800'4969   0x40  Code  Gb  user_at_serial.o [1]
fGET_PASSWORD_OXY        0x800'4317   0x5c  Code  Gb  user_at_serial.o [1]
fGET_TIMECHANGE_OXY      0x800'4429   0x4c  Code  Gb  user_at_serial.o [1]
fGET_TIMEDELAY_OXY       0x800'44fd   0x4a  Code  Gb  user_at_serial.o [1]
fPushBlockSimStepToQueue
                         0x800'5eef   0x30  Code  Gb  user_sim.o [1]
fPushSimStepToQueue      0x800'5ea7   0x48  Code  Gb  user_sim.o [1]
fSET_ID_SLAVE_485        0x800'4665  0x114  Code  Gb  user_at_serial.o [1]
fSET_OXY_LOWER           0x800'48b9   0xaa  Code  Gb  user_at_serial.o [1]
fSET_OXY_LOWER_W         0x800'4a99   0xa0  Code  Gb  user_at_serial.o [1]
fSET_OXY_UPPER           0x800'47cd   0xa4  Code  Gb  user_at_serial.o [1]
fSET_OXY_UPPER_W         0x800'49b1   0xa2  Code  Gb  user_at_serial.o [1]
fSET_PASSWORD_OXY        0x800'4379   0xb0  Code  Gb  user_at_serial.o [1]
fSET_TIMECHANGE_OXY      0x800'4475   0x88  Code  Gb  user_at_serial.o [1]
fSET_TIMEDELAY_OXY       0x800'454d   0x9e  Code  Gb  user_at_serial.o [1]
fevent_active            0x800'813f   0x1e  Code  Gb  event_driven.o [1]
fevent_button_click_down
                         0x801'7559   0x72  Code  Lc  user_app_button.o [1]
fevent_button_click_down::state_before
                        0x2000'1324    0x1  Data  Lc  user_app_button.o [1]
fevent_button_click_down::state_current
                        0x2000'3d51    0x1  Data  Lc  user_app_button.o [1]
fevent_button_click_enter
                         0x801'73d3   0x80  Code  Lc  user_app_button.o [1]
fevent_button_click_enter::state_before
                        0x2000'1322    0x1  Data  Lc  user_app_button.o [1]
fevent_button_click_enter::state_current
                        0x2000'3d4f    0x1  Data  Lc  user_app_button.o [1]
fevent_button_click_exit
                         0x801'7615   0x78  Code  Lc  user_app_button.o [1]
fevent_button_click_exit::state_before
                        0x2000'1325    0x1  Data  Lc  user_app_button.o [1]
fevent_button_click_exit::state_current
                        0x2000'3d52    0x1  Data  Lc  user_app_button.o [1]
fevent_button_click_up   0x801'749d   0x72  Code  Lc  user_app_button.o [1]
fevent_button_click_up::state_before
                        0x2000'1323    0x1  Data  Lc  user_app_button.o [1]
fevent_button_click_up::state_current
                        0x2000'3d50    0x1  Data  Lc  user_app_button.o [1]
fevent_button_entry      0x801'73cd    0x6  Code  Lc  user_app_button.o [1]
fevent_button_hold_down
                         0x801'75cb   0x4a  Code  Lc  user_app_button.o [1]
fevent_button_hold_enter
                         0x801'7453   0x4a  Code  Lc  user_app_button.o [1]
fevent_button_hold_exit
                         0x801'768d   0x4e  Code  Lc  user_app_button.o [1]
fevent_button_hold_up    0x801'750f   0x4a  Code  Lc  user_app_button.o [1]
fevent_control_led_status
                         0x801'4f01   0x12  Code  Lc  user_app_relay.o [1]
fevent_ctrl_oxy_entry    0x800'b24d   0x2c  Code  Lc  user_app_ctrl_oxy.o [1]
fevent_ctrl_oxy_iwdg     0x800'b287   0x1c  Code  Lc  user_app_ctrl_oxy.o [1]
fevent_ctrl_oxy_log_tsvh
                         0x800'b3bf   0x1a  Code  Lc  user_app_ctrl_oxy.o [1]
fevent_ctrl_oxy_pw_detect
                         0x800'b3d9   0x8a  Code  Lc  user_app_ctrl_oxy.o [1]
fevent_ctrl_oxy_pw_detect::StatePowerBefor
                        0x2000'1326    0x1  Data  Lc  user_app_ctrl_oxy.o [1]
fevent_ctrl_oxy_pw_detect::gettick_pw_detect
                        0x2000'3ce8    0x4  Data  Lc  user_app_ctrl_oxy.o [1]
fevent_ctrl_oxy_reset_dcu
                         0x800'b5df   0x9c  Code  Lc  user_app_ctrl_oxy.o [1]
fevent_ctrl_oxy_state_slave
                         0x800'b463   0x7e  Code  Lc  user_app_ctrl_oxy.o [1]
fevent_ctrl_oxy_state_slave::StateSensorOxyBefore
                        0x2000'1327    0x1  Data  Lc  user_app_ctrl_oxy.o [1]
fevent_ctrl_oxy_state_slave::gettick_state_slave
                        0x2000'3cec    0x4  Data  Lc  user_app_ctrl_oxy.o [1]
fevent_ctrl_oxy_sw_man_auto
                         0x800'b67b   0x88  Code  Lc  user_app_ctrl_oxy.o [1]
fevent_ctrl_oxy_sw_man_auto::stateMachineBefore
                        0x2000'1329    0x1  Data  Lc  user_app_ctrl_oxy.o [1]
fevent_ctrl_oxy_wait_calib
                         0x800'b369   0x56  Code  Lc  user_app_ctrl_oxy.o [1]
fevent_ctrl_oxy_wait_calib::countstate
                        0x2000'3d5b    0x1  Data  Lc  user_app_ctrl_oxy.o [1]
fevent_ctrl_oxy_warning
                         0x800'b4e1   0xfe  Code  Lc  user_app_ctrl_oxy.o [1]
fevent_ctrl_oxy_warning::StateOxyBefore
                        0x2000'1328    0x1  Data  Lc  user_app_ctrl_oxy.o [1]
fevent_ctrl_oxy_warning::gettick_warning_period
                        0x2000'3cf0    0x4  Data  Lc  user_app_ctrl_oxy.o [1]
fevent_disable           0x800'8181   0x12  Code  Gb  event_driven.o [1]
fevent_enable            0x800'815d   0x24  Code  Gb  event_driven.o [1]
fevent_entry_tsvh        0x800'b279    0xe  Code  Lc  user_app_ctrl_oxy.o [1]
fevent_lcd_entry         0x801'2fb1   0x4e  Code  Lc  user_app_lcd.o [1]
fevent_lcd_get_time_rtc
                         0x801'2fff   0x7e  Code  Lc  user_app_lcd.o [1]
fevent_lcd_get_time_rtc::check_RTC
                        0x2000'3d5c    0x1  Data  Lc  user_app_lcd.o [1]
fevent_menu_display_alter
                         0x800'99bb   0x6a  Code  Lc  user_app_menu_display.o [1]
fevent_menu_display_back_main_1
                         0x800'9a89   0x2e  Code  Lc  user_app_menu_display.o [1]
fevent_menu_display_calib_oxy
                         0x800'9a25   0x64  Code  Lc  user_app_menu_display.o [1]
fevent_menu_entry        0x800'99a5   0x16  Code  Lc  user_app_menu_display.o [1]
fevent_off_speaker       0x800'9ab7   0x14  Code  Lc  user_app_menu_display.o [1]
fevent_relay_entry       0x801'4ef1   0x10  Code  Lc  user_app_relay.o [1]
fevent_reset_sensor_oxy
                         0x800'caeb   0x3c  Code  Lc  user_app_rs485.o [1]
fevent_rs485_entry       0x800'c79d   0x12  Code  Lc  user_app_rs485.o [1]
fevent_rs485_receive_complete
                         0x800'c90f  0x1dc  Code  Lc  user_app_rs485.o [1]
fevent_rs485_receive_complete::CountDisconnectOxy
                        0x2000'3d68    0x1  Data  Lc  user_app_rs485.o [1]
fevent_rs485_receive_complete::CountDisconnectPH
                        0x2000'3d69    0x1  Data  Lc  user_app_rs485.o [1]
fevent_rs485_receive_handle
                         0x800'c8cf   0x40  Code  Lc  user_app_rs485.o [1]
fevent_rs485_transmit    0x800'c7af  0x120  Code  Lc  user_app_rs485.o [1]
fevent_send_slave_cycle
                         0x800'b2a3   0xc6  Code  Lc  user_app_ctrl_oxy.o [1]
fevent_send_slave_cycle::stateSend
                        0x2000'3d5a    0x1  Data  Lc  user_app_ctrl_oxy.o [1]
fevent_sim_at_send_handler
                         0x800'59d1  0x100  Code  Lc  user_sim.o [1]
fevent_sim_at_send_ok_handler
                         0x800'5ad1   0xf2  Code  Lc  user_sim.o [1]
fevent_sim_at_send_timeout_handler
                         0x800'5bc3   0x8c  Code  Lc  user_sim.o [1]
fevent_sim_dtr_pin_handler
                         0x800'5def   0x28  Code  Lc  user_sim.o [1]
fevent_sim_dtr_pin_handler::DTR_PIN_Control_u8
                        0x2000'3d72    0x1  Data  Lc  user_sim.o [1]
fevent_sim_hard_reset_handler
                         0x800'5dd7   0x12  Code  Lc  user_sim.o [1]
fevent_sim_power_off_handler
                         0x800'5e17   0x90  Code  Lc  user_sim.o [1]
fevent_sim_turn_on_handler
                         0x800'5cb7  0x120  Code  Lc  user_sim.o [1]
fevent_sim_uart_receive_handler
                         0x800'5c4f   0x68  Code  Lc  user_sim.o [1]
fevent_sim_uart_receive_handler::LastLengthRecv
                        0x2000'3d48    0x2  Data  Lc  user_sim.o [1]
fevent_sim_uart_receive_handler::MarkFirst
                        0x2000'3d71    0x1  Data  Lc  user_sim.o [1]
fevent_sim_wake_up_handler
                         0x800'5de9    0x6  Code  Lc  user_sim.o [1]
fevent_wait_sensor_oxy_on
                         0x800'cb27   0x2a  Code  Lc  user_app_rs485.o [1]
font5x8                  0x801'9b08  0x250  Data  Lc  GLCD192x64.o [1]
frexp                    0x801'6ce1         Code  Gb  frexp.o [3]
frexpl                   0x801'6ce1         Code  Gb  frexp.o [3]
hdma_usart1_rx          0x2000'38fc   0x44  Data  Gb  usart.o [1]
hdma_usart2_rx          0x2000'3940   0x44  Data  Gb  usart.o [1]
hdma_usart3_rx          0x2000'3984   0x44  Data  Gb  usart.o [1]
hi2c1                   0x2000'37d0   0x54  Data  Gb  i2c.o [1]
hiwdg                   0x2000'3c44    0xc  Data  Gb  iwdg.o [1]
hrtc                    0x2000'3a8c   0x20  Data  Gb  rtc.o [1]
huart1                  0x2000'3824   0x48  Data  Gb  usart.o [1]
huart2                  0x2000'386c   0x48  Data  Gb  usart.o [1]
huart3                  0x2000'38b4   0x48  Data  Gb  usart.o [1]
ldexp                    0x801'6d81         Code  Gb  ldexp.o [3]
ldexpl                   0x801'6d81         Code  Gb  ldexp.o [3]
lnbias                   0x801'96e8  0x420  Data  Lc  pow64.o [3]
mConnect_MQTT            0x801'1345   0x46  Code  Gb  user_mqtt.o [1]
mData_MQTT               0x801'019d   0x7a  Code  Gb  user_mqtt.o [1]
mInit_Header_Subcribe    0x801'126b   0xda  Code  Gb  user_mqtt.o [1]
mInit_u16                0x800'5941   0x62  Code  Gb  user_modem_init.o [1]
mPayload_Load_MesErr     0x801'0df5   0x38  Code  Gb  user_mqtt.o [1]
mPayload_Update_Add      0x801'0dcf   0x1a  Code  Gb  user_mqtt.o [1]
mPublish_MQTT            0x801'13ab    0xa  Code  Gb  user_mqtt.o [1]
mSave_u16                0x800'59a3   0x2e  Code  Gb  user_modem_init.o [1]
mSend_Packet_MQTT        0x801'019b    0x2  Code  Gb  user_mqtt.o [1]
mSet_default_MQTT        0x801'00f1   0x18  Code  Gb  user_mqtt.o [1]
mSubcribe_MQTT           0x801'138b   0x20  Code  Gb  user_mqtt.o [1]
mUpdate_Split_FTP        0x801'1211   0x58  Code  Gb  user_mqtt.o [1]
main                     0x801'65d1   0x36  Code  Gb  main.o [1]
memset                   0x801'66c5   0x14  Code  Gb  memset.o [4]
oLCD_C_Calib_Oxy        0x2000'07cc   0x48  Data  Gb  user_app_lcd.o [1]
oLCD_C_Login            0x2000'058c   0x60  Data  Gb  user_app_lcd.o [1]
oLCD_C_Main_1           0x2000'049c   0x70  Data  Gb  user_app_lcd.o [1]
oLCD_C_Main_2           0x2000'052c   0x30  Data  Gb  user_app_lcd.o [1]
oLCD_C_Setting_Calib    0x2000'064c   0x40  Data  Gb  user_app_lcd.o [1]
oLCD_C_Setting_Cycle    0x2000'069c   0x38  Data  Gb  user_app_lcd.o [1]
oLCD_C_Setting_Main     0x2000'061c   0x30  Data  Gb  user_app_lcd.o [1]
oLCD_C_Setting_Parameter
                        0x2000'06e4   0x30  Data  Gb  user_app_lcd.o [1]
oLCD_C_Setting_Password
                        0x2000'073c   0x60  Data  Gb  user_app_lcd.o [1]
oLCD_U_Login            0x2000'05ec   0x30  Data  Gb  user_app_lcd.o [1]
oLCD_U_Main_1           0x2000'050c   0x20  Data  Gb  user_app_lcd.o [1]
oLCD_U_Main_2           0x2000'055c   0x30  Data  Gb  user_app_lcd.o [1]
oLCD_U_Setting_Calib    0x2000'068c   0x10  Data  Gb  user_app_lcd.o [1]
oLCD_U_Setting_Cycle    0x2000'06d4   0x10  Data  Gb  user_app_lcd.o [1]
oLCD_U_Setting_Parameter
                        0x2000'0714   0x28  Data  Gb  user_app_lcd.o [1]
oLCD_U_Setting_Password
                        0x2000'079c   0x30  Data  Gb  user_app_lcd.o [1]
pFlash                  0x2000'3ae8   0x18  Data  Gb  stm32l1xx_hal_flash.o [1]
pFunc_Log_To_Mem        0x2000'3d0c    0x4  Data  Gb  user_util.o [1]
pModemProcessIRQTimer   0x2000'3cfc    0x4  Data  Gb  user_rtc.o [1]
pow                      0x801'1a8d  0x6d0  Code  Gb  pow64.o [3]
powl                     0x801'1a8d  0x6d0  Code  Gb  pow64.o [3]
qCopy_Data_From_Queue    0x801'002d   0x60  Code  Lc  queue_p.o [1]
qCopy_Data_To_Queue      0x800'ffb5   0x78  Code  Lc  queue_p.o [1]
qCtrlOxyFree            0x2000'3b30   0x18  Data  Gb  user_app_ctrl_oxy.o [1]
qCtrlOxyRun             0x2000'3b18   0x18  Data  Gb  user_app_ctrl_oxy.o [1]
qExEEPROMRead           0x2000'3b48   0x18  Data  Gb  user_external_eeprom.o [1]
qExEEPROMWrite          0x2000'3b60   0x18  Data  Gb  user_external_eeprom.o [1]
qGet_Number_Items        0x801'008d    0x4  Code  Gb  queue_p.o [1]
qOnFlashRead            0x2000'3b78   0x18  Data  Gb  user_internal_mem.o [1]
qOnFlashWrite           0x2000'3b90   0x18  Data  Gb  user_internal_mem.o [1]
qQueue_Back_Item         0x801'0091   0x54  Code  Gb  queue_p.o [1]
qQueue_Clear             0x800'ff5b    0xe  Code  Gb  queue_p.o [1]
qQueue_Create            0x800'ff2d   0x2e  Code  Gb  queue_p.o [1]
qQueue_Receive           0x800'ff93   0x22  Code  Gb  queue_p.o [1]
qQueue_Send              0x800'ff69   0x2a  Code  Gb  queue_p.o [1]
qReadFree               0x2000'3c74    0xc  Data  Gb  user_app_ctrl_oxy.o [1]
qReadRun                0x2000'3c68    0xc  Data  Gb  user_app_ctrl_oxy.o [1]
qSimStep                0x2000'3bf0   0x18  Data  Gb  user_sim.o [1]
sAppMem                 0x2000'3c34   0x10  Data  Gb  user_app_mem.o [1]
sAppSimCallBack         0x2000'0a98   0x14  Data  Gb  user_app_sim.o [1]
sAppSimVar              0x2000'0000  0x298  Data  Gb  user_app_sim.o [1]
sDate                   0x2000'3cf4    0x4  Data  Gb  user_app_lcd.o [1]
sEventAppButton         0x2000'02a4   0x90  Data  Gb  user_app_button.o [1]
sEventAppComm           0x2000'0334   0x70  Data  Gb  user_app_comm.o [1]
sEventAppCtrlOxy        0x2000'03ac   0xb0  Data  Gb  user_app_ctrl_oxy.o [1]
sEventAppLcd            0x2000'0468   0x20  Data  Gb  user_app_lcd.o [1]
sEventAppMem            0x2000'08d0   0x80  Data  Gb  user_app_mem.o [1]
sEventAppMenu           0x2000'0950   0x50  Data  Gb  user_app_menu_display.o [1]
sEventAppRelay          0x2000'09a0   0x20  Data  Gb  user_app_relay.o [1]
sEventAppRs485          0x2000'09f8   0x60  Data  Gb  user_app_rs485.o [1]
sEventAppSim            0x2000'0a58   0x40  Data  Gb  user_app_sim.o [1]
sEventExEEPROM          0x2000'0b04   0x30  Data  Gb  user_external_eeprom.o [1]
sEventOnChipFlash       0x2000'0c74   0x30  Data  Gb  user_internal_mem.o [1]
sEventSim               0x2000'0eb8   0x90  Data  Gb  user_sim.o [1]
sExEEPROM               0x2000'0b34  0x140  Data  Gb  user_external_eeprom.o [1]
sFROM_Manager           0x2000'3cd8    0x4  Data  Gb  cat24mxx.o [1]
sFileSys                0x2000'12b0   0x44  Data  Gb  user_sim_common.o [1]
sFirmVersion            0x2000'03a4    0x8  Data  Gb  user_app_comm.o [1]
sFreqInfor              0x2000'0e44    0xc  Data  Gb  user_modem.o [1]
sGettickMs              0x2000'3c80    0xc  Data  Gb  user_app_ctrl_oxy.o [1]
sIdSlave485             0x2000'131c    0x2  Data  Gb  user_app_rs485.o [1]
sKindMode485            0x2000'131e    0x2  Data  Gb  user_app_rs485.o [1]
sLPMFeatureHandler      0x2000'3cf8    0x4  Data  Gb  user_lpm.o [1]
sMQTT                   0x2000'3518   0xc4  Data  Gb  user_mqtt.o [1]
sMark_DCU_Type           0x801'9678   0x6c  Data  Gb  user_mqtt.o [1]
sMark_MessageRecei_Type
                         0x801'a2a0   0x90  Data  Gb  user_mqtt.o [1]
sMark_MessageSend_Type   0x801'9f54  0x1b0  Data  Gb  user_mqtt.o [1]
sMenuStamp              0x2000'3aac   0x20  Data  Gb  user_app_menu_display.o [1]
sMenuState              0x2000'3c8c    0xc  Data  Gb  user_app_menu_display.o [1]
sModem                  0x2000'0df8   0x4c  Data  Gb  user_modem.o [1]
sModemLPMHandler        0x2000'0e50   0x10  Data  Gb  user_modem.o [1]
sOnFlash                0x2000'0ca4  0x140  Data  Gb  user_internal_mem.o [1]
sParamCtrlOxy           0x2000'3c5c    0xc  Data  Gb  user_app_ctrl_oxy.o [1]
sParamMeasure           0x2000'3c50    0xc  Data  Gb  user_app_ctrl_oxy.o [1]
sPassword               0x2000'3cd0    0x8  Data  Gb  user_app_menu_display.o [1]
sQExEEPROMRead          0x2000'35dc   0xa0  Data  Lc  user_external_eeprom.o [1]
sQExEEPROMWrite         0x2000'1330  0x528  Data  Lc  user_external_eeprom.o [1]
sRTC                    0x2000'3cbc    0xc  Data  Gb  user_util.o [1]
sRTCSet                 0x2000'3ca4    0xc  Data  Gb  user_modem.o [1]
sRecEvent               0x2000'0860   0x38  Data  Gb  user_app_mem.o [1]
sRecLog                 0x2000'0898   0x38  Data  Gb  user_app_mem.o [1]
sRecTSVH                0x2000'0828   0x38  Data  Gb  user_app_mem.o [1]
sSimCommFuncCallBack    0x2000'3d00    0x4  Data  Gb  user_sim_common.o [1]
sSimCommon              0x2000'36fc   0x70  Data  Gb  user_sim_common.o [1]
sSimFwUpdate            0x2000'1260   0x50  Data  Gb  user_sim_common.o [1]
sSimInfor               0x2000'11dc   0x84  Data  Gb  user_sim_common.o [1]
sSimVar                 0x2000'0f50   0x1c  Data  Gb  user_sim.o [1]
sStateCtrlOxy           0x2000'045c    0xc  Data  Gb  user_app_ctrl_oxy.o [1]
sStatusRelay            0x2000'3c98    0xc  Data  Gb  user_app_relay.o [1]
sTime                   0x2000'3c20   0x14  Data  Gb  user_app_lcd.o [1]
sTimeSlave              0x2000'3ce4    0x4  Data  Gb  user_app_ctrl_oxy.o [1]
sUart485                0x2000'1314    0x8  Data  Gb  user_uart.o [1]
sUartDebug              0x2000'130c    0x8  Data  Gb  user_uart.o [1]
sUartSim                0x2000'0f48    0x8  Data  Gb  user_sim.o [1]
scalbln                  0x801'6d81         Code  Gb  ldexp.o [3]
scalblnl                 0x801'6d81         Code  Gb  ldexp.o [3]
scalbn                   0x801'6d81         Code  Gb  ldexp.o [3]
scalbnl                  0x801'6d81         Code  Gb  ldexp.o [3]
screen_x                0x2000'3d4a    0x1  Data  Gb  GLCD192x64.o [1]
screen_y                0x2000'3d4b    0x1  Data  Gb  GLCD192x64.o [1]
status                  0x2000'3d4d    0x1  Data  Gb  GLCD192x64.o [1]
strchr                   0x801'88c5         Code  Gb  strchr.o [4]
strlen                   0x800'e2cd         Code  Gb  strlen.o [4]
strstr                   0x801'6899   0x2c  Code  Gb  strstr.o [2]
topicString             0x2000'3cb0    0xc  Data  Gb  user_mqtt.o [1]
uartSimBuffReceive      0x2000'21b8  0x4b0  Data  Gb  user_sim.o [1]
uwTick                  0x2000'3cdc    0x4  Data  Gb  stm32l1xx_hal.o [1]
uwTickFreq              0x2000'029c    0x4  Data  Gb  stm32l1xx_hal.o [1]
uwTickPrio              0x2000'0298    0x4  Data  Gb  stm32l1xx_hal.o [1]
writeCString             0x801'8961   0x34  Code  Gb  MQTTPacket.o [1]
writeChar                0x801'892b    0xc  Code  Gb  MQTTPacket.o [1]
writeInt                 0x801'8937   0x2a  Code  Gb  MQTTPacket.o [1]
writeMQTTString          0x801'8995   0x46  Code  Gb  MQTTPacket.o [1]


[1] = D:\Saoviet_Bitbucket\Saoviet_Control_Oxy\Project_Ver_EC200U\Project_Control_Oxy_Ver_3\EWARM\Project_Control_Oxy\Obj
[2] = dl7M_tlf.a
[3] = m7M_tl.a
[4] = rt7M_tl.a
[5] = shb_l.a

  90'780 bytes of readonly  code memory
  15'302 bytes of readonly  data memory
  16'757 bytes of readwrite data memory

Errors: none
Warnings: none
