###############################################################################
#
# IAR ELF Linker V8.40.2.214/W32 for ARM                  17/Oct/2023  10:57:23
# Copyright 2007-2019 IAR Systems AB.
#
#    Output file  =
#        D:\Project_STM32\Saoviet_Control_Oxy\Project_Control_Oxy\EWARM\Project_Control_Oxy\Exe\Project_Control_Oxy.out
#    Map file     =
#        D:\Project_STM32\Saoviet_Control_Oxy\Project_Control_Oxy\EWARM\Project_Control_Oxy\List\Project_Control_Oxy.map
#    Command line =
#        -f C:\Users\PC\AppData\Local\Temp\EW45F4.tmp
#        (D:\Project_STM32\Saoviet_Control_Oxy\Project_Control_Oxy\EWARM\Project_Control_Oxy\Obj\cat24mxx.o
#        D:\Project_STM32\Saoviet_Control_Oxy\Project_Control_Oxy\EWARM\Project_Control_Oxy\Obj\dma.o
#        D:\Project_STM32\Saoviet_Control_Oxy\Project_Control_Oxy\EWARM\Project_Control_Oxy\Obj\event_driven.o
#        D:\Project_STM32\Saoviet_Control_Oxy\Project_Control_Oxy\EWARM\Project_Control_Oxy\Obj\GLCD192x64.o
#        D:\Project_STM32\Saoviet_Control_Oxy\Project_Control_Oxy\EWARM\Project_Control_Oxy\Obj\gpio.o
#        D:\Project_STM32\Saoviet_Control_Oxy\Project_Control_Oxy\EWARM\Project_Control_Oxy\Obj\i2c.o
#        D:\Project_STM32\Saoviet_Control_Oxy\Project_Control_Oxy\EWARM\Project_Control_Oxy\Obj\main.o
#        D:\Project_STM32\Saoviet_Control_Oxy\Project_Control_Oxy\EWARM\Project_Control_Oxy\Obj\MQTTConnectClient.o
#        D:\Project_STM32\Saoviet_Control_Oxy\Project_Control_Oxy\EWARM\Project_Control_Oxy\Obj\MQTTConnectServer.o
#        D:\Project_STM32\Saoviet_Control_Oxy\Project_Control_Oxy\EWARM\Project_Control_Oxy\Obj\MQTTDeserializePublish.o
#        D:\Project_STM32\Saoviet_Control_Oxy\Project_Control_Oxy\EWARM\Project_Control_Oxy\Obj\MQTTFormat.o
#        D:\Project_STM32\Saoviet_Control_Oxy\Project_Control_Oxy\EWARM\Project_Control_Oxy\Obj\MQTTPacket.o
#        D:\Project_STM32\Saoviet_Control_Oxy\Project_Control_Oxy\EWARM\Project_Control_Oxy\Obj\MQTTSerializePublish.o
#        D:\Project_STM32\Saoviet_Control_Oxy\Project_Control_Oxy\EWARM\Project_Control_Oxy\Obj\MQTTSubscribeClient.o
#        D:\Project_STM32\Saoviet_Control_Oxy\Project_Control_Oxy\EWARM\Project_Control_Oxy\Obj\MQTTSubscribeServer.o
#        D:\Project_STM32\Saoviet_Control_Oxy\Project_Control_Oxy\EWARM\Project_Control_Oxy\Obj\MQTTUnsubscribeClient.o
#        D:\Project_STM32\Saoviet_Control_Oxy\Project_Control_Oxy\EWARM\Project_Control_Oxy\Obj\MQTTUnsubscribeServer.o
#        D:\Project_STM32\Saoviet_Control_Oxy\Project_Control_Oxy\EWARM\Project_Control_Oxy\Obj\onchipflash.o
#        D:\Project_STM32\Saoviet_Control_Oxy\Project_Control_Oxy\EWARM\Project_Control_Oxy\Obj\queue_p.o
#        D:\Project_STM32\Saoviet_Control_Oxy\Project_Control_Oxy\EWARM\Project_Control_Oxy\Obj\rtc.o
#        D:\Project_STM32\Saoviet_Control_Oxy\Project_Control_Oxy\EWARM\Project_Control_Oxy\Obj\startup_stm32l151xc.o
#        D:\Project_STM32\Saoviet_Control_Oxy\Project_Control_Oxy\EWARM\Project_Control_Oxy\Obj\stm32l1xx_hal.o
#        D:\Project_STM32\Saoviet_Control_Oxy\Project_Control_Oxy\EWARM\Project_Control_Oxy\Obj\stm32l1xx_hal_cortex.o
#        D:\Project_STM32\Saoviet_Control_Oxy\Project_Control_Oxy\EWARM\Project_Control_Oxy\Obj\stm32l1xx_hal_dma.o
#        D:\Project_STM32\Saoviet_Control_Oxy\Project_Control_Oxy\EWARM\Project_Control_Oxy\Obj\stm32l1xx_hal_exti.o
#        D:\Project_STM32\Saoviet_Control_Oxy\Project_Control_Oxy\EWARM\Project_Control_Oxy\Obj\stm32l1xx_hal_flash.o
#        D:\Project_STM32\Saoviet_Control_Oxy\Project_Control_Oxy\EWARM\Project_Control_Oxy\Obj\stm32l1xx_hal_flash_ex.o
#        D:\Project_STM32\Saoviet_Control_Oxy\Project_Control_Oxy\EWARM\Project_Control_Oxy\Obj\stm32l1xx_hal_flash_ramfunc.o
#        D:\Project_STM32\Saoviet_Control_Oxy\Project_Control_Oxy\EWARM\Project_Control_Oxy\Obj\stm32l1xx_hal_gpio.o
#        D:\Project_STM32\Saoviet_Control_Oxy\Project_Control_Oxy\EWARM\Project_Control_Oxy\Obj\stm32l1xx_hal_i2c.o
#        D:\Project_STM32\Saoviet_Control_Oxy\Project_Control_Oxy\EWARM\Project_Control_Oxy\Obj\stm32l1xx_hal_msp.o
#        D:\Project_STM32\Saoviet_Control_Oxy\Project_Control_Oxy\EWARM\Project_Control_Oxy\Obj\stm32l1xx_hal_pwr.o
#        D:\Project_STM32\Saoviet_Control_Oxy\Project_Control_Oxy\EWARM\Project_Control_Oxy\Obj\stm32l1xx_hal_pwr_ex.o
#        D:\Project_STM32\Saoviet_Control_Oxy\Project_Control_Oxy\EWARM\Project_Control_Oxy\Obj\stm32l1xx_hal_rcc.o
#        D:\Project_STM32\Saoviet_Control_Oxy\Project_Control_Oxy\EWARM\Project_Control_Oxy\Obj\stm32l1xx_hal_rcc_ex.o
#        D:\Project_STM32\Saoviet_Control_Oxy\Project_Control_Oxy\EWARM\Project_Control_Oxy\Obj\stm32l1xx_hal_rtc.o
#        D:\Project_STM32\Saoviet_Control_Oxy\Project_Control_Oxy\EWARM\Project_Control_Oxy\Obj\stm32l1xx_hal_rtc_ex.o
#        D:\Project_STM32\Saoviet_Control_Oxy\Project_Control_Oxy\EWARM\Project_Control_Oxy\Obj\stm32l1xx_hal_tim.o
#        D:\Project_STM32\Saoviet_Control_Oxy\Project_Control_Oxy\EWARM\Project_Control_Oxy\Obj\stm32l1xx_hal_tim_ex.o
#        D:\Project_STM32\Saoviet_Control_Oxy\Project_Control_Oxy\EWARM\Project_Control_Oxy\Obj\stm32l1xx_hal_uart.o
#        D:\Project_STM32\Saoviet_Control_Oxy\Project_Control_Oxy\EWARM\Project_Control_Oxy\Obj\stm32l1xx_it.o
#        D:\Project_STM32\Saoviet_Control_Oxy\Project_Control_Oxy\EWARM\Project_Control_Oxy\Obj\system_stm32l1xx.o
#        D:\Project_STM32\Saoviet_Control_Oxy\Project_Control_Oxy\EWARM\Project_Control_Oxy\Obj\tim.o
#        D:\Project_STM32\Saoviet_Control_Oxy\Project_Control_Oxy\EWARM\Project_Control_Oxy\Obj\usart.o
#        D:\Project_STM32\Saoviet_Control_Oxy\Project_Control_Oxy\EWARM\Project_Control_Oxy\Obj\user_app_button.o
#        D:\Project_STM32\Saoviet_Control_Oxy\Project_Control_Oxy\EWARM\Project_Control_Oxy\Obj\user_app_comm.o
#        D:\Project_STM32\Saoviet_Control_Oxy\Project_Control_Oxy\EWARM\Project_Control_Oxy\Obj\user_app_ctrl_oxy.o
#        D:\Project_STM32\Saoviet_Control_Oxy\Project_Control_Oxy\EWARM\Project_Control_Oxy\Obj\user_app_lcd.o
#        D:\Project_STM32\Saoviet_Control_Oxy\Project_Control_Oxy\EWARM\Project_Control_Oxy\Obj\user_app_mem.o
#        D:\Project_STM32\Saoviet_Control_Oxy\Project_Control_Oxy\EWARM\Project_Control_Oxy\Obj\user_app_menu_display.o
#        D:\Project_STM32\Saoviet_Control_Oxy\Project_Control_Oxy\EWARM\Project_Control_Oxy\Obj\user_app_relay.o
#        D:\Project_STM32\Saoviet_Control_Oxy\Project_Control_Oxy\EWARM\Project_Control_Oxy\Obj\user_app_rs485.o
#        D:\Project_STM32\Saoviet_Control_Oxy\Project_Control_Oxy\EWARM\Project_Control_Oxy\Obj\user_app_sim.o
#        D:\Project_STM32\Saoviet_Control_Oxy\Project_Control_Oxy\EWARM\Project_Control_Oxy\Obj\user_at_serial.o
#        D:\Project_STM32\Saoviet_Control_Oxy\Project_Control_Oxy\EWARM\Project_Control_Oxy\Obj\user_define_oxygen.o
#        D:\Project_STM32\Saoviet_Control_Oxy\Project_Control_Oxy\EWARM\Project_Control_Oxy\Obj\user_external_eeprom.o
#        D:\Project_STM32\Saoviet_Control_Oxy\Project_Control_Oxy\EWARM\Project_Control_Oxy\Obj\user_internal_mem.o
#        D:\Project_STM32\Saoviet_Control_Oxy\Project_Control_Oxy\EWARM\Project_Control_Oxy\Obj\user_l508.o
#        D:\Project_STM32\Saoviet_Control_Oxy\Project_Control_Oxy\EWARM\Project_Control_Oxy\Obj\user_log.o
#        D:\Project_STM32\Saoviet_Control_Oxy\Project_Control_Oxy\EWARM\Project_Control_Oxy\Obj\user_lpm.o
#        D:\Project_STM32\Saoviet_Control_Oxy\Project_Control_Oxy\EWARM\Project_Control_Oxy\Obj\user_modbus_rtu.o
#        D:\Project_STM32\Saoviet_Control_Oxy\Project_Control_Oxy\EWARM\Project_Control_Oxy\Obj\user_modem.o
#        D:\Project_STM32\Saoviet_Control_Oxy\Project_Control_Oxy\EWARM\Project_Control_Oxy\Obj\user_modem_init.o
#        D:\Project_STM32\Saoviet_Control_Oxy\Project_Control_Oxy\EWARM\Project_Control_Oxy\Obj\user_mqtt.o
#        D:\Project_STM32\Saoviet_Control_Oxy\Project_Control_Oxy\EWARM\Project_Control_Oxy\Obj\user_obis_sv.o
#        D:\Project_STM32\Saoviet_Control_Oxy\Project_Control_Oxy\EWARM\Project_Control_Oxy\Obj\user_rtc.o
#        D:\Project_STM32\Saoviet_Control_Oxy\Project_Control_Oxy\EWARM\Project_Control_Oxy\Obj\user_sim.o
#        D:\Project_STM32\Saoviet_Control_Oxy\Project_Control_Oxy\EWARM\Project_Control_Oxy\Obj\user_sim_common.o
#        D:\Project_STM32\Saoviet_Control_Oxy\Project_Control_Oxy\EWARM\Project_Control_Oxy\Obj\user_string.o
#        D:\Project_STM32\Saoviet_Control_Oxy\Project_Control_Oxy\EWARM\Project_Control_Oxy\Obj\user_time.o
#        D:\Project_STM32\Saoviet_Control_Oxy\Project_Control_Oxy\EWARM\Project_Control_Oxy\Obj\user_timer.o
#        D:\Project_STM32\Saoviet_Control_Oxy\Project_Control_Oxy\EWARM\Project_Control_Oxy\Obj\user_uart.o
#        D:\Project_STM32\Saoviet_Control_Oxy\Project_Control_Oxy\EWARM\Project_Control_Oxy\Obj\user_util.o
#        --no_out_extension -o
#        D:\Project_STM32\Saoviet_Control_Oxy\Project_Control_Oxy\EWARM\Project_Control_Oxy\Exe\Project_Control_Oxy.out
#        --redirect _Printf=_PrintfFullNoMb --redirect _Scanf=_ScanfFullNoMb
#        --map
#        D:\Project_STM32\Saoviet_Control_Oxy\Project_Control_Oxy\EWARM\Project_Control_Oxy\List\Project_Control_Oxy.map
#        --config
#        D:\Project_STM32\Saoviet_Control_Oxy\Project_Control_Oxy\EWARM/stm32l151xc_flash.icf
#        --semihosting --entry __iar_program_start --vfe --text_out locale)
#
###############################################################################

*******************************************************************************
*** RUNTIME MODEL ATTRIBUTES
***

CppFlavor       = *
__SystemLibrary = DLib
__dlib_version  = 6


*******************************************************************************
*** HEAP SELECTION
***

The basic heap was selected because no calls to memory allocation
functions were found in the application outside of system library
functions, and there are calls to deallocation functions in the
application.


*******************************************************************************
*** PLACEMENT SUMMARY
***

"A0":  place at address 0x800'0000 { ro section .intvec };
"P1":  place in [from 0x800'0000 to 0x803'ffff] { ro };
define block CSTACK with size = 1K, alignment = 8 { };
define block HEAP with size = 512, alignment = 8 { };
"P2":  place in [from 0x2000'0000 to 0x2000'7fff] {
          rw, block CSTACK, block HEAP };
initialize by copy { rw };

  Section            Kind         Address      Size  Object
  -------            ----         -------      ----  ------
"A0":                                         0x124
  .intvec            ro code   0x800'0000     0x124  startup_stm32l151xc.o [1]
                             - 0x800'0124     0x124

"P1":                                      0x1'3bd9
  .text              ro code   0x800'0124    0x1636  user_at_serial.o [1]
  .text              ro code   0x800'175a      0x3a  zero_init3.o [4]
  .text              ro code   0x800'1794     0x340  user_modem.o [1]
  .text              ro code   0x800'1ad4     0x658  user_util.o [1]
  .text              ro code   0x800'212c     0x218  user_modem_init.o [1]
  .text              ro code   0x800'2344    0x11dc  user_sim.o [1]
  .text              ro code   0x800'3520      0x66  ABImemset.o [4]
  .rodata            const     0x800'3586       0x2  user_app_lcd.o [1]
  .text              ro code   0x800'3588     0x8b8  user_app_sim.o [1]
  .text              ro code   0x800'3e40     0x4ec  user_app_comm.o [1]
  .text              ro code   0x800'432c      0xa6  ABImemcpy.o [4]
  .text              ro code   0x800'43d2      0x54  event_driven.o [1]
  .rodata            const     0x800'4426       0x2  user_l508.o [1]
  .text              ro code   0x800'4428     0x1e8  user_time.o [1]
  .text              ro code   0x800'4610     0x756  stm32l1xx_hal_rtc.o [1]
  .text              ro code   0x800'4d66     0x314  user_string.o [1]
  .rodata            const     0x800'507a       0x2  user_l508.o [1]
  .text              ro code   0x800'507c     0xc54  user_app_mem.o [1]
  .text              ro code   0x800'5cd0     0x390  stm32l1xx_hal_gpio.o [1]
  .text              ro code   0x800'6060     0x8cc  stm32l1xx_hal_uart.o [1]
  .text              ro code   0x800'692c     0x174  user_uart.o [1]
  .text              ro code   0x800'6aa0     0x32c  usart.o [1]
  .text              ro code   0x800'6dcc     0x230  I64DivMod.o [4]
  .text              ro code   0x800'6ffc      0x36  strlen.o [4]
  .text              ro code   0x800'7034     0x2d0  user_internal_mem.o [1]
  .text              ro code   0x800'7304     0x1d2  onchipflash.o [1]
  .text              ro code   0x800'74d8     0x3c4  user_timer.o [1]
  .text              ro code   0x800'789c     0x716  user_l508.o [1]
  .text              ro code   0x800'7fb4     0x7d8  user_sim_common.o [1]
  .text              ro code   0x800'878c     0x1b8  queue_p.o [1]
  .text              ro code   0x800'8944       0xc  stm32l1xx_hal.o [1]
  .text              ro code   0x800'8950    0x1330  user_mqtt.o [1]
  .text              ro code   0x800'9c80     0x1a8  stm32l1xx_hal_flash.o [1]
  .text              ro code   0x800'9e28      0x28  stm32l1xx_hal.o [1]
  .text              ro code   0x800'9e50     0x444  user_external_eeprom.o [1]
  .text              ro code   0x800'a294      0x2c  user_define_oxygen.o [1]
  .text              ro code   0x800'a2c0      0x24  user_lpm.o [1]
  .text              ro code   0x800'a2e4     0x120  rtc.o [1]
  .text              ro code   0x800'a404     0x3a8  user_rtc.o [1]
  .text              ro code   0x800'a7ac       0x2  stm32l1xx_hal_rtc_ex.o [1]
  .text              ro code   0x800'a7b0     0x204  cat24mxx.o [1]
  .text              ro code   0x800'a9b4     0x2b8  stm32l1xx_hal_dma.o [1]
  .text              ro code   0x800'ac6c       0x2  stm32l1xx_hal_uart.o [1]
  .text              ro code   0x800'ac70     0x86c  stm32l1xx_hal_rcc.o [1]
  .text              ro code   0x800'b4dc      0xe0  main.o [1]
  .text              ro code   0x800'b5bc      0x14  memset.o [4]
  .text              ro code   0x800'b5d0     0x190  stm32l1xx_hal_cortex.o [1]
  .text              ro code   0x800'b760       0x2  I64DivZer.o [4]
  .text              ro code   0x800'b764      0x2c  stm32l1xx_hal_flash_ex.o [1]
  .text              ro code   0x800'b790      0x2c  strstr.o [2]
  .text              ro code   0x800'b7bc      0xe0  MQTTSerializePublish.o [1]
  .text              ro code   0x800'b89c       0x6  ABImemclr4.o [4]
  .text              ro code   0x800'b8a4      0xe8  MQTTSubscribeClient.o [1]
  .text              ro code   0x800'b98c     0x200  MQTTConnectClient.o [1]
  .text              ro code   0x800'bb8c     0xe7c  user_app_lcd.o [1]
  .text              ro code   0x800'ca08     0x4ac  user_app_ctrl_oxy.o [1]
  .text              ro code   0x800'ceb4     0x2d4  user_app_relay.o [1]
  .text              ro code   0x800'd188     0x3dc  user_app_button.o [1]
  .text              ro code   0x800'd564     0x17c  user_app_rs485.o [1]
  .text              ro code   0x800'd6e0    0x1094  user_app_menu_display.o [1]
  .text              ro code   0x800'e774      0x4c  stm32l1xx_hal.o [1]
  .text              ro code   0x800'e7c0      0x3e  stm32l1xx_hal_rtc_ex.o [1]
  .text              ro code   0x800'e800     0xbf2  stm32l1xx_hal_i2c.o [1]
  .text              ro code   0x800'f3f4      0x60  stm32l1xx_hal.o [1]
  .text              ro code   0x800'f454     0x13c  gpio.o [1]
  .text              ro code   0x800'f590      0x4c  dma.o [1]
  .text              ro code   0x800'f5dc      0xb0  i2c.o [1]
  .text              ro code   0x800'f68c      0x90  tim.o [1]
  .text              ro code   0x800'f71c     0x160  stm32l1xx_hal_rcc_ex.o [1]
  .text              ro code   0x800'f87c      0x16  strchr.o [4]
  .text              ro code   0x800'f894     0x11c  MQTTPacket.o [1]
  .text              ro code   0x800'f9b0      0x32  ABImemset48.o [4]
  .text              ro code   0x800'f9e4     0xcca  GLCD192x64.o [1]
  .text              ro code   0x801'06ae       0x2  user_app_ctrl_oxy.o [1]
  .text              ro code   0x801'06b0     0x3fe  stm32l1xx_hal_tim.o [1]
  .text              ro code   0x801'0aae      0xd8  user_modbus_rtu.o [1]
  .text              ro code   0x801'0b88      0x48  stm32l1xx_hal_msp.o [1]
  .text              ro code   0x801'0bd0       0x2  stm32l1xx_hal_tim.o [1]
  .text              ro code   0x801'0bd2       0x2  stm32l1xx_hal_tim.o [1]
  .text              ro code   0x801'0bd4       0x2  stm32l1xx_hal_tim.o [1]
  .text              ro code   0x801'0bd6       0x2  stm32l1xx_hal_tim.o [1]
  .rodata            const     0x801'0bd8     0x668  user_l508.o [1]
  .rodata            const     0x801'1240     0x360  user_at_serial.o [1]
  .rodata            const     0x801'15a0     0x228  GLCD192x64.o [1]
  .text              ro code   0x801'17c8     0x1fc  user_log.o [1]
  .rodata            const     0x801'19c4     0x1b0  user_mqtt.o [1]
  .rodata            const     0x801'1b74      0xf0  user_l508.o [1]
  .text              ro code   0x801'1c64      0x94  stm32l1xx_it.o [1]
  .text              ro code   0x801'1cf8      0x18  stm32l1xx_hal.o [1]
  .rodata            const     0x801'1d10      0x90  user_mqtt.o [1]
  .text              ro code   0x801'1da0      0x78  lz77_init_single.o [4]
  .rodata            const     0x801'1e18      0x60  user_mqtt.o [1]
  .rodata            const     0x801'1e78      0x2c  user_app_mem.o [1]
  .rodata            const     0x801'1ea4      0x2c  user_l508.o [1]
  .rodata            const     0x801'1ed0      0x2c  user_rtc.o [1]
  .rodata            const     0x801'1efc      0x28  user_app_mem.o [1]
  .rodata            const     0x801'1f24      0x28  user_app_mem.o [1]
  .rodata            const     0x801'1f4c      0x28  user_external_eeprom.o [1]
  .rodata            const     0x801'1f74      0x28  user_external_eeprom.o [1]
  .rodata            const     0x801'1f9c      0x28  user_external_eeprom.o [1]
  .rodata            const     0x801'1fc4      0x28  user_internal_mem.o [1]
  .rodata            const     0x801'1fec      0x28  user_internal_mem.o [1]
  .rodata            const     0x801'2014      0x28  user_internal_mem.o [1]
  .text              ro code   0x801'203c      0x28  data_init.o [4]
  .rodata            const     0x801'2064      0x24  user_app_mem.o [1]
  .rodata            const     0x801'2088      0x24  user_app_mem.o [1]
  .rodata            const     0x801'20ac      0x24  user_app_mem.o [1]
  .rodata            const     0x801'20d0      0x24  user_app_mem.o [1]
  .rodata            const     0x801'20f4      0x24  user_app_mem.o [1]
  .rodata            const     0x801'2118      0x24  user_app_mem.o [1]
  .rodata            const     0x801'213c      0x24  user_app_mem.o [1]
  .rodata            const     0x801'2160      0x24  user_app_mem.o [1]
  .rodata            const     0x801'2184      0x24  user_app_mem.o [1]
  .rodata            const     0x801'21a8      0x24  user_app_mem.o [1]
  .rodata            const     0x801'21cc      0x24  user_app_mem.o [1]
  .rodata            const     0x801'21f0      0x24  user_app_mem.o [1]
  .rodata            const     0x801'2214      0x24  user_external_eeprom.o [1]
  .rodata            const     0x801'2238      0x24  user_external_eeprom.o [1]
  .rodata            const     0x801'225c      0x24  user_l508.o [1]
  .rodata            const     0x801'2280      0x24  user_mqtt.o [1]
  .iar.init_table    const     0x801'22a4      0x20  - Linker created -
  .rodata            const     0x801'22c4      0x20  user_app_comm.o [1]
  .rodata            const     0x801'22e4      0x20  user_app_comm.o [1]
  .rodata            const     0x801'2304      0x20  user_app_mem.o [1]
  .rodata            const     0x801'2324      0x20  user_app_sim.o [1]
  .rodata            const     0x801'2344      0x20  user_at_serial.o [1]
  .rodata            const     0x801'2364      0x20  user_modem.o [1]
  .rodata            const     0x801'2384      0x20  user_mqtt.o [1]
  .rodata            const     0x801'23a4      0x20  user_sim.o [1]
  .text              ro code   0x801'23c4      0x1e  cmain.o [4]
  .text              ro code   0x801'23e2       0x4  low_level_init.o [2]
  .text              ro code   0x801'23e6       0x4  exit.o [2]
  .text              ro code   0x801'23ec       0xa  cexit.o [4]
  .text              ro code   0x801'23f8      0x14  exit.o [5]
  .rodata            const     0x801'240c      0x1c  user_app_comm.o [1]
  .rodata            const     0x801'2428      0x1c  user_app_comm.o [1]
  .rodata            const     0x801'2444      0x1c  user_app_comm.o [1]
  .rodata            const     0x801'2460      0x1c  user_app_comm.o [1]
  .rodata            const     0x801'247c      0x1c  user_app_relay.o [1]
  .rodata            const     0x801'2498      0x1c  user_app_relay.o [1]
  .rodata            const     0x801'24b4      0x1c  user_app_sim.o [1]
  .rodata            const     0x801'24d0      0x1c  user_mqtt.o [1]
  .rodata            const     0x801'24ec      0x18  user_app_lcd.o [1]
  .rodata            const     0x801'2504      0x18  user_app_sim.o [1]
  .rodata            const     0x801'251c      0x18  user_app_sim.o [1]
  .rodata            const     0x801'2534      0x18  user_app_sim.o [1]
  .rodata            const     0x801'254c      0x18  user_l508.o [1]
  .rodata            const     0x801'2564      0x18  user_l508.o [1]
  .rodata            const     0x801'257c      0x18  user_l508.o [1]
  .rodata            const     0x801'2594      0x18  user_l508.o [1]
  .rodata            const     0x801'25ac      0x18  user_mqtt.o [1]
  .rodata            const     0x801'25c4      0x18  user_sim.o [1]
  .rodata            const     0x801'25dc      0x18  user_sim.o [1]
  .rodata            const     0x801'25f4      0x14  user_app_comm.o [1]
  .rodata            const     0x801'2608      0x14  user_app_comm.o [1]
  .rodata            const     0x801'261c      0x14  user_app_lcd.o [1]
  .rodata            const     0x801'2630      0x14  user_app_lcd.o [1]
  .rodata            const     0x801'2644      0x14  user_app_lcd.o [1]
  .rodata            const     0x801'2658      0x14  user_app_lcd.o [1]
  .rodata            const     0x801'266c      0x14  user_app_lcd.o [1]
  .rodata            const     0x801'2680      0x14  user_app_lcd.o [1]
  .rodata            const     0x801'2694      0x14  user_app_lcd.o [1]
  .rodata            const     0x801'26a8      0x14  user_app_lcd.o [1]
  .rodata            const     0x801'26bc      0x14  user_app_lcd.o [1]
  .rodata            const     0x801'26d0      0x14  user_app_lcd.o [1]
  .rodata            const     0x801'26e4      0x14  user_app_lcd.o [1]
  .rodata            const     0x801'26f8      0x14  user_app_lcd.o [1]
  .rodata            const     0x801'270c      0x14  user_app_lcd.o [1]
  .rodata            const     0x801'2720      0x14  user_app_lcd.o [1]
  .rodata            const     0x801'2734      0x14  user_app_lcd.o [1]
  .rodata            const     0x801'2748      0x14  user_app_lcd.o [1]
  .rodata            const     0x801'275c      0x14  user_app_lcd.o [1]
  .rodata            const     0x801'2770      0x14  user_app_lcd.o [1]
  .rodata            const     0x801'2784      0x14  user_app_lcd.o [1]
  .rodata            const     0x801'2798      0x14  user_app_lcd.o [1]
  .rodata            const     0x801'27ac      0x14  user_app_lcd.o [1]
  .rodata            const     0x801'27c0      0x14  user_app_lcd.o [1]
  .rodata            const     0x801'27d4      0x14  user_app_mem.o [1]
  .rodata            const     0x801'27e8      0x14  user_app_menu_display.o [1]
  .rodata            const     0x801'27fc      0x14  user_app_sim.o [1]
  .rodata            const     0x801'2810      0x14  user_at_serial.o [1]
  .rodata            const     0x801'2824      0x14  user_at_serial.o [1]
  .rodata            const     0x801'2838      0x14  user_at_serial.o [1]
  .rodata            const     0x801'284c      0x14  user_at_serial.o [1]
  .rodata            const     0x801'2860      0x14  user_at_serial.o [1]
  .rodata            const     0x801'2874      0x14  user_l508.o [1]
  .rodata            const     0x801'2888      0x14  user_l508.o [1]
  .rodata            const     0x801'289c      0x14  user_l508.o [1]
  .rodata            const     0x801'28b0      0x14  user_l508.o [1]
  .rodata            const     0x801'28c4      0x14  user_l508.o [1]
  .rodata            const     0x801'28d8      0x14  user_l508.o [1]
  .rodata            const     0x801'28ec      0x14  user_l508.o [1]
  .rodata            const     0x801'2900      0x14  user_l508.o [1]
  .rodata            const     0x801'2914      0x14  user_l508.o [1]
  .rodata            const     0x801'2928      0x14  user_l508.o [1]
  .rodata            const     0x801'293c      0x14  user_l508.o [1]
  .rodata            const     0x801'2950      0x14  user_l508.o [1]
  .rodata            const     0x801'2964      0x14  user_l508.o [1]
  .rodata            const     0x801'2978      0x14  user_l508.o [1]
  .rodata            const     0x801'298c      0x14  user_l508.o [1]
  .rodata            const     0x801'29a0      0x14  user_modem.o [1]
  .rodata            const     0x801'29b4      0x14  user_mqtt.o [1]
  .rodata            const     0x801'29c8      0x14  user_mqtt.o [1]
  .rodata            const     0x801'29dc      0x14  user_mqtt.o [1]
  .rodata            const     0x801'29f0      0x14  user_mqtt.o [1]
  .rodata            const     0x801'2a04      0x14  user_mqtt.o [1]
  .rodata            const     0x801'2a18      0x14  user_mqtt.o [1]
  .rodata            const     0x801'2a2c      0x14  user_mqtt.o [1]
  .rodata            const     0x801'2a40      0x14  user_mqtt.o [1]
  .rodata            const     0x801'2a54      0x14  user_sim.o [1]
  .rodata            const     0x801'2a68      0x14  user_sim.o [1]
  .rodata            const     0x801'2a7c      0x10  system_stm32l1xx.o [1]
  .rodata            const     0x801'2a8c      0x10  user_app_lcd.o [1]
  .rodata            const     0x801'2a9c      0x10  user_app_lcd.o [1]
  .rodata            const     0x801'2aac      0x10  user_app_lcd.o [1]
  .rodata            const     0x801'2abc      0x10  user_app_lcd.o [1]
  .rodata            const     0x801'2acc      0x10  user_app_lcd.o [1]
  .rodata            const     0x801'2adc      0x10  user_app_lcd.o [1]
  .rodata            const     0x801'2aec      0x10  user_app_lcd.o [1]
  .rodata            const     0x801'2afc      0x10  user_app_lcd.o [1]
  .rodata            const     0x801'2b0c      0x10  user_app_lcd.o [1]
  .rodata            const     0x801'2b1c      0x10  user_app_lcd.o [1]
  .rodata            const     0x801'2b2c      0x10  user_app_lcd.o [1]
  .rodata            const     0x801'2b3c      0x10  user_app_lcd.o [1]
  .rodata            const     0x801'2b4c      0x10  user_app_mem.o [1]
  .rodata            const     0x801'2b5c      0x10  user_app_menu_display.o [1]
  .rodata            const     0x801'2b6c      0x10  user_at_serial.o [1]
  .rodata            const     0x801'2b7c      0x10  user_at_serial.o [1]
  .rodata            const     0x801'2b8c      0x10  user_at_serial.o [1]
  .rodata            const     0x801'2b9c      0x10  user_at_serial.o [1]
  .rodata            const     0x801'2bac      0x10  user_at_serial.o [1]
  .rodata            const     0x801'2bbc      0x10  user_at_serial.o [1]
  .rodata            const     0x801'2bcc      0x10  user_at_serial.o [1]
  .rodata            const     0x801'2bdc      0x10  user_at_serial.o [1]
  .rodata            const     0x801'2bec      0x10  user_at_serial.o [1]
  .rodata            const     0x801'2bfc      0x10  user_at_serial.o [1]
  .rodata            const     0x801'2c0c      0x10  user_at_serial.o [1]
  .rodata            const     0x801'2c1c      0x10  user_at_serial.o [1]
  .rodata            const     0x801'2c2c      0x10  user_at_serial.o [1]
  .rodata            const     0x801'2c3c      0x10  user_at_serial.o [1]
  .rodata            const     0x801'2c4c      0x10  user_at_serial.o [1]
  .rodata            const     0x801'2c5c      0x10  user_at_serial.o [1]
  .rodata            const     0x801'2c6c      0x10  user_at_serial.o [1]
  .rodata            const     0x801'2c7c      0x10  user_at_serial.o [1]
  .rodata            const     0x801'2c8c      0x10  user_at_serial.o [1]
  .rodata            const     0x801'2c9c      0x10  user_at_serial.o [1]
  .rodata            const     0x801'2cac      0x10  user_at_serial.o [1]
  .rodata            const     0x801'2cbc      0x10  user_at_serial.o [1]
  .rodata            const     0x801'2ccc      0x10  user_at_serial.o [1]
  .rodata            const     0x801'2cdc      0x10  user_at_serial.o [1]
  .rodata            const     0x801'2cec      0x10  user_at_serial.o [1]
  .rodata            const     0x801'2cfc      0x10  user_at_serial.o [1]
  .rodata            const     0x801'2d0c      0x10  user_at_serial.o [1]
  .rodata            const     0x801'2d1c      0x10  user_l508.o [1]
  .rodata            const     0x801'2d2c      0x10  user_l508.o [1]
  .rodata            const     0x801'2d3c      0x10  user_l508.o [1]
  .rodata            const     0x801'2d4c      0x10  user_l508.o [1]
  .rodata            const     0x801'2d5c      0x10  user_l508.o [1]
  .rodata            const     0x801'2d6c      0x10  user_l508.o [1]
  .rodata            const     0x801'2d7c      0x10  user_l508.o [1]
  .rodata            const     0x801'2d8c      0x10  user_l508.o [1]
  .rodata            const     0x801'2d9c      0x10  user_l508.o [1]
  .rodata            const     0x801'2dac      0x10  user_l508.o [1]
  .rodata            const     0x801'2dbc      0x10  user_l508.o [1]
  .rodata            const     0x801'2dcc      0x10  user_l508.o [1]
  .rodata            const     0x801'2ddc      0x10  user_l508.o [1]
  .rodata            const     0x801'2dec      0x10  user_l508.o [1]
  .rodata            const     0x801'2dfc      0x10  user_l508.o [1]
  .rodata            const     0x801'2e0c      0x10  user_l508.o [1]
  .rodata            const     0x801'2e1c      0x10  user_l508.o [1]
  .rodata            const     0x801'2e2c      0x10  user_l508.o [1]
  .rodata            const     0x801'2e3c      0x10  user_l508.o [1]
  .rodata            const     0x801'2e4c      0x10  user_l508.o [1]
  .rodata            const     0x801'2e5c      0x10  user_l508.o [1]
  .rodata            const     0x801'2e6c      0x10  user_mqtt.o [1]
  .rodata            const     0x801'2e7c      0x10  user_mqtt.o [1]
  .rodata            const     0x801'2e8c      0x10  user_mqtt.o [1]
  .rodata            const     0x801'2e9c      0x10  user_mqtt.o [1]
  .rodata            const     0x801'2eac      0x10  user_mqtt.o [1]
  .rodata            const     0x801'2ebc      0x10  user_mqtt.o [1]
  .rodata            const     0x801'2ecc      0x10  user_mqtt.o [1]
  .rodata            const     0x801'2edc      0x10  user_mqtt.o [1]
  .rodata            const     0x801'2eec      0x10  user_mqtt.o [1]
  .rodata            const     0x801'2efc      0x10  user_mqtt.o [1]
  .rodata            const     0x801'2f0c      0x10  user_mqtt.o [1]
  .rodata            const     0x801'2f1c      0x10  user_mqtt.o [1]
  .rodata            const     0x801'2f2c      0x10  user_mqtt.o [1]
  .text              ro code   0x801'2f3c      0x10  startup_stm32l151xc.o [1]
  .rodata            const     0x801'2f4c       0xc  system_stm32l1xx.o [1]
  .rodata            const     0x801'2f58       0xc  user_app_lcd.o [1]
  .rodata            const     0x801'2f64       0xc  user_app_lcd.o [1]
  .rodata            const     0x801'2f70       0xc  user_app_lcd.o [1]
  .rodata            const     0x801'2f7c       0xc  user_app_lcd.o [1]
  .rodata            const     0x801'2f88       0xc  user_app_lcd.o [1]
  .rodata            const     0x801'2f94       0xc  user_app_lcd.o [1]
  .rodata            const     0x801'2fa0       0xc  user_app_menu_display.o [1]
  .rodata            const     0x801'2fac       0xc  user_app_relay.o [1]
  .rodata            const     0x801'2fb8       0xc  user_app_relay.o [1]
  .rodata            const     0x801'2fc4       0xc  user_app_relay.o [1]
  .rodata            const     0x801'2fd0       0xc  user_app_relay.o [1]
  .rodata            const     0x801'2fdc       0xc  user_app_relay.o [1]
  .rodata            const     0x801'2fe8       0xc  user_app_relay.o [1]
  .rodata            const     0x801'2ff4       0xc  user_app_relay.o [1]
  .rodata            const     0x801'3000       0xc  user_app_relay.o [1]
  .rodata            const     0x801'300c       0xc  user_app_relay.o [1]
  .rodata            const     0x801'3018       0xc  user_at_serial.o [1]
  .rodata            const     0x801'3024       0xc  user_at_serial.o [1]
  .rodata            const     0x801'3030       0xc  user_at_serial.o [1]
  .rodata            const     0x801'303c       0xc  user_at_serial.o [1]
  .rodata            const     0x801'3048       0xc  user_at_serial.o [1]
  .rodata            const     0x801'3054       0xc  user_at_serial.o [1]
  .rodata            const     0x801'3060       0xc  user_at_serial.o [1]
  .rodata            const     0x801'306c       0xc  user_at_serial.o [1]
  .rodata            const     0x801'3078       0xc  user_at_serial.o [1]
  .rodata            const     0x801'3084       0xc  user_at_serial.o [1]
  .rodata            const     0x801'3090       0xc  user_at_serial.o [1]
  .rodata            const     0x801'309c       0xc  user_at_serial.o [1]
  .rodata            const     0x801'30a8       0xc  user_at_serial.o [1]
  .rodata            const     0x801'30b4       0xc  user_at_serial.o [1]
  .rodata            const     0x801'30c0       0xc  user_at_serial.o [1]
  .rodata            const     0x801'30cc       0xc  user_at_serial.o [1]
  .rodata            const     0x801'30d8       0xc  user_at_serial.o [1]
  .rodata            const     0x801'30e4       0xc  user_at_serial.o [1]
  .rodata            const     0x801'30f0       0xc  user_at_serial.o [1]
  .rodata            const     0x801'30fc       0xc  user_at_serial.o [1]
  .rodata            const     0x801'3108       0xc  user_at_serial.o [1]
  .rodata            const     0x801'3114       0xc  user_at_serial.o [1]
  .rodata            const     0x801'3120       0xc  user_at_serial.o [1]
  .rodata            const     0x801'312c       0xc  user_l508.o [1]
  .rodata            const     0x801'3138       0xc  user_l508.o [1]
  .rodata            const     0x801'3144       0xc  user_l508.o [1]
  .rodata            const     0x801'3150       0xc  user_l508.o [1]
  .rodata            const     0x801'315c       0xc  user_l508.o [1]
  .rodata            const     0x801'3168       0xc  user_l508.o [1]
  .rodata            const     0x801'3174       0xc  user_l508.o [1]
  .rodata            const     0x801'3180       0xc  user_l508.o [1]
  .rodata            const     0x801'318c       0xc  user_l508.o [1]
  .rodata            const     0x801'3198       0xc  user_l508.o [1]
  .rodata            const     0x801'31a4       0xc  user_l508.o [1]
  .rodata            const     0x801'31b0       0xc  user_l508.o [1]
  .rodata            const     0x801'31bc       0xc  user_l508.o [1]
  .rodata            const     0x801'31c8       0xc  user_l508.o [1]
  .rodata            const     0x801'31d4       0xc  user_l508.o [1]
  .rodata            const     0x801'31e0       0xc  user_l508.o [1]
  .rodata            const     0x801'31ec       0xc  user_l508.o [1]
  .rodata            const     0x801'31f8       0xc  user_l508.o [1]
  .rodata            const     0x801'3204       0xc  user_l508.o [1]
  .rodata            const     0x801'3210       0xc  user_l508.o [1]
  .rodata            const     0x801'321c       0xc  user_l508.o [1]
  .rodata            const     0x801'3228       0xc  user_l508.o [1]
  .rodata            const     0x801'3234       0xc  user_l508.o [1]
  .rodata            const     0x801'3240       0xc  user_l508.o [1]
  .rodata            const     0x801'324c       0xc  user_l508.o [1]
  .rodata            const     0x801'3258       0xc  user_l508.o [1]
  .rodata            const     0x801'3264       0xc  user_l508.o [1]
  .rodata            const     0x801'3270       0xc  user_l508.o [1]
  .rodata            const     0x801'327c       0xc  user_mqtt.o [1]
  .rodata            const     0x801'3288       0xc  user_rtc.o [1]
  .rodata            const     0x801'3294       0xc  user_rtc.o [1]
  .rodata            const     0x801'32a0       0xc  user_sim_common.o [1]
  .text              ro code   0x801'32ac       0xc  cstartup_M.o [4]
  .rodata            const     0x801'32b8       0x8  MQTTConnectClient.o [1]
  .rodata            const     0x801'32c0       0x8  system_stm32l1xx.o [1]
  .rodata            const     0x801'32c8       0x8  user_app_button.o [1]
  .rodata            const     0x801'32d0       0x8  user_app_lcd.o [1]
  .rodata            const     0x801'32d8       0x8  user_app_lcd.o [1]
  .rodata            const     0x801'32e0       0x8  user_app_lcd.o [1]
  .rodata            const     0x801'32e8       0x8  user_app_lcd.o [1]
  .rodata            const     0x801'32f0       0x8  user_app_lcd.o [1]
  .rodata            const     0x801'32f8       0x8  user_app_lcd.o [1]
  .rodata            const     0x801'3300       0x8  user_app_mem.o [1]
  .rodata            const     0x801'3308       0x8  user_app_rs485.o [1]
  .rodata            const     0x801'3310       0x8  user_app_sim.o [1]
  .rodata            const     0x801'3318       0x8  user_at_serial.o [1]
  .rodata            const     0x801'3320       0x8  user_at_serial.o [1]
  .rodata            const     0x801'3328       0x8  user_at_serial.o [1]
  .rodata            const     0x801'3330       0x8  user_at_serial.o [1]
  .rodata            const     0x801'3338       0x8  user_at_serial.o [1]
  .rodata            const     0x801'3340       0x8  user_at_serial.o [1]
  .rodata            const     0x801'3348       0x8  user_at_serial.o [1]
  .rodata            const     0x801'3350       0x8  user_at_serial.o [1]
  .rodata            const     0x801'3358       0x8  user_at_serial.o [1]
  .rodata            const     0x801'3360       0x8  user_at_serial.o [1]
  .rodata            const     0x801'3368       0x8  user_at_serial.o [1]
  .rodata            const     0x801'3370       0x8  user_at_serial.o [1]
  .rodata            const     0x801'3378       0x8  user_at_serial.o [1]
  .rodata            const     0x801'3380       0x8  user_at_serial.o [1]
  .rodata            const     0x801'3388       0x8  user_at_serial.o [1]
  .rodata            const     0x801'3390       0x8  user_at_serial.o [1]
  .rodata            const     0x801'3398       0x8  user_at_serial.o [1]
  .rodata            const     0x801'33a0       0x8  user_at_serial.o [1]
  .rodata            const     0x801'33a8       0x8  user_at_serial.o [1]
  .rodata            const     0x801'33b0       0x8  user_at_serial.o [1]
  .rodata            const     0x801'33b8       0x8  user_at_serial.o [1]
  .rodata            const     0x801'33c0       0x8  user_at_serial.o [1]
  .rodata            const     0x801'33c8       0x8  user_at_serial.o [1]
  .rodata            const     0x801'33d0       0x8  user_at_serial.o [1]
  .rodata            const     0x801'33d8       0x8  user_l508.o [1]
  .rodata            const     0x801'33e0       0x8  user_l508.o [1]
  .rodata            const     0x801'33e8       0x8  user_l508.o [1]
  .rodata            const     0x801'33f0       0x8  user_l508.o [1]
  .rodata            const     0x801'33f8       0x8  user_l508.o [1]
  .rodata            const     0x801'3400       0x8  user_l508.o [1]
  .rodata            const     0x801'3408       0x8  user_l508.o [1]
  .rodata            const     0x801'3410       0x8  user_l508.o [1]
  .rodata            const     0x801'3418       0x8  user_l508.o [1]
  .rodata            const     0x801'3420       0x8  user_l508.o [1]
  .rodata            const     0x801'3428       0x8  user_l508.o [1]
  .rodata            const     0x801'3430       0x8  user_l508.o [1]
  .rodata            const     0x801'3438       0x8  user_l508.o [1]
  .rodata            const     0x801'3440       0x8  user_l508.o [1]
  .rodata            const     0x801'3448       0x8  user_l508.o [1]
  .rodata            const     0x801'3450       0x8  user_l508.o [1]
  .rodata            const     0x801'3458       0x8  user_l508.o [1]
  .rodata            const     0x801'3460       0x8  user_log.o [1]
  .rodata            const     0x801'3468       0x8  user_mqtt.o [1]
  .rodata            const     0x801'3470       0x8  user_mqtt.o [1]
  .rodata            const     0x801'3478       0x8  user_mqtt.o [1]
  .rodata            const     0x801'3480       0x8  user_mqtt.o [1]
  .rodata            const     0x801'3488       0x8  user_mqtt.o [1]
  .rodata            const     0x801'3490       0x8  user_mqtt.o [1]
  .rodata            const     0x801'3498       0x8  user_mqtt.o [1]
  .rodata            const     0x801'34a0       0x8  user_mqtt.o [1]
  .rodata            const     0x801'34a8       0x8  user_mqtt.o [1]
  .rodata            const     0x801'34b0       0x8  user_mqtt.o [1]
  .rodata            const     0x801'34b8       0x8  user_mqtt.o [1]
  .rodata            const     0x801'34c0       0x8  user_mqtt.o [1]
  .rodata            const     0x801'34c8       0x8  user_mqtt.o [1]
  .rodata            const     0x801'34d0       0x8  user_mqtt.o [1]
  .rodata            const     0x801'34d8       0x8  user_mqtt.o [1]
  .rodata            const     0x801'34e0       0x8  user_mqtt.o [1]
  .rodata            const     0x801'34e8       0x8  user_mqtt.o [1]
  .rodata            const     0x801'34f0       0x8  user_mqtt.o [1]
  .rodata            const     0x801'34f8       0x8  user_mqtt.o [1]
  .rodata            const     0x801'3500       0x8  user_mqtt.o [1]
  .rodata            const     0x801'3508       0x8  user_mqtt.o [1]
  .rodata            const     0x801'3510       0x8  user_mqtt.o [1]
  .rodata            const     0x801'3518       0x8  user_mqtt.o [1]
  .rodata            const     0x801'3520       0x8  user_mqtt.o [1]
  .rodata            const     0x801'3528       0x8  user_mqtt.o [1]
  .rodata            const     0x801'3530       0x8  user_mqtt.o [1]
  .rodata            const     0x801'3538       0x8  user_mqtt.o [1]
  .rodata            const     0x801'3540       0x8  user_mqtt.o [1]
  .rodata            const     0x801'3548       0x8  user_mqtt.o [1]
  .rodata            const     0x801'3550       0x8  user_mqtt.o [1]
  .rodata            const     0x801'3558       0x8  user_mqtt.o [1]
  .rodata            const     0x801'3560       0x8  user_mqtt.o [1]
  .rodata            const     0x801'3568       0x8  user_mqtt.o [1]
  .rodata            const     0x801'3570       0x8  user_mqtt.o [1]
  .rodata            const     0x801'3578       0x8  user_mqtt.o [1]
  .rodata            const     0x801'3580       0x8  user_mqtt.o [1]
  .rodata            const     0x801'3588       0x8  user_sim.o [1]
  .rodata            const     0x801'3590       0x8  user_sim_common.o [1]
  .rodata            const     0x801'3598       0x8  user_sim_common.o [1]
  .rodata            const     0x801'35a0       0x8  user_sim_common.o [1]
  .rodata            const     0x801'35a8       0x8  user_util.o [1]
  .rodata            const     0x801'35b0       0x8  user_util.o [1]
  .rodata            const     0x801'35b8       0x8  user_util.o [1]
  .rodata            const     0x801'35c0       0x8  user_util.o [1]
  .rodata            const     0x801'35c8       0x4  MQTTConnectClient.o [1]
  .rodata            const     0x801'35cc       0x4  MQTTConnectClient.o [1]
  .rodata            const     0x801'35d0       0x4  MQTTSerializePublish.o [1]
  .rodata            const     0x801'35d4       0x4  MQTTSubscribeClient.o [1]
  .rodata            const     0x801'35d8       0x4  user_at_serial.o [1]
  .rodata            const     0x801'35dc       0x4  user_l508.o [1]
  .rodata            const     0x801'35e0       0x4  user_l508.o [1]
  .rodata            const     0x801'35e4       0x4  user_l508.o [1]
  .rodata            const     0x801'35e8       0x4  user_l508.o [1]
  .rodata            const     0x801'35ec       0x4  user_l508.o [1]
  .rodata            const     0x801'35f0       0x4  user_l508.o [1]
  .rodata            const     0x801'35f4       0x4  user_mqtt.o [1]
  .rodata            const     0x801'35f8       0x4  user_sim_common.o [1]
  .text              ro code   0x801'35fc       0x4  startup_stm32l151xc.o [1]
  .text              ro code   0x801'3600       0x4  startup_stm32l151xc.o [1]
  .text              ro code   0x801'3604       0x4  startup_stm32l151xc.o [1]
  .text              ro code   0x801'3608       0x4  startup_stm32l151xc.o [1]
  .text              ro code   0x801'360c       0x4  startup_stm32l151xc.o [1]
  .text              ro code   0x801'3610       0x4  startup_stm32l151xc.o [1]
  .text              ro code   0x801'3614       0x4  startup_stm32l151xc.o [1]
  .text              ro code   0x801'3618       0x4  startup_stm32l151xc.o [1]
  .text              ro code   0x801'361c       0x4  startup_stm32l151xc.o [1]
  .text              ro code   0x801'3620       0x4  startup_stm32l151xc.o [1]
  .text              ro code   0x801'3624       0x4  startup_stm32l151xc.o [1]
  .text              ro code   0x801'3628       0x4  startup_stm32l151xc.o [1]
  .text              ro code   0x801'362c       0x4  startup_stm32l151xc.o [1]
  .text              ro code   0x801'3630       0x4  startup_stm32l151xc.o [1]
  .text              ro code   0x801'3634       0x4  startup_stm32l151xc.o [1]
  .text              ro code   0x801'3638       0x4  startup_stm32l151xc.o [1]
  .text              ro code   0x801'363c       0x4  startup_stm32l151xc.o [1]
  .text              ro code   0x801'3640       0x4  startup_stm32l151xc.o [1]
  .text              ro code   0x801'3644       0x4  startup_stm32l151xc.o [1]
  .text              ro code   0x801'3648       0x4  startup_stm32l151xc.o [1]
  .text              ro code   0x801'364c       0x4  startup_stm32l151xc.o [1]
  .text              ro code   0x801'3650       0x4  startup_stm32l151xc.o [1]
  .text              ro code   0x801'3654       0x4  startup_stm32l151xc.o [1]
  .text              ro code   0x801'3658       0x4  startup_stm32l151xc.o [1]
  .text              ro code   0x801'365c       0x4  startup_stm32l151xc.o [1]
  .text              ro code   0x801'3660       0x4  startup_stm32l151xc.o [1]
  .text              ro code   0x801'3664       0x4  startup_stm32l151xc.o [1]
  .text              ro code   0x801'3668       0x4  startup_stm32l151xc.o [1]
  .text              ro code   0x801'366c       0x4  startup_stm32l151xc.o [1]
  .text              ro code   0x801'3670       0x4  startup_stm32l151xc.o [1]
  .text              ro code   0x801'3674       0x4  startup_stm32l151xc.o [1]
  .text              ro code   0x801'3678       0x4  startup_stm32l151xc.o [1]
  .text              ro code   0x801'367c       0x4  startup_stm32l151xc.o [1]
  .text              ro code   0x801'3680       0x4  startup_stm32l151xc.o [1]
  .text              ro code   0x801'3684       0x4  startup_stm32l151xc.o [1]
  .text              ro code   0x801'3688       0x4  startup_stm32l151xc.o [1]
  .text              ro code   0x801'368c       0x4  startup_stm32l151xc.o [1]
  .text              ro code   0x801'3690       0x4  startup_stm32l151xc.o [1]
  .text              ro code   0x801'3694       0x4  startup_stm32l151xc.o [1]
  .text              ro code   0x801'3698       0x4  startup_stm32l151xc.o [1]
  .text              ro code   0x801'369c       0x4  startup_stm32l151xc.o [1]
  .text              ro code   0x801'36a0       0x4  startup_stm32l151xc.o [1]
  .text              ro code   0x801'36a4       0x4  startup_stm32l151xc.o [1]
  .text              ro code   0x801'36a8       0x4  startup_stm32l151xc.o [1]
  .text              ro code   0x801'36ac       0x2  system_stm32l1xx.o [1]
  .rodata            const     0x801'36ae       0x0  zero_init3.o [4]
  .rodata            const     0x801'36ae       0x0  lz77_init_single.o [4]
  Initializer bytes  const     0x801'36ae     0x64f  <for P2-1>
                             - 0x801'3cfd  0x1'3bd9

"P2", part 1 of 3:                           0x1239
  P2-1                        0x2000'0000    0x1239  <Init block>
    .data            inited   0x2000'0000     0x298  user_app_sim.o [1]
    .data            inited   0x2000'0298       0x4  stm32l1xx_hal.o [1]
    .data            inited   0x2000'029c       0x4  stm32l1xx_hal.o [1]
    .data            inited   0x2000'02a0       0x4  system_stm32l1xx.o [1]
    .data            inited   0x2000'02a4      0x90  user_app_button.o [1]
    .data            inited   0x2000'0334      0x10  user_app_button.o [1]
    .data            inited   0x2000'0344      0x70  user_app_comm.o [1]
    .data            inited   0x2000'03b4       0x8  user_app_comm.o [1]
    .data            inited   0x2000'03bc      0x40  user_app_ctrl_oxy.o [1]
    .data            inited   0x2000'03fc      0x10  user_app_ctrl_oxy.o [1]
    .data            inited   0x2000'040c      0x20  user_app_lcd.o [1]
    .data            inited   0x2000'042c      0x14  user_app_lcd.o [1]
    .data            inited   0x2000'0440      0x14  user_app_lcd.o [1]
    .data            inited   0x2000'0454      0x60  user_app_lcd.o [1]
    .data            inited   0x2000'04b4      0x18  user_app_lcd.o [1]
    .data            inited   0x2000'04cc      0x58  user_app_lcd.o [1]
    .data            inited   0x2000'0524      0x10  user_app_lcd.o [1]
    .data            inited   0x2000'0534      0x60  user_app_lcd.o [1]
    .data            inited   0x2000'0594      0x30  user_app_lcd.o [1]
    .data            inited   0x2000'05c4      0x30  user_app_lcd.o [1]
    .data            inited   0x2000'05f4      0x20  user_app_lcd.o [1]
    .data            inited   0x2000'0614      0x28  user_app_lcd.o [1]
    .data            inited   0x2000'063c      0x10  user_app_lcd.o [1]
    .data            inited   0x2000'064c      0x20  user_app_lcd.o [1]
    .data            inited   0x2000'066c       0x8  user_app_lcd.o [1]
    .data            inited   0x2000'0674      0x60  user_app_lcd.o [1]
    .data            inited   0x2000'06d4      0x30  user_app_lcd.o [1]
    .data            inited   0x2000'0704      0x38  user_app_lcd.o [1]
    .data            inited   0x2000'073c      0x14  user_app_lcd.o [1]
    .data            inited   0x2000'0750      0x38  user_app_mem.o [1]
    .data            inited   0x2000'0788      0x38  user_app_mem.o [1]
    .data            inited   0x2000'07c0      0x38  user_app_mem.o [1]
    .data            inited   0x2000'07f8      0x38  user_app_mem.o [1]
    .data            inited   0x2000'0830      0x80  user_app_mem.o [1]
    .data            inited   0x2000'08b0      0x40  user_app_menu_display.o [1]
    .data            inited   0x2000'08f0      0x20  user_app_relay.o [1]
    .data            inited   0x2000'0910      0x24  user_app_relay.o [1]
    .data            inited   0x2000'0934      0x14  user_app_relay.o [1]
    .data            inited   0x2000'0948      0x40  user_app_rs485.o [1]
    .data            inited   0x2000'0988      0x40  user_app_sim.o [1]
    .data            inited   0x2000'09c8      0x14  user_app_sim.o [1]
    .data            inited   0x2000'09dc      0x30  user_external_eeprom.o [1]
    .data            inited   0x2000'0a0c     0x140  user_external_eeprom.o [1]
    .data            inited   0x2000'0b4c      0x30  user_internal_mem.o [1]
    .data            inited   0x2000'0b7c     0x140  user_internal_mem.o [1]
    .data            inited   0x2000'0cbc       0xc  user_l508.o [1]
    .data            inited   0x2000'0cc8       0x8  user_l508.o [1]
    .data            inited   0x2000'0cd0      0x14  user_l508.o [1]
    .data            inited   0x2000'0ce4       0x4  user_l508.o [1]
    .data            inited   0x2000'0ce8       0x4  user_l508.o [1]
    .data            inited   0x2000'0cec       0x4  user_l508.o [1]
    .data            inited   0x2000'0cf0      0x14  user_l508.o [1]
    .data            inited   0x2000'0d04       0x4  user_l508.o [1]
    .data            inited   0x2000'0d08       0x4  user_l508.o [1]
    .data            inited   0x2000'0d0c       0x4  user_l508.o [1]
    .data            inited   0x2000'0d10      0x14  user_modem.o [1]
    .data            inited   0x2000'0d24      0x4c  user_modem.o [1]
    .data            inited   0x2000'0d70       0xc  user_modem.o [1]
    .data            inited   0x2000'0d7c      0x10  user_modem.o [1]
    .data            inited   0x2000'0d8c      0x58  user_mqtt.o [1]
    .data            inited   0x2000'0de4      0x90  user_sim.o [1]
    .data            inited   0x2000'0e74       0x8  user_sim.o [1]
    .data            inited   0x2000'0e7c      0x1c  user_sim.o [1]
    .data            inited   0x2000'0e98      0x18  user_sim_common.o [1]
    .data            inited   0x2000'0eb0      0x20  user_sim_common.o [1]
    .data            inited   0x2000'0ed0      0x20  user_sim_common.o [1]
    .data            inited   0x2000'0ef0      0x20  user_sim_common.o [1]
    .data            inited   0x2000'0f10      0x20  user_sim_common.o [1]
    .data            inited   0x2000'0f30      0x28  user_sim_common.o [1]
    .data            inited   0x2000'0f58       0xc  user_sim_common.o [1]
    .data            inited   0x2000'0f64      0x28  user_sim_common.o [1]
    .data            inited   0x2000'0f8c      0x28  user_sim_common.o [1]
    .data            inited   0x2000'0fb4      0x28  user_sim_common.o [1]
    .data            inited   0x2000'0fdc       0xc  user_sim_common.o [1]
    .data            inited   0x2000'0fe8      0x28  user_sim_common.o [1]
    .data            inited   0x2000'1010      0x28  user_sim_common.o [1]
    .data            inited   0x2000'1038      0x20  user_sim_common.o [1]
    .data            inited   0x2000'1058      0x20  user_sim_common.o [1]
    .data            inited   0x2000'1078      0x20  user_sim_common.o [1]
    .data            inited   0x2000'1098      0x20  user_sim_common.o [1]
    .data            inited   0x2000'10b8      0x50  user_sim_common.o [1]
    .data            inited   0x2000'1108      0x84  user_sim_common.o [1]
    .data            inited   0x2000'118c      0x50  user_sim_common.o [1]
    .data            inited   0x2000'11dc      0x44  user_sim_common.o [1]
    .data            inited   0x2000'1220       0x8  user_uart.o [1]
    .data            inited   0x2000'1228       0x8  user_uart.o [1]
    .data            inited   0x2000'1230       0x2  user_l508.o [1]
    .data            inited   0x2000'1232       0x2  user_l508.o [1]
    .data            inited   0x2000'1234       0x1  user_app_button.o [1]
    .data            inited   0x2000'1235       0x1  user_app_button.o [1]
    .data            inited   0x2000'1236       0x1  user_app_button.o [1]
    .data            inited   0x2000'1237       0x1  user_app_button.o [1]
    .data            inited   0x2000'1238       0x1  user_app_lcd.o [1]
                            - 0x2000'1239    0x1239

"P2", part 2 of 3:                           0x29bc
  .bss               zero     0x2000'123c     0x528  user_external_eeprom.o [1]
  .bss               zero     0x2000'1764     0x4b0  user_mqtt.o [1]
  .bss               zero     0x2000'1c14     0x4b0  user_mqtt.o [1]
  .bss               zero     0x2000'20c4     0x4b0  user_sim.o [1]
  .bss               zero     0x2000'2574     0x4b0  user_uart.o [1]
  .bss               zero     0x2000'2a24     0x400  user_modem.o [1]
  .bss               zero     0x2000'2e24     0x100  user_app_sim.o [1]
  .bss               zero     0x2000'2f24     0x100  user_app_sim.o [1]
  .bss               zero     0x2000'3024     0x100  user_external_eeprom.o [1]
  .bss               zero     0x2000'3124     0x100  user_internal_mem.o [1]
  .bss               zero     0x2000'3224     0x100  user_modem.o [1]
  .bss               zero     0x2000'3324     0x100  user_modem.o [1]
  .bss               zero     0x2000'3424      0xc4  user_mqtt.o [1]
  .bss               zero     0x2000'34e8      0xa0  user_external_eeprom.o [1]
  .bss               zero     0x2000'3588      0x80  user_at_serial.o [1]
  .bss               zero     0x2000'3608      0x70  user_sim_common.o [1]
  .bss               zero     0x2000'3678      0x54  i2c.o [1]
  .bss               zero     0x2000'36cc      0x48  usart.o [1]
  .bss               zero     0x2000'3714      0x48  usart.o [1]
  .bss               zero     0x2000'375c      0x48  usart.o [1]
  .bss               zero     0x2000'37a4      0x44  usart.o [1]
  .bss               zero     0x2000'37e8      0x44  usart.o [1]
  .bss               zero     0x2000'382c      0x44  usart.o [1]
  .bss               zero     0x2000'3870      0x40  tim.o [1]
  .bss               zero     0x2000'38b0      0x34  user_mqtt.o [1]
  .bss               zero     0x2000'38e4      0x34  user_mqtt.o [1]
  .bss               zero     0x2000'3918      0x34  user_sim.o [1]
  .bss               zero     0x2000'394c      0x34  user_uart.o [1]
  .bss               zero     0x2000'3980      0x28  user_rtc.o [1]
  .bss               zero     0x2000'39a8      0x20  rtc.o [1]
  .bss               zero     0x2000'39c8      0x1c  user_rtc.o [1]
  .bss               zero     0x2000'39e4      0x18  stm32l1xx_hal_flash.o [1]
  .bss               zero     0x2000'39fc      0x18  user_app_comm.o [1]
  .bss               zero     0x2000'3a14      0x18  user_external_eeprom.o [1]
  .bss               zero     0x2000'3a2c      0x18  user_external_eeprom.o [1]
  .bss               zero     0x2000'3a44      0x18  user_internal_mem.o [1]
  .bss               zero     0x2000'3a5c      0x18  user_internal_mem.o [1]
  .bss               zero     0x2000'3a74      0x18  user_sim.o [1]
  .bss               zero     0x2000'3a8c      0x18  user_sim.o [1]
  .bss               zero     0x2000'3aa4      0x18  user_sim.o [1]
  .bss               zero     0x2000'3abc      0x18  user_sim.o [1]
  .bss               zero     0x2000'3ad4      0x18  user_sim_common.o [1]
  .bss               zero     0x2000'3aec      0x14  user_app_lcd.o [1]
  .bss               zero     0x2000'3b00      0x10  user_app_mem.o [1]
  .bss               zero     0x2000'3b10       0xc  user_app_ctrl_oxy.o [1]
  .bss               zero     0x2000'3b1c       0xc  user_app_menu_display.o [1]
  .bss               zero     0x2000'3b28       0xc  user_app_menu_display.o [1]
  .bss               zero     0x2000'3b34       0xc  user_app_relay.o [1]
  .bss               zero     0x2000'3b40       0xc  user_modem.o [1]
  .bss               zero     0x2000'3b4c       0xc  user_mqtt.o [1]
  .bss               zero     0x2000'3b58       0xc  user_util.o [1]
  .bss               zero     0x2000'3b64       0x8  user_app_ctrl_oxy.o [1]
  .bss               zero     0x2000'3b6c       0x8  user_app_ctrl_oxy.o [1]
  .bss               zero     0x2000'3b74       0x4  cat24mxx.o [1]
  .bss               zero     0x2000'3b78       0x4  stm32l1xx_hal.o [1]
  .bss               zero     0x2000'3b7c       0x4  user_app_comm.o [1]
  .bss               zero     0x2000'3b80       0x4  user_app_ctrl_oxy.o [1]
  .bss               zero     0x2000'3b84       0x4  user_app_lcd.o [1]
  .bss               zero     0x2000'3b88       0x4  user_lpm.o [1]
  .bss               zero     0x2000'3b8c       0x4  user_rtc.o [1]
  .bss               zero     0x2000'3b90       0x4  user_sim_common.o [1]
  .bss               zero     0x2000'3b94       0x4  user_timer.o [1]
  .bss               zero     0x2000'3b98       0x4  user_util.o [1]
  .bss               zero     0x2000'3b9c       0x4  user_util.o [1]
  .bss               zero     0x2000'3ba0       0x2  user_app_comm.o [1]
  .bss               zero     0x2000'3ba2       0x2  user_app_lcd.o [1]
  .bss               zero     0x2000'3ba4       0x2  user_app_lcd.o [1]
  .bss               zero     0x2000'3ba6       0x2  user_app_lcd.o [1]
  .bss               zero     0x2000'3ba8       0x2  user_app_lcd.o [1]
  .bss               zero     0x2000'3baa       0x2  user_app_lcd.o [1]
  .bss               zero     0x2000'3bac       0x2  user_app_lcd.o [1]
  .bss               zero     0x2000'3bae       0x2  user_app_lcd.o [1]
  .bss               zero     0x2000'3bb0       0x2  user_app_lcd.o [1]
  .bss               zero     0x2000'3bb2       0x2  user_app_lcd.o [1]
  .bss               zero     0x2000'3bb4       0x2  user_app_lcd.o [1]
  .bss               zero     0x2000'3bb6       0x2  user_app_lcd.o [1]
  .bss               zero     0x2000'3bb8       0x2  user_app_lcd.o [1]
  .bss               zero     0x2000'3bba       0x2  user_app_lcd.o [1]
  .bss               zero     0x2000'3bbc       0x2  user_app_lcd.o [1]
  .bss               zero     0x2000'3bbe       0x2  user_app_lcd.o [1]
  .bss               zero     0x2000'3bc0       0x2  user_app_lcd.o [1]
  .bss               zero     0x2000'3bc2       0x2  user_app_lcd.o [1]
  .bss               zero     0x2000'3bc4       0x2  user_app_lcd.o [1]
  .bss               zero     0x2000'3bc6       0x2  user_app_mem.o [1]
  .bss               zero     0x2000'3bc8       0x2  user_app_rs485.o [1]
  .bss               zero     0x2000'3bca       0x2  user_sim.o [1]
  .bss               zero     0x2000'3bcc       0x1  GLCD192x64.o [1]
  .bss               zero     0x2000'3bcd       0x1  GLCD192x64.o [1]
  .bss               zero     0x2000'3bce       0x1  GLCD192x64.o [1]
  .bss               zero     0x2000'3bcf       0x1  GLCD192x64.o [1]
  .bss               zero     0x2000'3bd0       0x1  GLCD192x64.o [1]
  .bss               zero     0x2000'3bd1       0x1  user_app_button.o [1]
  .bss               zero     0x2000'3bd2       0x1  user_app_button.o [1]
  .bss               zero     0x2000'3bd3       0x1  user_app_button.o [1]
  .bss               zero     0x2000'3bd4       0x1  user_app_button.o [1]
  .bss               zero     0x2000'3bd5       0x1  user_app_comm.o [1]
  .bss               zero     0x2000'3bd6       0x1  user_app_comm.o [1]
  .bss               zero     0x2000'3bd7       0x1  user_app_comm.o [1]
  .bss               zero     0x2000'3bd8       0x1  user_app_comm.o [1]
  .bss               zero     0x2000'3bd9       0x1  user_app_comm.o [1]
  .bss               zero     0x2000'3bda       0x1  user_app_ctrl_oxy.o [1]
  .bss               zero     0x2000'3bdb       0x1  user_app_ctrl_oxy.o [1]
  .bss               zero     0x2000'3bdc       0x1  user_app_ctrl_oxy.o [1]
  .bss               zero     0x2000'3bdd       0x1  user_app_ctrl_oxy.o [1]
  .bss               zero     0x2000'3bde       0x1  user_app_ctrl_oxy.o [1]
  .bss               zero     0x2000'3bdf       0x1  user_app_lcd.o [1]
  .bss               zero     0x2000'3be0       0x1  user_app_lcd.o [1]
  .bss               zero     0x2000'3be1       0x1  user_app_lcd.o [1]
  .bss               zero     0x2000'3be2       0x1  user_app_lcd.o [1]
  .bss               zero     0x2000'3be3       0x1  user_app_lcd.o [1]
  .bss               zero     0x2000'3be4       0x1  user_app_lcd.o [1]
  .bss               zero     0x2000'3be5       0x1  user_app_lcd.o [1]
  .bss               zero     0x2000'3be6       0x1  user_app_mem.o [1]
  .bss               zero     0x2000'3be7       0x1  user_app_sim.o [1]
  .bss               zero     0x2000'3be8       0x1  user_app_sim.o [1]
  .bss               zero     0x2000'3be9       0x1  user_at_serial.o [1]
  .bss               zero     0x2000'3bea       0x1  user_external_eeprom.o [1]
  .bss               zero     0x2000'3beb       0x1  user_external_eeprom.o [1]
  .bss               zero     0x2000'3bec       0x1  user_lpm.o [1]
  .bss               zero     0x2000'3bed       0x1  user_rtc.o [1]
  .bss               zero     0x2000'3bee       0x1  user_sim.o [1]
  .bss               zero     0x2000'3bef       0x1  user_sim.o [1]
  .bss               zero     0x2000'3bf0       0x1  user_sim.o [1]
  .bss               zero     0x2000'3bf1       0x1  user_uart.o [1]
  .bss               zero     0x2000'3bf2       0x1  user_uart.o [1]
  .bss               zero     0x2000'3bf3       0x1  user_uart.o [1]
  .bss               zero     0x2000'3bf4       0x1  user_uart.o [1]
                            - 0x2000'3bf5    0x29b9

"P2", part 3 of 3:                            0x400
  CSTACK                      0x2000'3bf8     0x400  <Block>
    CSTACK           uninit   0x2000'3bf8     0x400  <Block tail>
                            - 0x2000'3ff8     0x400

Unused ranges:

         From           To      Size
         ----           --      ----
   0x801'3cfd   0x803'ffff  0x2'c303
  0x2000'1239  0x2000'123b       0x3
  0x2000'3ff8  0x2000'7fff    0x4008


*******************************************************************************
*** INIT TABLE
***

          Address      Size
          -------      ----
Zero (__iar_zero_init3)
    1 destination range, total size 0x29b9:
          0x2000'123c  0x29b9

Copy/lz77 (__iar_lz77_init_single3)
    1 source range, total size 0x64f (34% of destination):
           0x801'36ae   0x64f
    1 destination range, total size 0x1239:
          0x2000'0000  0x1239



*******************************************************************************
*** MODULE SUMMARY
***

    Module                    ro code  ro data  rw data
    ------                    -------  -------  -------
command line/config:
    ---------------------------------------------------
    Total:

D:\Project_STM32\Saoviet_Control_Oxy\Project_Control_Oxy\EWARM\Project_Control_Oxy\Obj: [1]
    GLCD192x64.o                3'274      552        5
    MQTTConnectClient.o           512       16
    MQTTPacket.o                  284
    MQTTSerializePublish.o        224        4
    MQTTSubscribeClient.o         232        4
    cat24mxx.o                    516                 4
    dma.o                          76
    event_driven.o                 84
    gpio.o                        316
    i2c.o                         176                84
    main.o                        224
    onchipflash.o                 466
    queue_p.o                     440
    rtc.o                         288                32
    startup_stm32l151xc.o         484
    stm32l1xx_hal.o               248        3       12
    stm32l1xx_hal_cortex.o        400
    stm32l1xx_hal_dma.o           696
    stm32l1xx_hal_flash.o         424                24
    stm32l1xx_hal_flash_ex.o       44
    stm32l1xx_hal_gpio.o          912
    stm32l1xx_hal_i2c.o         3'058
    stm32l1xx_hal_msp.o            72
    stm32l1xx_hal_rcc.o         2'156
    stm32l1xx_hal_rcc_ex.o        352
    stm32l1xx_hal_rtc.o         1'878
    stm32l1xx_hal_rtc_ex.o         64
    stm32l1xx_hal_tim.o         1'030
    stm32l1xx_hal_uart.o        2'254
    stm32l1xx_it.o                148
    system_stm32l1xx.o              2       38        4
    tim.o                         144                64
    usart.o                       812               420
    user_app_button.o             988       64      168
    user_app_comm.o             1'260      257      155
    user_app_ctrl_oxy.o         1'198       28      117
    user_app_lcd.o              3'708    1'069      904
    user_app_mem.o              3'156      753      371
    user_app_menu_display.o     4'244       71       88
    user_app_relay.o              724      194      100
    user_app_rs485.o              380       30       66
    user_app_sim.o              2'232      418    1'262
    user_at_serial.o            5'686    1'900      129
    user_define_oxygen.o           44
    user_external_eeprom.o      1'092      320    2'154
    user_internal_mem.o           720      247      672
    user_l508.o                 1'814    3'223       88
    user_log.o                    508        8
    user_lpm.o                     36                 5
    user_modbus_rtu.o             216
    user_modem.o                  832       95    1'672
    user_modem_init.o             536
    user_mqtt.o                 4'912    1'495    2'800
    user_rtc.o                    936       68       73
    user_sim.o                  4'572      190    1'533
    user_sim_common.o           2'008      353    1'044
    user_string.o                 788
    user_time.o                   488
    user_timer.o                  964                 4
    user_uart.o                   372        5    1'272
    user_util.o                 1'624       32       20
    ---------------------------------------------------
    Total:                     68'328   11'437   15'346

dl7M_tlf.a: [2]
    exit.o                          4
    low_level_init.o                4
    strstr.o                       44
    ---------------------------------------------------
    Total:                         52

m7M_tl.a: [3]
    ---------------------------------------------------
    Total:

rt7M_tl.a: [4]
    ABImemclr4.o                    6
    ABImemcpy.o                   166
    ABImemset.o                   102
    ABImemset48.o                  50
    I64DivMod.o                   560
    I64DivZer.o                     2
    cexit.o                        10
    cmain.o                        30
    cstartup_M.o                   12
    data_init.o                    40
    lz77_init_single.o            120
    memset.o                       20
    strchr.o                       22
    strlen.o                       54
    zero_init3.o                   58
    ---------------------------------------------------
    Total:                      1'252

shb_l.a: [5]
    exit.o                         20
    ---------------------------------------------------
    Total:                         20

    Gaps                           28
    Linker created                          32    1'024
-------------------------------------------------------
    Grand Total:               69'680   11'469   16'370


*******************************************************************************
*** ENTRY LIST
***

Entry                       Address   Size  Type      Object
-----                       -------   ----  ----      ------
.iar.init_table$$Base    0x801'22a4          --   Gb  - Linker created -
.iar.init_table$$Limit   0x801'22c4          --   Gb  - Linker created -
?main                    0x801'23c5         Code  Gb  cmain.o [4]
AHBPrescTable            0x801'2a7c   0x10  Data  Gb  system_stm32l1xx.o [1]
APBPrescTable            0x801'32c0    0x8  Data  Gb  system_stm32l1xx.o [1]
AppButton_Task           0x800'd4b3   0x84  Code  Gb  user_app_button.o [1]
AppCom_Calcu_Period_To_RoudTime
                         0x800'41c1   0x3a  Code  Lc  user_app_comm.o [1]
AppComm_IRQ_Timer_CallBack
                         0x800'41b5    0xc  Code  Gb  user_app_comm.o [1]
AppComm_Init             0x800'40ed   0x2a  Code  Gb  user_app_comm.o [1]
AppComm_Set_Next_TxTimer
                         0x800'4227   0x78  Code  Gb  user_app_comm.o [1]
AppComm_Set_Next_TxTimer::CountMessInit
                        0x2000'3bd9    0x1  Data  Lc  user_app_comm.o [1]
AppComm_Task             0x800'4117   0x9e  Code  Gb  user_app_comm.o [1]
AppCtrlOxy_Task          0x800'cde9   0x84  Code  Gb  user_app_ctrl_oxy.o [1]
AppLcd_Task              0x800'c8eb   0x84  Code  Gb  user_app_lcd.o [1]
AppMem_Cb_Erase_Chip_OK
                         0x800'56d5   0x58  Code  Gb  user_app_mem.o [1]
AppMem_Cb_Get_Addr       0x800'572d   0xba  Code  Gb  user_app_mem.o [1]
AppMem_Cb_Read_OK        0x800'557d   0x70  Code  Gb  user_app_mem.o [1]
AppMem_Cb_Write_OK       0x800'5451  0x12c  Code  Gb  user_app_mem.o [1]
AppMem_Check_New_Record
                         0x800'5a77   0x1c  Code  Gb  user_app_mem.o [1]
AppMem_Check_Record_Format
                         0x800'5a9d   0xfa  Code  Gb  user_app_mem.o [1]
AppMem_Forward_Data_To_Sim
                         0x800'5a31   0x42  Code  Gb  user_app_mem.o [1]
AppMem_Get_Req_AT        0x800'5801   0xde  Code  Gb  user_app_mem.o [1]
AppMem_Inc_Index_Save    0x800'5951   0x5c  Code  Gb  user_app_mem.o [1]
AppMem_Inc_Index_Send_1
                         0x800'59ad   0x40  Code  Gb  user_app_mem.o [1]
AppMem_Inc_Index_Send_2
                         0x800'59ed   0x44  Code  Gb  user_app_mem.o [1]
AppMem_Init              0x800'5413   0x3e  Code  Gb  user_app_mem.o [1]
AppMem_Init_Index_Record
                         0x800'5bb1   0xbc  Code  Gb  user_app_mem.o [1]
AppMem_PowerOff_ExFlash
                         0x800'5a73    0x2  Code  Gb  user_app_mem.o [1]
AppMem_PowerOn_ExFlash   0x800'5a75    0x2  Code  Gb  user_app_mem.o [1]
AppMem_Process_Req_AT    0x800'57e7   0x1a  Code  Gb  user_app_mem.o [1]
AppMem_Read_Data         0x800'56b3   0x20  Code  Gb  user_app_mem.o [1]
AppMem_Record_Invalid_Handle
                         0x800'58df   0x72  Code  Gb  user_app_mem.o [1]
AppMem_Task              0x800'5369   0xaa  Code  Gb  user_app_mem.o [1]
AppMem_Write_Data        0x800'55ed   0xc6  Code  Gb  user_app_mem.o [1]
AppMenu_Task             0x800'e69f   0x84  Code  Gb  user_app_menu_display.o [1]
AppRelay_Task            0x800'd0c1   0x84  Code  Gb  user_app_relay.o [1]
AppRs485_Task            0x800'd645   0x84  Code  Gb  user_app_rs485.o [1]
AppSim_GPS_Error         0x800'3e3f    0x2  Code  Gb  user_app_sim.o [1]
AppSim_GPS_OK            0x800'3e3d    0x2  Code  Gb  user_app_sim.o [1]
AppSim_Get_Data_From_Flash
                         0x800'3c0b   0x5c  Code  Gb  user_app_sim.o [1]
AppSim_Get_Firmware_Version
                         0x800'3c07    0x4  Code  Lc  user_app_sim.o [1]
AppSim_Init              0x800'36e9   0x2c  Code  Gb  user_app_sim.o [1]
AppSim_Process_AT_Event
                         0x800'3821  0x172  Code  Lc  user_app_sim.o [1]
AppSim_Process_Server_DL
                         0x800'3b19   0x50  Code  Lc  user_app_sim.o [1]
AppSim_Process_Sms       0x800'3b69   0x16  Code  Lc  user_app_sim.o [1]
AppSim_Process_URC_Callback
                         0x800'3cbb   0xca  Code  Lc  user_app_sim.o [1]
AppSim_Push_AT_Publish   0x800'3d85    0xc  Code  Gb  user_app_sim.o [1]
AppSim_Push_AT_Publish_Fb
                         0x800'3d91    0xc  Code  Gb  user_app_sim.o [1]
AppSim_Send_Mess         0x800'37ab   0x76  Code  Gb  user_app_sim.o [1]
AppSim_Set_Config_UpdateFw
                         0x800'3cad    0xe  Code  Lc  user_app_sim.o [1]
AppSim_Start_Module_Sim
                         0x800'3c95   0x18  Code  Gb  user_app_sim.o [1]
AppSim_Task              0x800'3715   0x96  Code  Gb  user_app_sim.o [1]
AppSim_Unmark_Mess       0x800'3c67   0x18  Code  Gb  user_app_sim.o [1]
AppSim_Unmark_Mess_Share_Buff
                         0x800'3c7f   0x16  Code  Gb  user_app_sim.o [1]
Appmem_Check_Rec_Init_Data
                         0x800'56d3    0x2  Code  Gb  user_app_mem.o [1]
BT_Menu_Calib_Oxy        0x800'e3dd   0x42  Code  Gb  user_app_menu_display.o [1]
BT_Menu_Login            0x800'd931  0x28e  Code  Gb  user_app_menu_display.o [1]
BT_Menu_Main_1           0x800'd85d   0x5a  Code  Gb  user_app_menu_display.o [1]
BT_Menu_Main_2           0x800'd8b7   0x7a  Code  Gb  user_app_menu_display.o [1]
BT_Menu_Setting_Calib    0x800'df07  0x116  Code  Gb  user_app_menu_display.o [1]
BT_Menu_Setting_Cycle    0x800'dd0d  0x1fa  Code  Gb  user_app_menu_display.o [1]
BT_Menu_Setting_Main     0x800'dbbf  0x14e  Code  Gb  user_app_menu_display.o [1]
BT_Menu_Setting_Password
                         0x800'e131  0x2ac  Code  Gb  user_app_menu_display.o [1]
BT_Menu_Setting_Satility
                         0x800'e01d  0x102  Code  Gb  user_app_menu_display.o [1]
BUTTON_PIN               0x801'32c8    0x8  Data  Lc  user_app_button.o [1]
BUTTON_PORT             0x2000'0334   0x10  Data  Lc  user_app_button.o [1]
BusFault_Handler         0x801'1c6b    0x2  Code  Gb  stm32l1xx_it.o [1]
CAT24Mxx_Erase           0x800'a949   0x62  Code  Gb  cat24mxx.o [1]
CAT24Mxx_Read_Array      0x800'a8d1   0x78  Code  Gb  cat24mxx.o [1]
CAT24Mxx_Write_Array     0x800'a7b1  0x120  Code  Gb  cat24mxx.o [1]
CSTACK$$Base            0x2000'3bf8          --   Gb  - Linker created -
CSTACK$$Limit           0x2000'3ff8          --   Gb  - Linker created -
Cal_Time                 0x800'1af3   0x12  Code  Gb  user_util.o [1]
Cb_TX_Timer_Event        0x800'41fd   0x2a  Code  Lc  user_app_comm.o [1]
CheckList_AT_CONFIG      0x801'1240  0x360  Data  Gb  user_at_serial.o [1]
Check_AT_User            0x800'14db  0x1a6  Code  Gb  user_at_serial.o [1]
Check_Password           0x800'e4af   0x54  Code  Gb  user_app_menu_display.o [1]
Check_Time_Out           0x800'1ad5   0x1e  Code  Gb  user_util.o [1]
Check_update_Time        0x800'44fb   0x56  Code  Gb  user_time.o [1]
Clear_Rol_LCD            0x800'c66d   0x18  Code  Gb  user_app_lcd.o [1]
Connect_Packet          0x2000'0d8c   0x58  Data  Gb  user_mqtt.o [1]
ControlRelay             0x800'ced7   0xdc  Code  Gb  user_app_relay.o [1]
Convert_Hex_To_String_Hex
                         0x800'1f25   0x90  Code  Gb  user_util.o [1]
Convert_Int64_To_StringDec
                         0x800'1dbf   0xe4  Code  Gb  user_util.o [1]
Convert_String_To_Dec    0x800'1ec7   0x5e  Code  Gb  user_util.o [1]
Convert_Uint64_To_StringDec
                         0x800'1b05  0x128  Code  Gb  user_util.o [1]
Copy_String              0x800'4f57   0x5e  Code  Gb  user_string.o [1]
Copy_String_2            0x800'5045   0x36  Code  Gb  user_string.o [1]
Copy_String_section      0x800'4fb5   0x48  Code  Gb  user_string.o [1]
Ctrl_Oxy1                0x800'caaf   0xc8  Code  Gb  user_app_ctrl_oxy.o [1]
Ctrl_Oxy1::StateBefore  0x2000'3bdc    0x1  Data  Lc  user_app_ctrl_oxy.o [1]
Ctrl_Oxy2                0x800'cb77   0xba  Code  Gb  user_app_ctrl_oxy.o [1]
Ctrl_Oxy2::StateBefore  0x2000'3bdd    0x1  Data  Lc  user_app_ctrl_oxy.o [1]
Ctrl_Oxy3                0x800'cc31   0xba  Code  Gb  user_app_ctrl_oxy.o [1]
Ctrl_Oxy3::StateBefore  0x2000'3bde    0x1  Data  Lc  user_app_ctrl_oxy.o [1]
Cut_String               0x800'4ffd   0x48  Code  Gb  user_string.o [1]
DCU_Respond              0x800'1857   0xe6  Code  Gb  user_modem.o [1]
DLCD_Calib_Oxy           0x800'c141   0x54  Code  Gb  user_app_lcd.o [1]
DLCD_Calib_Oxy_Entry     0x800'bf21   0x16  Code  Gb  user_app_lcd.o [1]
DLCD_Login               0x800'c42f   0xa6  Code  Gb  user_app_lcd.o [1]
DLCD_Login_Alter         0x800'bd15   0xa0  Code  Gb  user_app_lcd.o [1]
DLCD_Login_Alter::stampPass1
                        0x2000'3bb4    0x2  Data  Lc  user_app_lcd.o [1]
DLCD_Login_Alter::stampPass2
                        0x2000'3bb6    0x2  Data  Lc  user_app_lcd.o [1]
DLCD_Login_Alter::stampPass3
                        0x2000'3bb8    0x2  Data  Lc  user_app_lcd.o [1]
DLCD_Login_Alter::stampPass4
                        0x2000'3bba    0x2  Data  Lc  user_app_lcd.o [1]
DLCD_Login_Alter::stampPass5
                        0x2000'3bbc    0x2  Data  Lc  user_app_lcd.o [1]
DLCD_Login_Alter::stampPass6
                        0x2000'3bbe    0x2  Data  Lc  user_app_lcd.o [1]
DLCD_Login_Entry         0x800'c019   0x42  Code  Gb  user_app_lcd.o [1]
DLCD_Main_1              0x800'c57b   0xf2  Code  Gb  user_app_lcd.o [1]
DLCD_Main_1_Alter        0x800'be45   0xdc  Code  Gb  user_app_lcd.o [1]
DLCD_Main_1_Alter::stampOxyMgL
                        0x2000'3bc2    0x2  Data  Lc  user_app_lcd.o [1]
DLCD_Main_1_Alter::stampOxyPercent
                        0x2000'3bc4    0x2  Data  Lc  user_app_lcd.o [1]
DLCD_Main_1_Alter::stampStateOxy1
                        0x2000'3be3    0x1  Data  Lc  user_app_lcd.o [1]
DLCD_Main_1_Alter::stampStateOxy2
                        0x2000'3be4    0x1  Data  Lc  user_app_lcd.o [1]
DLCD_Main_1_Alter::stampStateOxy3
[...]
_mSEND_RECONNECT_SERVER
                         0x800'8fad   0x30  Code  Gb  user_mqtt.o [1]
_mSEND_RESPOND_FROM_RF   0x800'93bf   0x5c  Code  Gb  user_mqtt.o [1]
_mSEND_RESPOND_SERVER    0x800'9363   0x5c  Code  Gb  user_mqtt.o [1]
_mSEND_RESPOND_SERVER_ACK
                         0x800'941b   0x5c  Code  Gb  user_mqtt.o [1]
_mSEND_SAVE_BOK_OK       0x800'9591   0x32  Code  Gb  user_mqtt.o [1]
_mSEND_SAVE_BOX_FAIL     0x800'955f   0x32  Code  Gb  user_mqtt.o [1]
_mSEND_SERVER_TIME_FAIL
                         0x800'952d   0x32  Code  Gb  user_mqtt.o [1]
_mSEND_SERVER_TIME_OK    0x800'94fb   0x32  Code  Gb  user_mqtt.o [1]
_mSEND_SERVER_TIME_PENDING
                         0x800'94c9   0x32  Code  Gb  user_mqtt.o [1]
_mSEND_SHUTTING_DOWN     0x800'8f7d   0x30  Code  Gb  user_mqtt.o [1]
_mSEND_SIM_ID            0x800'92b9   0x1a  Code  Gb  user_mqtt.o [1]
_mSEND_UPDATE_FIRM_FAIL
                         0x800'964d   0x8e  Code  Gb  user_mqtt.o [1]
_mSEND_UPDATE_FIRM_OK    0x800'9609   0x3e  Code  Gb  user_mqtt.o [1]
_main                    0x801'23df         Code  Gb  cmain.o [4]
_rClear_Data_InFlash     0x800'9905    0x2  Code  Gb  user_mqtt.o [1]
_rINTAN_DATA             0x800'96fd    0x2  Code  Gb  user_mqtt.o [1]
_rREQUEST_RESET          0x800'96db    0xa  Code  Gb  user_mqtt.o [1]
_rREQ_AT_CMD             0x800'9843   0x18  Code  Gb  user_mqtt.o [1]
_rREQ_AT_TO_RF           0x800'9861   0x18  Code  Gb  user_mqtt.o [1]
_rRESET_DATA             0x800'9827   0x1c  Code  Gb  user_mqtt.o [1]
_rUPDATE_FIRMWARE        0x800'9879   0x34  Code  Gb  user_mqtt.o [1]
_rUPDATE_TIME_SERVER     0x800'96ff  0x128  Code  Gb  user_mqtt.o [1]
aALRM_EMERGENCY         0x2000'2a24  0x400  Data  Gb  user_modem.o [1]
aAPN                    0x2000'0eb0   0x20  Data  Gb  user_sim_common.o [1]
aAPN_DIAL_STRING        0x2000'0ed0   0x20  Data  Gb  user_sim_common.o [1]
aAPN_PASSWORD           0x2000'0f10   0x20  Data  Gb  user_sim_common.o [1]
aAPN_USERNAME           0x2000'0ef0   0x20  Data  Gb  user_sim_common.o [1]
aAT_CMD                 0x2000'3324  0x100  Data  Gb  user_modem.o [1]
aDATA_CONFIG            0x2000'3588   0x80  Data  Gb  user_at_serial.o [1]
aDATA_EEPROM_READ       0x2000'3024  0x100  Data  Lc  user_external_eeprom.o [1]
aDATA_FLASH_SIM         0x2000'2e24  0x100  Data  Gb  user_app_sim.o [1]
aDATA_GPS               0x2000'2f24  0x100  Data  Gb  user_app_sim.o [1]
aDATA_MQTT              0x2000'1764  0x4b0  Data  Gb  user_mqtt.o [1]
aDATA_READ              0x2000'3124  0x100  Data  Lc  user_internal_mem.o [1]
aDCU_ID                 0x2000'0d10   0x14  Data  Gb  user_modem.o [1]
aFIRM_HTTP_URL          0x2000'10b8   0x50  Data  Gb  user_sim_common.o [1]
aFIRM_IP                0x2000'1038   0x20  Data  Gb  user_sim_common.o [1]
aFIRM_NAME              0x2000'1098   0x20  Data  Gb  user_sim_common.o [1]
aFIRM_PATH              0x2000'1078   0x20  Data  Gb  user_sim_common.o [1]
aFIRM_PORT              0x2000'1058   0x20  Data  Gb  user_sim_common.o [1]
aIP_SERVER_BACKUP       0x2000'0fb4   0x28  Data  Gb  user_sim_common.o [1]
aIP_SERVER_MAIN         0x2000'0f30   0x28  Data  Gb  user_sim_common.o [1]
aPASS_MQTT_BACKUP       0x2000'1010   0x28  Data  Gb  user_sim_common.o [1]
aPASS_MQTT_MAIN         0x2000'0f8c   0x28  Data  Gb  user_sim_common.o [1]
aPAYLOAD_MQTT           0x2000'1c14  0x4b0  Data  Gb  user_mqtt.o [1]
aPORT_SERVER_BACKUP     0x2000'0fdc    0xc  Data  Gb  user_sim_common.o [1]
aPORT_SERVER_MAIN       0x2000'0f58    0xc  Data  Gb  user_sim_common.o [1]
aPublish_Header         0x2000'38e4   0x34  Data  Gb  user_mqtt.o [1]
aQSimStepComtrol        0x2000'3918   0x34  Data  Lc  user_sim.o [1]
aRESPONDSE_AT           0x2000'3224  0x100  Data  Gb  user_modem.o [1]
aSERIAL_MODULESIM       0x2000'3ad4   0x18  Data  Gb  user_sim_common.o [1]
aSIM_ID                 0x2000'0e98   0x18  Data  Gb  user_sim_common.o [1]
aSIM_STEP_PUBLISH       0x2000'0ce4    0x4  Data  Gb  user_l508.o [1]
aSIM_STEP_PUBLISH_FB    0x2000'0ce8    0x4  Data  Gb  user_l508.o [1]
aSimL506Step             0x801'0bd8  0x668  Data  Gb  user_l508.o [1]
aSimStepBlockConnect    0x2000'0cd0   0x14  Data  Gb  user_l508.o [1]
aSimStepBlockDisConnect
                        0x2000'0cec    0x4  Data  Gb  user_l508.o [1]
aSimStepBlockHttpInit   0x2000'0cf0   0x14  Data  Gb  user_l508.o [1]
aSimStepBlockHttpRead   0x2000'1230    0x2  Data  Gb  user_l508.o [1]
aSimStepBlockInit       0x2000'0cbc    0xc  Data  Gb  user_l508.o [1]
aSimStepBlockNework     0x2000'0cc8    0x8  Data  Gb  user_l508.o [1]
aSimStepBlockSMS        0x2000'1232    0x2  Data  Gb  user_l508.o [1]
aSimUrc                  0x801'1b74   0xf0  Data  Gb  user_l508.o [1]
aSubcribe_Header        0x2000'38b0   0x34  Data  Gb  user_mqtt.o [1]
aUSER_MQTT_BACKUP       0x2000'0fe8   0x28  Data  Gb  user_sim_common.o [1]
aUSER_MQTT_MAIN         0x2000'0f64   0x28  Data  Gb  user_sim_common.o [1]
at_callback_failure      0x800'78a3   0x14  Code  Lc  user_l508.o [1]
at_callback_success      0x800'789d    0x6  Code  Lc  user_l508.o [1]
cTime_RTC               0x2000'0440   0x14  Data  Gb  user_app_lcd.o [1]
exit                     0x801'23e7    0x4  Code  Gb  exit.o [2]
fPushBlockSimStepToQueue
                         0x800'2863   0x30  Code  Gb  user_sim.o [1]
fPushSimStepToQueue      0x800'281b   0x48  Code  Gb  user_sim.o [1]
fevent_active            0x800'43d3   0x1e  Code  Gb  event_driven.o [1]
fevent_button_click_down
                         0x800'd329   0x74  Code  Lc  user_app_button.o [1]
fevent_button_click_down::state_before
                        0x2000'1236    0x1  Data  Lc  user_app_button.o [1]
fevent_button_click_down::state_current
                        0x2000'3bd3    0x1  Data  Lc  user_app_button.o [1]
fevent_button_click_enter
                         0x800'd18f   0x86  Code  Lc  user_app_button.o [1]
fevent_button_click_enter::state_before
                        0x2000'1234    0x1  Data  Lc  user_app_button.o [1]
fevent_button_click_enter::state_current
                        0x2000'3bd1    0x1  Data  Lc  user_app_button.o [1]
fevent_button_click_exit
                         0x800'd3e9   0x7a  Code  Lc  user_app_button.o [1]
fevent_button_click_exit::state_before
                        0x2000'1237    0x1  Data  Lc  user_app_button.o [1]
fevent_button_click_exit::state_current
                        0x2000'3bd4    0x1  Data  Lc  user_app_button.o [1]
fevent_button_click_up   0x800'd269   0x74  Code  Lc  user_app_button.o [1]
fevent_button_click_up::state_before
                        0x2000'1235    0x1  Data  Lc  user_app_button.o [1]
fevent_button_click_up::state_current
                        0x2000'3bd2    0x1  Data  Lc  user_app_button.o [1]
fevent_button_entry      0x800'd189    0x6  Code  Lc  user_app_button.o [1]
fevent_button_hold_down
                         0x800'd39d   0x4c  Code  Lc  user_app_button.o [1]
fevent_button_hold_enter
                         0x800'd215   0x54  Code  Lc  user_app_button.o [1]
fevent_button_hold_exit
                         0x800'd463   0x50  Code  Lc  user_app_button.o [1]
fevent_button_hold_up    0x800'd2dd   0x4c  Code  Lc  user_app_button.o [1]
fevent_control_led_status
                         0x800'cec5   0x12  Code  Lc  user_app_relay.o [1]
fevent_ctrl_oxy_0_calib
                         0x800'ca47   0x34  Code  Lc  user_app_ctrl_oxy.o [1]
fevent_ctrl_oxy_0_calib::countstate
                        0x2000'3bda    0x1  Data  Lc  user_app_ctrl_oxy.o [1]
fevent_ctrl_oxy_100_calib
                         0x800'ca7b   0x34  Code  Lc  user_app_ctrl_oxy.o [1]
fevent_ctrl_oxy_100_calib::countstate
                        0x2000'3bdb    0x1  Data  Lc  user_app_ctrl_oxy.o [1]
fevent_ctrl_oxy_entry    0x800'ca09    0x6  Code  Lc  user_app_ctrl_oxy.o [1]
fevent_ctrl_oxy_gettick
                         0x800'ca0f   0x38  Code  Lc  user_app_ctrl_oxy.o [1]
fevent_ctrl_oxy_gettick::Check_Gettick
                        0x2000'3b80    0x4  Data  Lc  user_app_ctrl_oxy.o [1]
fevent_disable           0x800'4415   0x12  Code  Gb  event_driven.o [1]
fevent_enable            0x800'43f1   0x24  Code  Gb  event_driven.o [1]
fevent_lcd_entry         0x800'bb8d   0x3a  Code  Lc  user_app_lcd.o [1]
fevent_lcd_get_time_rtc
                         0x800'bbc7   0x4e  Code  Lc  user_app_lcd.o [1]
fevent_lcd_get_time_rtc::check_RTC
                        0x2000'3bdf    0x1  Data  Lc  user_app_lcd.o [1]
fevent_menu_display_alter
                         0x800'd6ed   0x60  Code  Lc  user_app_menu_display.o [1]
fevent_menu_display_back_main_1
                         0x800'd79f   0x2e  Code  Lc  user_app_menu_display.o [1]
fevent_menu_display_calib_oxy
                         0x800'd74d   0x52  Code  Lc  user_app_menu_display.o [1]
fevent_menu_entry        0x800'd6e1    0xc  Code  Lc  user_app_menu_display.o [1]
fevent_relay_entry       0x800'ceb5   0x10  Code  Lc  user_app_relay.o [1]
fevent_rs485_entry       0x800'd565   0x12  Code  Lc  user_app_rs485.o [1]
fevent_rs485_receive_complete
                         0x800'd635   0x10  Code  Lc  user_app_rs485.o [1]
fevent_rs485_receive_handle
                         0x800'd5fd   0x38  Code  Lc  user_app_rs485.o [1]
fevent_rs485_receive_handle::countBuffer_uart
                        0x2000'3bc8    0x2  Data  Lc  user_app_rs485.o [1]
fevent_rs485_transmit    0x800'd577   0x86  Code  Lc  user_app_rs485.o [1]
fevent_sim_at_send_handler
                         0x800'2345  0x100  Code  Lc  user_sim.o [1]
fevent_sim_at_send_ok_handler
                         0x800'2445   0xf2  Code  Lc  user_sim.o [1]
fevent_sim_at_send_timeout_handler
                         0x800'2537   0x8c  Code  Lc  user_sim.o [1]
fevent_sim_dtr_pin_handler
                         0x800'2763   0x28  Code  Lc  user_sim.o [1]
fevent_sim_dtr_pin_handler::DTR_PIN_Control_u8
                        0x2000'3bef    0x1  Data  Lc  user_sim.o [1]
fevent_sim_hard_reset_handler
                         0x800'274b   0x12  Code  Lc  user_sim.o [1]
fevent_sim_power_off_handler
                         0x800'278b   0x90  Code  Lc  user_sim.o [1]
fevent_sim_turn_on_handler
                         0x800'262b  0x120  Code  Lc  user_sim.o [1]
fevent_sim_uart_receive_handler
                         0x800'25c3   0x68  Code  Lc  user_sim.o [1]
fevent_sim_uart_receive_handler::LastLengthRecv
                        0x2000'3bca    0x2  Data  Lc  user_sim.o [1]
fevent_sim_uart_receive_handler::MarkFirst
                        0x2000'3bee    0x1  Data  Lc  user_sim.o [1]
fevent_sim_wake_up_handler
                         0x800'275d    0x6  Code  Lc  user_sim.o [1]
font5x8                  0x801'15a0  0x228  Data  Lc  GLCD192x64.o [1]
hdma_usart1_rx          0x2000'37a4   0x44  Data  Gb  usart.o [1]
hdma_usart2_rx          0x2000'37e8   0x44  Data  Gb  usart.o [1]
hdma_usart3_rx          0x2000'382c   0x44  Data  Gb  usart.o [1]
hi2c1                   0x2000'3678   0x54  Data  Gb  i2c.o [1]
hrtc                    0x2000'39a8   0x20  Data  Gb  rtc.o [1]
htim11                  0x2000'3870   0x40  Data  Gb  tim.o [1]
huart1                  0x2000'36cc   0x48  Data  Gb  usart.o [1]
huart2                  0x2000'3714   0x48  Data  Gb  usart.o [1]
huart3                  0x2000'375c   0x48  Data  Gb  usart.o [1]
mConnect_MQTT            0x800'99e1   0x46  Code  Gb  user_mqtt.o [1]
mData_MQTT               0x800'89fd   0x7a  Code  Gb  user_mqtt.o [1]
mInit_Header_Subcribe    0x800'9907   0xda  Code  Gb  user_mqtt.o [1]
mInit_u16                0x800'22b5   0x62  Code  Gb  user_modem_init.o [1]
mPayload_Load_MesErr     0x800'9491   0x38  Code  Gb  user_mqtt.o [1]
mPayload_Update_Add      0x800'9477   0x1a  Code  Gb  user_mqtt.o [1]
mPublish_MQTT            0x800'9a47    0xa  Code  Gb  user_mqtt.o [1]
mSave_u16                0x800'2317   0x2e  Code  Gb  user_modem_init.o [1]
mSend_Packet_MQTT        0x800'89fb    0x2  Code  Gb  user_mqtt.o [1]
mSet_default_MQTT        0x800'8951   0x18  Code  Gb  user_mqtt.o [1]
mSubcribe_MQTT           0x800'9a27   0x20  Code  Gb  user_mqtt.o [1]
mUpdate_Split_FTP        0x800'98ad   0x58  Code  Gb  user_mqtt.o [1]
main                     0x800'b4dd   0x30  Code  Gb  main.o [1]
memset                   0x800'b5bd   0x14  Code  Gb  memset.o [4]
oLCD_C_Calib_Oxy        0x2000'0704   0x38  Data  Gb  user_app_lcd.o [1]
oLCD_C_Login            0x2000'0534   0x60  Data  Gb  user_app_lcd.o [1]
oLCD_C_Main_1           0x2000'0454   0x60  Data  Gb  user_app_lcd.o [1]
oLCD_C_Main_2           0x2000'04cc   0x58  Data  Gb  user_app_lcd.o [1]
oLCD_C_Setting_Calib    0x2000'05f4   0x20  Data  Gb  user_app_lcd.o [1]
oLCD_C_Setting_Cycle    0x2000'0614   0x28  Data  Gb  user_app_lcd.o [1]
oLCD_C_Setting_Main     0x2000'05c4   0x30  Data  Gb  user_app_lcd.o [1]
oLCD_C_Setting_Password
                        0x2000'0674   0x60  Data  Gb  user_app_lcd.o [1]
oLCD_C_Setting_Satility
                        0x2000'064c   0x20  Data  Gb  user_app_lcd.o [1]
oLCD_U_Login            0x2000'0594   0x30  Data  Gb  user_app_lcd.o [1]
oLCD_U_Main_1           0x2000'04b4   0x18  Data  Gb  user_app_lcd.o [1]
oLCD_U_Main_2           0x2000'0524   0x10  Data  Gb  user_app_lcd.o [1]
oLCD_U_Setting_Cycle    0x2000'063c   0x10  Data  Gb  user_app_lcd.o [1]
oLCD_U_Setting_Password
                        0x2000'06d4   0x30  Data  Gb  user_app_lcd.o [1]
oLCD_U_Setting_Satility
                        0x2000'066c    0x8  Data  Gb  user_app_lcd.o [1]
pFlash                  0x2000'39e4   0x18  Data  Gb  stm32l1xx_hal_flash.o [1]
pFunc_Log_To_Mem        0x2000'3b9c    0x4  Data  Gb  user_util.o [1]
pModemProcessIRQTimer   0x2000'3b8c    0x4  Data  Gb  user_rtc.o [1]
qCopy_Data_From_Queue    0x800'888d   0x60  Code  Lc  queue_p.o [1]
qCopy_Data_To_Queue      0x800'8815   0x78  Code  Lc  queue_p.o [1]
qExEEPROMRead           0x2000'3a14   0x18  Data  Gb  user_external_eeprom.o [1]
qExEEPROMWrite          0x2000'3a2c   0x18  Data  Gb  user_external_eeprom.o [1]
qGet_Number_Items        0x800'88ed    0x4  Code  Gb  queue_p.o [1]
qOnFlashRead            0x2000'3a44   0x18  Data  Gb  user_internal_mem.o [1]
qOnFlashWrite           0x2000'3a5c   0x18  Data  Gb  user_internal_mem.o [1]
qQueue_Back_Item         0x800'88f1   0x54  Code  Gb  queue_p.o [1]
qQueue_Clear             0x800'87bb    0xe  Code  Gb  queue_p.o [1]
qQueue_Create            0x800'878d   0x2e  Code  Gb  queue_p.o [1]
qQueue_Receive           0x800'87f3   0x22  Code  Gb  queue_p.o [1]
qQueue_Send              0x800'87c9   0x2a  Code  Gb  queue_p.o [1]
qSimStep                0x2000'3abc   0x18  Data  Gb  user_sim.o [1]
sAppMem                 0x2000'3b00   0x10  Data  Gb  user_app_mem.o [1]
sAppSimCallBack         0x2000'09c8   0x14  Data  Gb  user_app_sim.o [1]
sAppSimVar              0x2000'0000  0x298  Data  Gb  user_app_sim.o [1]
sDate                   0x2000'3b84    0x4  Data  Gb  user_app_lcd.o [1]
sEventAppButton         0x2000'02a4   0x90  Data  Gb  user_app_button.o [1]
sEventAppComm           0x2000'0344   0x70  Data  Gb  user_app_comm.o [1]
sEventAppCtrlOxy        0x2000'03bc   0x40  Data  Gb  user_app_ctrl_oxy.o [1]
sEventAppLcd            0x2000'040c   0x20  Data  Gb  user_app_lcd.o [1]
sEventAppMem            0x2000'0830   0x80  Data  Gb  user_app_mem.o [1]
sEventAppMenu           0x2000'08b0   0x40  Data  Gb  user_app_menu_display.o [1]
sEventAppRelay          0x2000'08f0   0x20  Data  Gb  user_app_relay.o [1]
sEventAppRs485          0x2000'0948   0x40  Data  Gb  user_app_rs485.o [1]
sEventAppSim            0x2000'0988   0x40  Data  Gb  user_app_sim.o [1]
sEventExEEPROM          0x2000'09dc   0x30  Data  Gb  user_external_eeprom.o [1]
sEventOnChipFlash       0x2000'0b4c   0x30  Data  Gb  user_internal_mem.o [1]
sEventSim               0x2000'0de4   0x90  Data  Gb  user_sim.o [1]
sExEEPROM               0x2000'0a0c  0x140  Data  Gb  user_external_eeprom.o [1]
sFROM_Manager           0x2000'3b74    0x4  Data  Gb  cat24mxx.o [1]
sFileSys                0x2000'11dc   0x44  Data  Gb  user_sim_common.o [1]
sFirmVersion            0x2000'03b4    0x8  Data  Gb  user_app_comm.o [1]
sFreqInfor              0x2000'0d70    0xc  Data  Gb  user_modem.o [1]
sLPMFeatureHandler      0x2000'3b88    0x4  Data  Gb  user_lpm.o [1]
sMQTT                   0x2000'3424   0xc4  Data  Gb  user_mqtt.o [1]
sMark_DCU_Type           0x801'1e18   0x60  Data  Gb  user_mqtt.o [1]
sMark_MessageRecei_Type
                         0x801'1d10   0x90  Data  Gb  user_mqtt.o [1]
sMark_MessageSend_Type   0x801'19c4  0x1b0  Data  Gb  user_mqtt.o [1]
sMenuStamp              0x2000'3b28    0xc  Data  Gb  user_app_menu_display.o [1]
sMenuState              0x2000'3b1c    0xc  Data  Gb  user_app_menu_display.o [1]
sModem                  0x2000'0d24   0x4c  Data  Gb  user_modem.o [1]
sModemLPMHandler        0x2000'0d7c   0x10  Data  Gb  user_modem.o [1]
sOnFlash                0x2000'0b7c  0x140  Data  Gb  user_internal_mem.o [1]
sParamCtrlOxy           0x2000'3b64    0x8  Data  Gb  user_app_ctrl_oxy.o [1]
sParamMeasure           0x2000'3b6c    0x8  Data  Gb  user_app_ctrl_oxy.o [1]
sPassword               0x2000'3b10    0xc  Data  Gb  user_app_ctrl_oxy.o [1]
sQExEEPROMRead          0x2000'34e8   0xa0  Data  Lc  user_external_eeprom.o [1]
sQExEEPROMWrite         0x2000'123c  0x528  Data  Lc  user_external_eeprom.o [1]
sRTC                    0x2000'3b58    0xc  Data  Gb  user_util.o [1]
sRTCSet                 0x2000'3b40    0xc  Data  Gb  user_modem.o [1]
sRecEvent               0x2000'0788   0x38  Data  Gb  user_app_mem.o [1]
sRecGPS                 0x2000'07f8   0x38  Data  Gb  user_app_mem.o [1]
sRecLog                 0x2000'07c0   0x38  Data  Gb  user_app_mem.o [1]
sRecTSVH                0x2000'0750   0x38  Data  Gb  user_app_mem.o [1]
sSimCommFuncCallBack    0x2000'3b90    0x4  Data  Gb  user_sim_common.o [1]
sSimCommon              0x2000'3608   0x70  Data  Gb  user_sim_common.o [1]
sSimFwUpdate            0x2000'118c   0x50  Data  Gb  user_sim_common.o [1]
sSimInfor               0x2000'1108   0x84  Data  Gb  user_sim_common.o [1]
sSimVar                 0x2000'0e7c   0x1c  Data  Gb  user_sim.o [1]
sStatusRelay            0x2000'3b34    0xc  Data  Gb  user_app_relay.o [1]
sTime                   0x2000'3aec   0x14  Data  Gb  user_app_lcd.o [1]
sTimeCtrlOxy            0x2000'03fc   0x10  Data  Gb  user_app_ctrl_oxy.o [1]
sUart485                0x2000'1228    0x8  Data  Gb  user_uart.o [1]
sUartDebug              0x2000'1220    0x8  Data  Gb  user_uart.o [1]
sUartSim                0x2000'0e74    0x8  Data  Gb  user_sim.o [1]
screen_x                0x2000'3bcc    0x1  Data  Gb  GLCD192x64.o [1]
screen_y                0x2000'3bcd    0x1  Data  Gb  GLCD192x64.o [1]
status                  0x2000'3bcf    0x1  Data  Gb  GLCD192x64.o [1]
strchr                   0x800'f87d         Code  Gb  strchr.o [4]
strlen                   0x800'6ffd         Code  Gb  strlen.o [4]
strstr                   0x800'b791   0x2c  Code  Gb  strstr.o [2]
topicString             0x2000'3b4c    0xc  Data  Gb  user_mqtt.o [1]
uartSimBuffReceive      0x2000'20c4  0x4b0  Data  Gb  user_sim.o [1]
uwTick                  0x2000'3b78    0x4  Data  Gb  stm32l1xx_hal.o [1]
uwTickFreq              0x2000'029c    0x4  Data  Gb  stm32l1xx_hal.o [1]
uwTickPrio              0x2000'0298    0x4  Data  Gb  stm32l1xx_hal.o [1]
writeCString             0x800'f919   0x34  Code  Gb  MQTTPacket.o [1]
writeChar                0x800'f8e3    0xc  Code  Gb  MQTTPacket.o [1]
writeInt                 0x800'f8ef   0x2a  Code  Gb  MQTTPacket.o [1]
writeMQTTString          0x800'f94d   0x46  Code  Gb  MQTTPacket.o [1]


[1] = D:\Project_STM32\Saoviet_Control_Oxy\Project_Control_Oxy\EWARM\Project_Control_Oxy\Obj
[2] = dl7M_tlf.a
[3] = m7M_tl.a
[4] = rt7M_tl.a
[5] = shb_l.a

  69'680 bytes of readonly  code memory
  11'469 bytes of readonly  data memory
  16'370 bytes of readwrite data memory

Errors: none
Warnings: none
