###############################################################################
#
# IAR ELF Linker V8.40.2.214/W32 for ARM                  19/Apr/2024  10:21:05
# Copyright 2007-2019 IAR Systems AB.
#
#    Output file  =
#        D:\Saoviet_Bitbucket\Saoviet_Control_Oxy\Project_Ver_STM32F303RET6\Project_Control_Oxy_Ver_1\Project_Control_Oxy\EWARM\Project_Control_Oxy\Exe\Project_Control_Oxy.out
#    Map file     =
#        D:\Saoviet_Bitbucket\Saoviet_Control_Oxy\Project_Ver_STM32F303RET6\Project_Control_Oxy_Ver_1\Project_Control_Oxy\EWARM\Project_Control_Oxy\List\Project_Control_Oxy.map
#    Command line =
#        -f C:\Users\PC\AppData\Local\Temp\EW3DDB.tmp
#        (D:\Saoviet_Bitbucket\Saoviet_Control_Oxy\Project_Ver_STM32F303RET6\Project_Control_Oxy_Ver_1\Project_Control_Oxy\EWARM\Project_Control_Oxy\Obj\cat24mxx.o
#        D:\Saoviet_Bitbucket\Saoviet_Control_Oxy\Project_Ver_STM32F303RET6\Project_Control_Oxy_Ver_1\Project_Control_Oxy\EWARM\Project_Control_Oxy\Obj\dma.o
#        D:\Saoviet_Bitbucket\Saoviet_Control_Oxy\Project_Ver_STM32F303RET6\Project_Control_Oxy_Ver_1\Project_Control_Oxy\EWARM\Project_Control_Oxy\Obj\event_driven.o
#        D:\Saoviet_Bitbucket\Saoviet_Control_Oxy\Project_Ver_STM32F303RET6\Project_Control_Oxy_Ver_1\Project_Control_Oxy\EWARM\Project_Control_Oxy\Obj\GLCD192x64.o
#        D:\Saoviet_Bitbucket\Saoviet_Control_Oxy\Project_Ver_STM32F303RET6\Project_Control_Oxy_Ver_1\Project_Control_Oxy\EWARM\Project_Control_Oxy\Obj\gpio.o
#        D:\Saoviet_Bitbucket\Saoviet_Control_Oxy\Project_Ver_STM32F303RET6\Project_Control_Oxy_Ver_1\Project_Control_Oxy\EWARM\Project_Control_Oxy\Obj\i2c.o
#        D:\Saoviet_Bitbucket\Saoviet_Control_Oxy\Project_Ver_STM32F303RET6\Project_Control_Oxy_Ver_1\Project_Control_Oxy\EWARM\Project_Control_Oxy\Obj\iwdg.o
#        D:\Saoviet_Bitbucket\Saoviet_Control_Oxy\Project_Ver_STM32F303RET6\Project_Control_Oxy_Ver_1\Project_Control_Oxy\EWARM\Project_Control_Oxy\Obj\main.o
#        D:\Saoviet_Bitbucket\Saoviet_Control_Oxy\Project_Ver_STM32F303RET6\Project_Control_Oxy_Ver_1\Project_Control_Oxy\EWARM\Project_Control_Oxy\Obj\MQTTConnectClient.o
#        D:\Saoviet_Bitbucket\Saoviet_Control_Oxy\Project_Ver_STM32F303RET6\Project_Control_Oxy_Ver_1\Project_Control_Oxy\EWARM\Project_Control_Oxy\Obj\MQTTConnectServer.o
#        D:\Saoviet_Bitbucket\Saoviet_Control_Oxy\Project_Ver_STM32F303RET6\Project_Control_Oxy_Ver_1\Project_Control_Oxy\EWARM\Project_Control_Oxy\Obj\MQTTDeserializePublish.o
#        D:\Saoviet_Bitbucket\Saoviet_Control_Oxy\Project_Ver_STM32F303RET6\Project_Control_Oxy_Ver_1\Project_Control_Oxy\EWARM\Project_Control_Oxy\Obj\MQTTFormat.o
#        D:\Saoviet_Bitbucket\Saoviet_Control_Oxy\Project_Ver_STM32F303RET6\Project_Control_Oxy_Ver_1\Project_Control_Oxy\EWARM\Project_Control_Oxy\Obj\MQTTPacket.o
#        D:\Saoviet_Bitbucket\Saoviet_Control_Oxy\Project_Ver_STM32F303RET6\Project_Control_Oxy_Ver_1\Project_Control_Oxy\EWARM\Project_Control_Oxy\Obj\MQTTSerializePublish.o
#        D:\Saoviet_Bitbucket\Saoviet_Control_Oxy\Project_Ver_STM32F303RET6\Project_Control_Oxy_Ver_1\Project_Control_Oxy\EWARM\Project_Control_Oxy\Obj\MQTTSubscribeClient.o
#        D:\Saoviet_Bitbucket\Saoviet_Control_Oxy\Project_Ver_STM32F303RET6\Project_Control_Oxy_Ver_1\Project_Control_Oxy\EWARM\Project_Control_Oxy\Obj\MQTTSubscribeServer.o
#        D:\Saoviet_Bitbucket\Saoviet_Control_Oxy\Project_Ver_STM32F303RET6\Project_Control_Oxy_Ver_1\Project_Control_Oxy\EWARM\Project_Control_Oxy\Obj\MQTTUnsubscribeClient.o
#        D:\Saoviet_Bitbucket\Saoviet_Control_Oxy\Project_Ver_STM32F303RET6\Project_Control_Oxy_Ver_1\Project_Control_Oxy\EWARM\Project_Control_Oxy\Obj\MQTTUnsubscribeServer.o
#        D:\Saoviet_Bitbucket\Saoviet_Control_Oxy\Project_Ver_STM32F303RET6\Project_Control_Oxy_Ver_1\Project_Control_Oxy\EWARM\Project_Control_Oxy\Obj\onchipflash.o
#        D:\Saoviet_Bitbucket\Saoviet_Control_Oxy\Project_Ver_STM32F303RET6\Project_Control_Oxy_Ver_1\Project_Control_Oxy\EWARM\Project_Control_Oxy\Obj\queue_p.o
#        D:\Saoviet_Bitbucket\Saoviet_Control_Oxy\Project_Ver_STM32F303RET6\Project_Control_Oxy_Ver_1\Project_Control_Oxy\EWARM\Project_Control_Oxy\Obj\rtc.o
#        D:\Saoviet_Bitbucket\Saoviet_Control_Oxy\Project_Ver_STM32F303RET6\Project_Control_Oxy_Ver_1\Project_Control_Oxy\EWARM\Project_Control_Oxy\Obj\startup_stm32f303xe.o
#        D:\Saoviet_Bitbucket\Saoviet_Control_Oxy\Project_Ver_STM32F303RET6\Project_Control_Oxy_Ver_1\Project_Control_Oxy\EWARM\Project_Control_Oxy\Obj\stm32f3xx_hal.o
#        D:\Saoviet_Bitbucket\Saoviet_Control_Oxy\Project_Ver_STM32F303RET6\Project_Control_Oxy_Ver_1\Project_Control_Oxy\EWARM\Project_Control_Oxy\Obj\stm32f3xx_hal_cortex.o
#        D:\Saoviet_Bitbucket\Saoviet_Control_Oxy\Project_Ver_STM32F303RET6\Project_Control_Oxy_Ver_1\Project_Control_Oxy\EWARM\Project_Control_Oxy\Obj\stm32f3xx_hal_dma.o
#        D:\Saoviet_Bitbucket\Saoviet_Control_Oxy\Project_Ver_STM32F303RET6\Project_Control_Oxy_Ver_1\Project_Control_Oxy\EWARM\Project_Control_Oxy\Obj\stm32f3xx_hal_exti.o
#        D:\Saoviet_Bitbucket\Saoviet_Control_Oxy\Project_Ver_STM32F303RET6\Project_Control_Oxy_Ver_1\Project_Control_Oxy\EWARM\Project_Control_Oxy\Obj\stm32f3xx_hal_flash.o
#        D:\Saoviet_Bitbucket\Saoviet_Control_Oxy\Project_Ver_STM32F303RET6\Project_Control_Oxy_Ver_1\Project_Control_Oxy\EWARM\Project_Control_Oxy\Obj\stm32f3xx_hal_flash_ex.o
#        D:\Saoviet_Bitbucket\Saoviet_Control_Oxy\Project_Ver_STM32F303RET6\Project_Control_Oxy_Ver_1\Project_Control_Oxy\EWARM\Project_Control_Oxy\Obj\stm32f3xx_hal_gpio.o
#        D:\Saoviet_Bitbucket\Saoviet_Control_Oxy\Project_Ver_STM32F303RET6\Project_Control_Oxy_Ver_1\Project_Control_Oxy\EWARM\Project_Control_Oxy\Obj\stm32f3xx_hal_i2c.o
#        D:\Saoviet_Bitbucket\Saoviet_Control_Oxy\Project_Ver_STM32F303RET6\Project_Control_Oxy_Ver_1\Project_Control_Oxy\EWARM\Project_Control_Oxy\Obj\stm32f3xx_hal_i2c_ex.o
#        D:\Saoviet_Bitbucket\Saoviet_Control_Oxy\Project_Ver_STM32F303RET6\Project_Control_Oxy_Ver_1\Project_Control_Oxy\EWARM\Project_Control_Oxy\Obj\stm32f3xx_hal_iwdg.o
#        D:\Saoviet_Bitbucket\Saoviet_Control_Oxy\Project_Ver_STM32F303RET6\Project_Control_Oxy_Ver_1\Project_Control_Oxy\EWARM\Project_Control_Oxy\Obj\stm32f3xx_hal_msp.o
#        D:\Saoviet_Bitbucket\Saoviet_Control_Oxy\Project_Ver_STM32F303RET6\Project_Control_Oxy_Ver_1\Project_Control_Oxy\EWARM\Project_Control_Oxy\Obj\stm32f3xx_hal_pwr.o
#        D:\Saoviet_Bitbucket\Saoviet_Control_Oxy\Project_Ver_STM32F303RET6\Project_Control_Oxy_Ver_1\Project_Control_Oxy\EWARM\Project_Control_Oxy\Obj\stm32f3xx_hal_pwr_ex.o
#        D:\Saoviet_Bitbucket\Saoviet_Control_Oxy\Project_Ver_STM32F303RET6\Project_Control_Oxy_Ver_1\Project_Control_Oxy\EWARM\Project_Control_Oxy\Obj\stm32f3xx_hal_rcc.o
#        D:\Saoviet_Bitbucket\Saoviet_Control_Oxy\Project_Ver_STM32F303RET6\Project_Control_Oxy_Ver_1\Project_Control_Oxy\EWARM\Project_Control_Oxy\Obj\stm32f3xx_hal_rcc_ex.o
#        D:\Saoviet_Bitbucket\Saoviet_Control_Oxy\Project_Ver_STM32F303RET6\Project_Control_Oxy_Ver_1\Project_Control_Oxy\EWARM\Project_Control_Oxy\Obj\stm32f3xx_hal_rtc.o
#        D:\Saoviet_Bitbucket\Saoviet_Control_Oxy\Project_Ver_STM32F303RET6\Project_Control_Oxy_Ver_1\Project_Control_Oxy\EWARM\Project_Control_Oxy\Obj\stm32f3xx_hal_rtc_ex.o
#        D:\Saoviet_Bitbucket\Saoviet_Control_Oxy\Project_Ver_STM32F303RET6\Project_Control_Oxy_Ver_1\Project_Control_Oxy\EWARM\Project_Control_Oxy\Obj\stm32f3xx_hal_tim.o
#        D:\Saoviet_Bitbucket\Saoviet_Control_Oxy\Project_Ver_STM32F303RET6\Project_Control_Oxy_Ver_1\Project_Control_Oxy\EWARM\Project_Control_Oxy\Obj\stm32f3xx_hal_tim_ex.o
#        D:\Saoviet_Bitbucket\Saoviet_Control_Oxy\Project_Ver_STM32F303RET6\Project_Control_Oxy_Ver_1\Project_Control_Oxy\EWARM\Project_Control_Oxy\Obj\stm32f3xx_hal_uart.o
#        D:\Saoviet_Bitbucket\Saoviet_Control_Oxy\Project_Ver_STM32F303RET6\Project_Control_Oxy_Ver_1\Project_Control_Oxy\EWARM\Project_Control_Oxy\Obj\stm32f3xx_hal_uart_ex.o
#        D:\Saoviet_Bitbucket\Saoviet_Control_Oxy\Project_Ver_STM32F303RET6\Project_Control_Oxy_Ver_1\Project_Control_Oxy\EWARM\Project_Control_Oxy\Obj\stm32f3xx_it.o
#        D:\Saoviet_Bitbucket\Saoviet_Control_Oxy\Project_Ver_STM32F303RET6\Project_Control_Oxy_Ver_1\Project_Control_Oxy\EWARM\Project_Control_Oxy\Obj\system_stm32f3xx.o
#        D:\Saoviet_Bitbucket\Saoviet_Control_Oxy\Project_Ver_STM32F303RET6\Project_Control_Oxy_Ver_1\Project_Control_Oxy\EWARM\Project_Control_Oxy\Obj\usart.o
#        D:\Saoviet_Bitbucket\Saoviet_Control_Oxy\Project_Ver_STM32F303RET6\Project_Control_Oxy_Ver_1\Project_Control_Oxy\EWARM\Project_Control_Oxy\Obj\user_app_button.o
#        D:\Saoviet_Bitbucket\Saoviet_Control_Oxy\Project_Ver_STM32F303RET6\Project_Control_Oxy_Ver_1\Project_Control_Oxy\EWARM\Project_Control_Oxy\Obj\user_app_comm.o
#        D:\Saoviet_Bitbucket\Saoviet_Control_Oxy\Project_Ver_STM32F303RET6\Project_Control_Oxy_Ver_1\Project_Control_Oxy\EWARM\Project_Control_Oxy\Obj\user_app_ctrl_oxy.o
#        D:\Saoviet_Bitbucket\Saoviet_Control_Oxy\Project_Ver_STM32F303RET6\Project_Control_Oxy_Ver_1\Project_Control_Oxy\EWARM\Project_Control_Oxy\Obj\user_app_ctrl_pH.o
#        D:\Saoviet_Bitbucket\Saoviet_Control_Oxy\Project_Ver_STM32F303RET6\Project_Control_Oxy_Ver_1\Project_Control_Oxy\EWARM\Project_Control_Oxy\Obj\user_app_lcd.o
#        D:\Saoviet_Bitbucket\Saoviet_Control_Oxy\Project_Ver_STM32F303RET6\Project_Control_Oxy_Ver_1\Project_Control_Oxy\EWARM\Project_Control_Oxy\Obj\user_app_mem.o
#        D:\Saoviet_Bitbucket\Saoviet_Control_Oxy\Project_Ver_STM32F303RET6\Project_Control_Oxy_Ver_1\Project_Control_Oxy\EWARM\Project_Control_Oxy\Obj\user_app_menu_display.o
#        D:\Saoviet_Bitbucket\Saoviet_Control_Oxy\Project_Ver_STM32F303RET6\Project_Control_Oxy_Ver_1\Project_Control_Oxy\EWARM\Project_Control_Oxy\Obj\user_app_relay.o
#        D:\Saoviet_Bitbucket\Saoviet_Control_Oxy\Project_Ver_STM32F303RET6\Project_Control_Oxy_Ver_1\Project_Control_Oxy\EWARM\Project_Control_Oxy\Obj\user_app_rs485.o
#        D:\Saoviet_Bitbucket\Saoviet_Control_Oxy\Project_Ver_STM32F303RET6\Project_Control_Oxy_Ver_1\Project_Control_Oxy\EWARM\Project_Control_Oxy\Obj\user_app_sim.o
#        D:\Saoviet_Bitbucket\Saoviet_Control_Oxy\Project_Ver_STM32F303RET6\Project_Control_Oxy_Ver_1\Project_Control_Oxy\EWARM\Project_Control_Oxy\Obj\user_at_serial.o
#        D:\Saoviet_Bitbucket\Saoviet_Control_Oxy\Project_Ver_STM32F303RET6\Project_Control_Oxy_Ver_1\Project_Control_Oxy\EWARM\Project_Control_Oxy\Obj\user_convert_variable.o
#        D:\Saoviet_Bitbucket\Saoviet_Control_Oxy\Project_Ver_STM32F303RET6\Project_Control_Oxy_Ver_1\Project_Control_Oxy\EWARM\Project_Control_Oxy\Obj\user_define_oxygen.o
#        D:\Saoviet_Bitbucket\Saoviet_Control_Oxy\Project_Ver_STM32F303RET6\Project_Control_Oxy_Ver_1\Project_Control_Oxy\EWARM\Project_Control_Oxy\Obj\user_ec200u.o
#        D:\Saoviet_Bitbucket\Saoviet_Control_Oxy\Project_Ver_STM32F303RET6\Project_Control_Oxy_Ver_1\Project_Control_Oxy\EWARM\Project_Control_Oxy\Obj\user_external_eeprom.o
#        D:\Saoviet_Bitbucket\Saoviet_Control_Oxy\Project_Ver_STM32F303RET6\Project_Control_Oxy_Ver_1\Project_Control_Oxy\EWARM\Project_Control_Oxy\Obj\user_internal_mem.o
#        D:\Saoviet_Bitbucket\Saoviet_Control_Oxy\Project_Ver_STM32F303RET6\Project_Control_Oxy_Ver_1\Project_Control_Oxy\EWARM\Project_Control_Oxy\Obj\user_log.o
#        D:\Saoviet_Bitbucket\Saoviet_Control_Oxy\Project_Ver_STM32F303RET6\Project_Control_Oxy_Ver_1\Project_Control_Oxy\EWARM\Project_Control_Oxy\Obj\user_lpm.o
#        D:\Saoviet_Bitbucket\Saoviet_Control_Oxy\Project_Ver_STM32F303RET6\Project_Control_Oxy_Ver_1\Project_Control_Oxy\EWARM\Project_Control_Oxy\Obj\user_modbus_rtu.o
#        D:\Saoviet_Bitbucket\Saoviet_Control_Oxy\Project_Ver_STM32F303RET6\Project_Control_Oxy_Ver_1\Project_Control_Oxy\EWARM\Project_Control_Oxy\Obj\user_modem.o
#        D:\Saoviet_Bitbucket\Saoviet_Control_Oxy\Project_Ver_STM32F303RET6\Project_Control_Oxy_Ver_1\Project_Control_Oxy\EWARM\Project_Control_Oxy\Obj\user_modem_init.o
#        D:\Saoviet_Bitbucket\Saoviet_Control_Oxy\Project_Ver_STM32F303RET6\Project_Control_Oxy_Ver_1\Project_Control_Oxy\EWARM\Project_Control_Oxy\Obj\user_mqtt.o
#        D:\Saoviet_Bitbucket\Saoviet_Control_Oxy\Project_Ver_STM32F303RET6\Project_Control_Oxy_Ver_1\Project_Control_Oxy\EWARM\Project_Control_Oxy\Obj\user_obis_sv.o
#        D:\Saoviet_Bitbucket\Saoviet_Control_Oxy\Project_Ver_STM32F303RET6\Project_Control_Oxy_Ver_1\Project_Control_Oxy\EWARM\Project_Control_Oxy\Obj\user_rtc.o
#        D:\Saoviet_Bitbucket\Saoviet_Control_Oxy\Project_Ver_STM32F303RET6\Project_Control_Oxy_Ver_1\Project_Control_Oxy\EWARM\Project_Control_Oxy\Obj\user_sim.o
#        D:\Saoviet_Bitbucket\Saoviet_Control_Oxy\Project_Ver_STM32F303RET6\Project_Control_Oxy_Ver_1\Project_Control_Oxy\EWARM\Project_Control_Oxy\Obj\user_sim_common.o
#        D:\Saoviet_Bitbucket\Saoviet_Control_Oxy\Project_Ver_STM32F303RET6\Project_Control_Oxy_Ver_1\Project_Control_Oxy\EWARM\Project_Control_Oxy\Obj\user_string.o
#        D:\Saoviet_Bitbucket\Saoviet_Control_Oxy\Project_Ver_STM32F303RET6\Project_Control_Oxy_Ver_1\Project_Control_Oxy\EWARM\Project_Control_Oxy\Obj\user_time.o
#        D:\Saoviet_Bitbucket\Saoviet_Control_Oxy\Project_Ver_STM32F303RET6\Project_Control_Oxy_Ver_1\Project_Control_Oxy\EWARM\Project_Control_Oxy\Obj\user_timer.o
#        D:\Saoviet_Bitbucket\Saoviet_Control_Oxy\Project_Ver_STM32F303RET6\Project_Control_Oxy_Ver_1\Project_Control_Oxy\EWARM\Project_Control_Oxy\Obj\user_uart.o
#        D:\Saoviet_Bitbucket\Saoviet_Control_Oxy\Project_Ver_STM32F303RET6\Project_Control_Oxy_Ver_1\Project_Control_Oxy\EWARM\Project_Control_Oxy\Obj\user_util.o
#        --no_out_extension -o
#        D:\Saoviet_Bitbucket\Saoviet_Control_Oxy\Project_Ver_STM32F303RET6\Project_Control_Oxy_Ver_1\Project_Control_Oxy\EWARM\Project_Control_Oxy\Exe\Project_Control_Oxy.out
#        --redirect _Printf=_PrintfFullNoMb --redirect _Scanf=_ScanfFullNoMb
#        --map
#        D:\Saoviet_Bitbucket\Saoviet_Control_Oxy\Project_Ver_STM32F303RET6\Project_Control_Oxy_Ver_1\Project_Control_Oxy\EWARM\Project_Control_Oxy\List\Project_Control_Oxy.map
#        --config
#        D:\Saoviet_Bitbucket\Saoviet_Control_Oxy\Project_Ver_STM32F303RET6\Project_Control_Oxy_Ver_1\Project_Control_Oxy\EWARM/stm32f303xe_flash.icf
#        --semihosting --entry __iar_program_start --vfe --text_out locale)
#
###############################################################################

*******************************************************************************
*** RUNTIME MODEL ATTRIBUTES
***

CppFlavor       = *
__SystemLibrary = DLib
__dlib_version  = 6


*******************************************************************************
*** HEAP SELECTION
***

The basic heap was selected because no calls to memory allocation
functions were found in the application outside of system library
functions, and there are calls to deallocation functions in the
application.


*******************************************************************************
*** PLACEMENT SUMMARY
***

"A0":  place at address 0x800'4000 { ro section .intvec };
"P1":  place in [from 0x800'4000 to 0x807'ffff] { ro };
define block CSTACK with size = 1K, alignment = 8 { };
define block HEAP with size = 512, alignment = 8 { };
"P2":  place in [from 0x2000'0000 to 0x2000'ffff] {
          rw, block CSTACK, block HEAP };
initialize by copy { rw };

  Section            Kind         Address      Size  Object
  -------            ----         -------      ----  ------
"A0":                                         0x194
  .intvec            ro code   0x800'4000     0x194  startup_stm32f303xe.o [1]
                             - 0x800'4194     0x194

"P1":                                      0x1'bbc0
  .text              ro code   0x800'4194    0x2750  user_at_serial.o [1]
  .text              ro code   0x800'68e4     0x3c0  user_modem.o [1]
  .text              ro code   0x800'6ca4     0x64c  user_util.o [1]
  .text              ro code   0x800'72f0     0x218  user_modem_init.o [1]
  .text              ro code   0x800'7508    0x1124  user_sim.o [1]
  .text              ro code   0x800'862c      0x66  ABImemset.o [4]
  .text              ro code   0x800'8692      0x3a  zero_init3.o [4]
  .text              ro code   0x800'86cc     0xca8  user_app_sim.o [1]
  .text              ro code   0x800'9374     0x830  user_app_comm.o [1]
  .text              ro code   0x800'9ba4      0xa6  ABImemcpy.o [4]
  .text              ro code   0x800'9c4a      0x54  event_driven.o [1]
  .rodata            const     0x800'9c9e       0x2  user_app_lcd.o [1]
  .text              ro code   0x800'9ca0     0x2a0  user_time.o [1]
  .text              ro code   0x800'9f40     0x758  stm32f3xx_hal_rtc.o [1]
  .text              ro code   0x800'a698     0x30c  user_string.o [1]
  .text              ro code   0x800'a9a4     0xb00  user_app_mem.o [1]
  .text              ro code   0x800'b4a4    0x1e70  user_app_menu_display.o [1]
  .text              ro code   0x800'd314    0x1538  user_app_ctrl_oxy.o [1]
  .text              ro code   0x800'e84c     0x5d4  user_app_rs485.o [1]
  .text              ro code   0x800'ee20     0x31a  user_convert_variable.o [1]
  .rodata            const     0x800'f13a       0x2  user_ec200u.o [1]
  .text              ro code   0x800'f13c     0x670  user_app_ctrl_pH.o [1]
  .text              ro code   0x800'f7ac     0x3b4  stm32f3xx_hal_gpio.o [1]
  .text              ro code   0x800'fb60     0xd96  stm32f3xx_hal_uart.o [1]
  .rodata            const     0x801'08f6       0x2  user_ec200u.o [1]
  .text              ro code   0x801'08f8     0x178  user_uart.o [1]
  .text              ro code   0x801'0a70     0x360  usart.o [1]
  .text              ro code   0x801'0dd0     0x230  I64DivMod.o [4]
  .text              ro code   0x801'1000      0x36  strlen.o [4]
  .text              ro code   0x801'1038     0x2d0  user_internal_mem.o [1]
  .text              ro code   0x801'1308     0x1ca  onchipflash.o [1]
  .text              ro code   0x801'14d4     0x3c4  user_timer.o [1]
  .text              ro code   0x801'1898     0xc8c  user_ec200u.o [1]
  .text              ro code   0x801'2524     0x748  user_sim_common.o [1]
  .text              ro code   0x801'2c6c     0x1b6  queue_p.o [1]
  .text              ro code   0x801'2e24       0xc  stm32f3xx_hal.o [1]
  .text              ro code   0x801'2e30    0x1a8c  user_mqtt.o [1]
  .text              ro code   0x801'48bc     0x188  stm32f3xx_hal_flash.o [1]
  .text              ro code   0x801'4a44      0x28  stm32f3xx_hal.o [1]
  .text              ro code   0x801'4a6c       0x6  ABImemclr4.o [4]
  .text              ro code   0x801'4a74      0x1a  U32ToDbl.o [3]
  .text              ro code   0x801'4a90      0x22  math_wrappers64.o [3]
  .text              ro code   0x801'4ab4     0x246  DblDiv.o [3]
  .text              ro code   0x801'4cfc     0x444  user_external_eeprom.o [1]
  .text              ro code   0x801'5140      0x24  user_lpm.o [1]
  .text              ro code   0x801'5164      0x38  user_define_oxygen.o [1]
  .text              ro code   0x801'519c     0x148  rtc.o [1]
  .text              ro code   0x801'52e4     0x3ac  user_rtc.o [1]
  .text              ro code   0x801'5690       0x2  stm32f3xx_hal_rtc_ex.o [1]
  .text              ro code   0x801'5694     0x204  cat24mxx.o [1]
  .text              ro code   0x801'5898    0x13fc  user_app_lcd.o [1]
  .text              ro code   0x801'6c94     0xcba  GLCD192x64.o [1]
  .text              ro code   0x801'794e      0x7c  stm32f3xx_hal_iwdg.o [1]
  .text              ro code   0x801'79cc     0x288  user_app_relay.o [1]
  .text              ro code   0x801'7c54      0x22  S32ToDbl.o [3]
  .text              ro code   0x801'7c78      0x48  FltToDbl.o [3]
  .text              ro code   0x801'7cc0     0x17a  DblAdd.o [3]
  .text              ro code   0x801'7e3c     0x1a2  DblMul.o [3]
  .text              ro code   0x801'7fe0      0x68  DblToFlt.o [3]
  .text              ro code   0x801'8048     0x1c0  user_modbus_rtu.o [1]
  .text              ro code   0x801'8208     0x274  stm32f3xx_hal_dma.o [1]
  .text              ro code   0x801'847c       0x2  stm32f3xx_hal_uart_ex.o [1]
  .text              ro code   0x801'8480     0x96c  stm32f3xx_hal_rcc.o [1]
  .text              ro code   0x801'8dec       0x2  stm32f3xx_hal_uart.o [1]
  .text              ro code   0x801'8df0     0x10c  main.o [1]
  .text              ro code   0x801'8efc      0x14  memset.o [4]
  .text              ro code   0x801'8f10     0x190  stm32f3xx_hal_cortex.o [1]
  .text              ro code   0x801'90a0       0x2  I64DivZer.o [4]
  .text              ro code   0x801'90a4      0x2c  stm32f3xx_hal_flash_ex.o [1]
  .text              ro code   0x801'90d0      0x2c  strstr.o [2]
  .text              ro code   0x801'90fc      0xe0  MQTTSerializePublish.o [1]
  .text              ro code   0x801'91dc      0xe8  MQTTSubscribeClient.o [1]
  .text              ro code   0x801'92c4     0x200  MQTTConnectClient.o [1]
  .text              ro code   0x801'94c4      0x1e  U64Shr.o [4]
  .text              ro code   0x801'94e4      0x32  ABImemset48.o [4]
  .text              ro code   0x801'9518      0x4c  exp64.o [3]
  .text              ro code   0x801'9564     0x6ec  pow64.o [3]
  .text              ro code   0x801'9c50      0x4c  stm32f3xx_hal.o [1]
  .text              ro code   0x801'9c9c     0x3c0  user_app_button.o [1]
  .text              ro code   0x801'a05c      0x60  stm32f3xx_hal_rtc_ex.o [1]
  .text              ro code   0x801'a0bc     0x8c8  stm32f3xx_hal_i2c.o [1]
  .text              ro code   0x801'a984      0xe2  DblSub.o [3]
  .text              ro code   0x801'aa68      0x4c  stm32f3xx_hal.o [1]
  .text              ro code   0x801'aab4     0x1a0  gpio.o [1]
  .text              ro code   0x801'ac54      0x4c  dma.o [1]
  .text              ro code   0x801'aca0      0xd0  i2c.o [1]
  .text              ro code   0x801'ad70      0x30  iwdg.o [1]
  .text              ro code   0x801'ada0      0x10  stm32f3xx_hal_pwr.o [1]
  .text              ro code   0x801'adb0     0x310  stm32f3xx_hal_rcc_ex.o [1]
  .text              ro code   0x801'b0c0      0x16  strchr.o [4]
  .text              ro code   0x801'b0d8     0x11c  MQTTPacket.o [1]
  .text              ro code   0x801'b1f4     0x3e8  iar_Exp64.o [3]
  .text              ro code   0x801'b5dc      0x20  DblCmpEq.o [3]
  .text              ro code   0x801'b5fc      0x70  frexp.o [3]
  .text              ro code   0x801'b66c      0x2e  DblCmpLe.o [3]
  .text              ro code   0x801'b69c      0x3a  DblToS32.o [3]
  .text              ro code   0x801'b6d8      0x2e  DblCmpGe.o [3]
  .text              ro code   0x801'b708      0x38  stm32f3xx_hal_msp.o [1]
  .text              ro code   0x801'b740      0xc6  stm32f3xx_hal_i2c_ex.o [1]
  .text              ro code   0x801'b808     0x13a  ldexp.o [3]
  .rodata            const     0x801'b944     0x7bc  user_ec200u.o [1]
  .rodata            const     0x801'c100     0x570  user_at_serial.o [1]
  .rodata            const     0x801'c670      0x6c  user_mqtt.o [1]
  .rodata            const     0x801'c6e0     0x420  pow64.o [3]
  .rodata            const     0x801'cb00     0x254  GLCD192x64.o [1]
  .text              ro code   0x801'cd54     0x1fc  user_log.o [1]
  .rodata            const     0x801'cf50     0x1b0  user_mqtt.o [1]
  .rodata            const     0x801'd100      0xf0  user_ec200u.o [1]
  .text              ro code   0x801'd1f0      0xa0  stm32f3xx_it.o [1]
  .text              ro code   0x801'd290      0x18  stm32f3xx_hal.o [1]
  .rodata            const     0x801'd2a8      0x90  user_mqtt.o [1]
  .text              ro code   0x801'd338      0x78  lz77_init_single.o [4]
  .rodata            const     0x801'd3b0      0x3c  user_at_serial.o [1]
  .rodata            const     0x801'd3ec      0x3c  user_at_serial.o [1]
  .rodata            const     0x801'd428      0x2c  user_app_mem.o [1]
  .rodata            const     0x801'd454      0x2c  user_rtc.o [1]
  .rodata            const     0x801'd480      0x28  user_app_mem.o [1]
  .rodata            const     0x801'd4a8      0x28  user_app_mem.o [1]
  .rodata            const     0x801'd4d0      0x28  user_app_sim.o [1]
  .rodata            const     0x801'd4f8      0x28  user_ec200u.o [1]
  .rodata            const     0x801'd520      0x28  user_ec200u.o [1]
  .rodata            const     0x801'd548      0x28  user_external_eeprom.o [1]
  .rodata            const     0x801'd570      0x28  user_external_eeprom.o [1]
  .rodata            const     0x801'd598      0x28  user_external_eeprom.o [1]
  .rodata            const     0x801'd5c0      0x28  user_internal_mem.o [1]
  .rodata            const     0x801'd5e8      0x28  user_internal_mem.o [1]
  .rodata            const     0x801'd610      0x28  user_internal_mem.o [1]
  .text              ro code   0x801'd638      0x28  data_init.o [4]
  .rodata            const     0x801'd660      0x24  user_app_mem.o [1]
  .rodata            const     0x801'd684      0x24  user_app_mem.o [1]
  .rodata            const     0x801'd6a8      0x24  user_app_mem.o [1]
  .rodata            const     0x801'd6cc      0x24  user_app_mem.o [1]
  .rodata            const     0x801'd6f0      0x24  user_app_mem.o [1]
  .rodata            const     0x801'd714      0x24  user_app_mem.o [1]
  .rodata            const     0x801'd738      0x24  user_app_mem.o [1]
  .rodata            const     0x801'd75c      0x24  user_app_mem.o [1]
  .rodata            const     0x801'd780      0x24  user_app_mem.o [1]
  .rodata            const     0x801'd7a4      0x24  user_external_eeprom.o [1]
  .rodata            const     0x801'd7c8      0x24  user_external_eeprom.o [1]
  .rodata            const     0x801'd7ec      0x24  user_mqtt.o [1]
  .text              ro code   0x801'd810      0x22  fpinit_M.o [3]
  .iar.init_table    const     0x801'd834      0x20  - Linker created -
  .rodata            const     0x801'd854      0x20  user_app_comm.o [1]
  .rodata            const     0x801'd874      0x20  user_app_comm.o [1]
  .rodata            const     0x801'd894      0x20  user_app_ctrl_oxy.o [1]
  .rodata            const     0x801'd8b4      0x20  user_app_ctrl_oxy.o [1]
  .rodata            const     0x801'd8d4      0x20  user_app_ctrl_oxy.o [1]
  .rodata            const     0x801'd8f4      0x20  user_app_mem.o [1]
  .rodata            const     0x801'd914      0x20  user_app_menu_display.o [1]
  .rodata            const     0x801'd934      0x20  user_app_menu_display.o [1]
  .rodata            const     0x801'd954      0x20  user_app_sim.o [1]
  .rodata            const     0x801'd974      0x20  user_at_serial.o [1]
  .rodata            const     0x801'd994      0x20  user_ec200u.o [1]
  .rodata            const     0x801'd9b4      0x20  user_ec200u.o [1]
  .rodata            const     0x801'd9d4      0x20  user_ec200u.o [1]
  .rodata            const     0x801'd9f4      0x20  user_ec200u.o [1]
  .rodata            const     0x801'da14      0x20  user_ec200u.o [1]
  .rodata            const     0x801'da34      0x20  user_modem.o [1]
  .rodata            const     0x801'da54      0x20  user_mqtt.o [1]
  .text              ro code   0x801'da74      0x1e  cmain.o [4]
  .text              ro code   0x801'da92       0x4  low_level_init.o [2]
  .text              ro code   0x801'da96       0x4  exit.o [2]
  .text              ro code   0x801'da9c       0xa  cexit.o [4]
  .text              ro code   0x801'daa8      0x14  exit.o [5]
  .rodata            const     0x801'dabc      0x1c  user_app_comm.o [1]
  .rodata            const     0x801'dad8      0x1c  user_app_comm.o [1]
  .rodata            const     0x801'daf4      0x1c  user_app_comm.o [1]
  .rodata            const     0x801'db10      0x1c  user_app_comm.o [1]
  .rodata            const     0x801'db2c      0x1c  user_app_ctrl_oxy.o [1]
  .rodata            const     0x801'db48      0x1c  user_app_menu_display.o [1]
  .rodata            const     0x801'db64      0x1c  user_app_menu_display.o [1]
  .rodata            const     0x801'db80      0x1c  user_app_menu_display.o [1]
  .rodata            const     0x801'db9c      0x1c  user_app_relay.o [1]
  .rodata            const     0x801'dbb8      0x1c  user_app_relay.o [1]
  .rodata            const     0x801'dbd4      0x1c  user_app_sim.o [1]
  .rodata            const     0x801'dbf0      0x1c  user_at_serial.o [1]
  .rodata            const     0x801'dc0c      0x1c  user_at_serial.o [1]
  .rodata            const     0x801'dc28      0x1c  user_ec200u.o [1]
  .rodata            const     0x801'dc44      0x1c  user_ec200u.o [1]
  .rodata            const     0x801'dc60      0x1c  user_ec200u.o [1]
  .rodata            const     0x801'dc7c      0x1c  user_ec200u.o [1]
  .rodata            const     0x801'dc98      0x1c  user_ec200u.o [1]
  .rodata            const     0x801'dcb4      0x1c  user_ec200u.o [1]
  .rodata            const     0x801'dcd0      0x1c  user_ec200u.o [1]
  .rodata            const     0x801'dcec      0x1c  user_ec200u.o [1]
  .rodata            const     0x801'dd08      0x1c  user_mqtt.o [1]
  .rodata            const     0x801'dd24      0x18  user_app_ctrl_oxy.o [1]
  .rodata            const     0x801'dd3c      0x18  user_app_ctrl_oxy.o [1]
  .rodata            const     0x801'dd54      0x18  user_app_lcd.o [1]
  .rodata            const     0x801'dd6c      0x18  user_app_lcd.o [1]
  .rodata            const     0x801'dd84      0x18  user_app_lcd.o [1]
  .rodata            const     0x801'dd9c      0x18  user_app_lcd.o [1]
  .rodata            const     0x801'ddb4      0x18  user_app_lcd.o [1]
  .rodata            const     0x801'ddcc      0x18  user_app_lcd.o [1]
  .rodata            const     0x801'dde4      0x18  user_app_lcd.o [1]
  .rodata            const     0x801'ddfc      0x18  user_app_lcd.o [1]
  .rodata            const     0x801'de14      0x18  user_app_sim.o [1]
  .rodata            const     0x801'de2c      0x18  user_app_sim.o [1]
  .rodata            const     0x801'de44      0x18  user_app_sim.o [1]
  .rodata            const     0x801'de5c      0x18  user_ec200u.o [1]
  .rodata            const     0x801'de74      0x18  user_ec200u.o [1]
  .rodata            const     0x801'de8c      0x18  user_ec200u.o [1]
  .rodata            const     0x801'dea4      0x18  user_ec200u.o [1]
  .rodata            const     0x801'debc      0x18  user_mqtt.o [1]
  .rodata            const     0x801'ded4      0x18  user_sim.o [1]
  .rodata            const     0x801'deec      0x18  user_sim.o [1]
  .rodata            const     0x801'df04      0x14  user_app_comm.o [1]
  .rodata            const     0x801'df18      0x14  user_app_comm.o [1]
  .rodata            const     0x801'df2c      0x14  user_app_ctrl_oxy.o [1]
  .rodata            const     0x801'df40      0x14  user_app_lcd.o [1]
  .rodata            const     0x801'df54      0x14  user_app_lcd.o [1]
  .rodata            const     0x801'df68      0x14  user_app_lcd.o [1]
  .rodata            const     0x801'df7c      0x14  user_app_lcd.o [1]
  .rodata            const     0x801'df90      0x14  user_app_lcd.o [1]
  .rodata            const     0x801'dfa4      0x14  user_app_lcd.o [1]
  .rodata            const     0x801'dfb8      0x14  user_app_lcd.o [1]
  .rodata            const     0x801'dfcc      0x14  user_app_lcd.o [1]
  .rodata            const     0x801'dfe0      0x14  user_app_lcd.o [1]
  .rodata            const     0x801'dff4      0x14  user_app_lcd.o [1]
  .rodata            const     0x801'e008      0x14  user_app_lcd.o [1]
  .rodata            const     0x801'e01c      0x14  user_app_lcd.o [1]
  .rodata            const     0x801'e030      0x14  user_app_lcd.o [1]
  .rodata            const     0x801'e044      0x14  user_app_lcd.o [1]
  .rodata            const     0x801'e058      0x14  user_app_lcd.o [1]
  .rodata            const     0x801'e06c      0x14  user_app_lcd.o [1]
  .rodata            const     0x801'e080      0x14  user_app_lcd.o [1]
  .rodata            const     0x801'e094      0x14  user_app_lcd.o [1]
  .rodata            const     0x801'e0a8      0x14  user_app_lcd.o [1]
  .rodata            const     0x801'e0bc      0x14  user_app_lcd.o [1]
  .rodata            const     0x801'e0d0      0x14  user_app_lcd.o [1]
  .rodata            const     0x801'e0e4      0x14  user_app_lcd.o [1]
  .rodata            const     0x801'e0f8      0x14  user_app_lcd.o [1]
  .rodata            const     0x801'e10c      0x14  user_app_lcd.o [1]
  .rodata            const     0x801'e120      0x14  user_app_lcd.o [1]
  .rodata            const     0x801'e134      0x14  user_app_lcd.o [1]
  .rodata            const     0x801'e148      0x14  user_app_lcd.o [1]
  .rodata            const     0x801'e15c      0x14  user_app_lcd.o [1]
  .rodata            const     0x801'e170      0x14  user_app_lcd.o [1]
  .rodata            const     0x801'e184      0x14  user_app_lcd.o [1]
  .rodata            const     0x801'e198      0x14  user_app_lcd.o [1]
  .rodata            const     0x801'e1ac      0x14  user_app_lcd.o [1]
  .rodata            const     0x801'e1c0      0x14  user_app_lcd.o [1]
  .rodata            const     0x801'e1d4      0x14  user_app_lcd.o [1]
  .rodata            const     0x801'e1e8      0x14  user_app_mem.o [1]
  .rodata            const     0x801'e1fc      0x14  user_app_menu_display.o [1]
  .rodata            const     0x801'e210      0x14  user_app_menu_display.o [1]
  .rodata            const     0x801'e224      0x14  user_app_menu_display.o [1]
  .rodata            const     0x801'e238      0x14  user_app_sim.o [1]
  .rodata            const     0x801'e24c      0x14  user_at_serial.o [1]
  .rodata            const     0x801'e260      0x14  user_at_serial.o [1]
  .rodata            const     0x801'e274      0x14  user_at_serial.o [1]
  .rodata            const     0x801'e288      0x14  user_at_serial.o [1]
  .rodata            const     0x801'e29c      0x14  user_at_serial.o [1]
  .rodata            const     0x801'e2b0      0x14  user_at_serial.o [1]
  .rodata            const     0x801'e2c4      0x14  user_at_serial.o [1]
  .rodata            const     0x801'e2d8      0x14  user_at_serial.o [1]
  .rodata            const     0x801'e2ec      0x14  user_at_serial.o [1]
  .rodata            const     0x801'e300      0x14  user_at_serial.o [1]
  .rodata            const     0x801'e314      0x14  user_at_serial.o [1]
  .rodata            const     0x801'e328      0x14  user_at_serial.o [1]
  .rodata            const     0x801'e33c      0x14  user_at_serial.o [1]
  .rodata            const     0x801'e350      0x14  user_at_serial.o [1]
  .rodata            const     0x801'e364      0x14  user_at_serial.o [1]
  .rodata            const     0x801'e378      0x14  user_at_serial.o [1]
  .rodata            const     0x801'e38c      0x14  user_at_serial.o [1]
  .rodata            const     0x801'e3a0      0x14  user_at_serial.o [1]
  .rodata            const     0x801'e3b4      0x14  user_at_serial.o [1]
  .rodata            const     0x801'e3c8      0x14  user_at_serial.o [1]
  .rodata            const     0x801'e3dc      0x14  user_at_serial.o [1]
  .rodata            const     0x801'e3f0      0x14  user_at_serial.o [1]
  .rodata            const     0x801'e404      0x14  user_at_serial.o [1]
  .rodata            const     0x801'e418      0x14  user_at_serial.o [1]
  .rodata            const     0x801'e42c      0x14  user_at_serial.o [1]
  .rodata            const     0x801'e440      0x14  user_at_serial.o [1]
  .rodata            const     0x801'e454      0x14  user_at_serial.o [1]
  .rodata            const     0x801'e468      0x14  user_ec200u.o [1]
  .rodata            const     0x801'e47c      0x14  user_ec200u.o [1]
  .rodata            const     0x801'e490      0x14  user_ec200u.o [1]
  .rodata            const     0x801'e4a4      0x14  user_ec200u.o [1]
  .rodata            const     0x801'e4b8      0x14  user_ec200u.o [1]
  .rodata            const     0x801'e4cc      0x14  user_ec200u.o [1]
  .rodata            const     0x801'e4e0      0x14  user_modem.o [1]
  .rodata            const     0x801'e4f4      0x14  user_mqtt.o [1]
  .rodata            const     0x801'e508      0x14  user_mqtt.o [1]
  .rodata            const     0x801'e51c      0x14  user_mqtt.o [1]
  .rodata            const     0x801'e530      0x14  user_mqtt.o [1]
  .rodata            const     0x801'e544      0x14  user_mqtt.o [1]
  .rodata            const     0x801'e558      0x14  user_mqtt.o [1]
  .rodata            const     0x801'e56c      0x14  user_mqtt.o [1]
  .rodata            const     0x801'e580      0x14  user_mqtt.o [1]
  .rodata            const     0x801'e594      0x14  user_sim.o [1]
  .rodata            const     0x801'e5a8      0x14  user_sim.o [1]
  .rodata            const     0x801'e5bc      0x10  stm32f3xx_hal_rcc.o [1]
  .rodata            const     0x801'e5cc      0x10  stm32f3xx_hal_rcc.o [1]
  .rodata            const     0x801'e5dc      0x10  system_stm32f3xx.o [1]
  .rodata            const     0x801'e5ec      0x10  user_app_lcd.o [1]
  .rodata            const     0x801'e5fc      0x10  user_app_lcd.o [1]
  .rodata            const     0x801'e60c      0x10  user_app_lcd.o [1]
  .rodata            const     0x801'e61c      0x10  user_app_lcd.o [1]
  .rodata            const     0x801'e62c      0x10  user_app_lcd.o [1]
  .rodata            const     0x801'e63c      0x10  user_app_lcd.o [1]
  .rodata            const     0x801'e64c      0x10  user_app_lcd.o [1]
  .rodata            const     0x801'e65c      0x10  user_app_lcd.o [1]
  .rodata            const     0x801'e66c      0x10  user_app_lcd.o [1]
  .rodata            const     0x801'e67c      0x10  user_app_lcd.o [1]
  .rodata            const     0x801'e68c      0x10  user_app_lcd.o [1]
  .rodata            const     0x801'e69c      0x10  user_app_lcd.o [1]
  .rodata            const     0x801'e6ac      0x10  user_app_lcd.o [1]
  .rodata            const     0x801'e6bc      0x10  user_app_lcd.o [1]
  .rodata            const     0x801'e6cc      0x10  user_app_lcd.o [1]
  .rodata            const     0x801'e6dc      0x10  user_app_lcd.o [1]
  .rodata            const     0x801'e6ec      0x10  user_app_lcd.o [1]
  .rodata            const     0x801'e6fc      0x10  user_app_mem.o [1]
  .rodata            const     0x801'e70c      0x10  user_app_menu_display.o [1]
  .rodata            const     0x801'e71c      0x10  user_app_menu_display.o [1]
  .rodata            const     0x801'e72c      0x10  user_app_menu_display.o [1]
  .rodata            const     0x801'e73c      0x10  user_app_menu_display.o [1]
  .rodata            const     0x801'e74c      0x10  user_app_menu_display.o [1]
  .rodata            const     0x801'e75c      0x10  user_app_menu_display.o [1]
  .rodata            const     0x801'e76c      0x10  user_app_menu_display.o [1]
  .rodata            const     0x801'e77c      0x10  user_app_menu_display.o [1]
  .rodata            const     0x801'e78c      0x10  user_at_serial.o [1]
  .rodata            const     0x801'e79c      0x10  user_at_serial.o [1]
  .rodata            const     0x801'e7ac      0x10  user_at_serial.o [1]
  .rodata            const     0x801'e7bc      0x10  user_at_serial.o [1]
  .rodata            const     0x801'e7cc      0x10  user_at_serial.o [1]
  .rodata            const     0x801'e7dc      0x10  user_at_serial.o [1]
  .rodata            const     0x801'e7ec      0x10  user_at_serial.o [1]
  .rodata            const     0x801'e7fc      0x10  user_at_serial.o [1]
  .rodata            const     0x801'e80c      0x10  user_at_serial.o [1]
  .rodata            const     0x801'e81c      0x10  user_at_serial.o [1]
  .rodata            const     0x801'e82c      0x10  user_at_serial.o [1]
  .rodata            const     0x801'e83c      0x10  user_at_serial.o [1]
  .rodata            const     0x801'e84c      0x10  user_at_serial.o [1]
  .rodata            const     0x801'e85c      0x10  user_at_serial.o [1]
  .rodata            const     0x801'e86c      0x10  user_at_serial.o [1]
  .rodata            const     0x801'e87c      0x10  user_at_serial.o [1]
  .rodata            const     0x801'e88c      0x10  user_at_serial.o [1]
  .rodata            const     0x801'e89c      0x10  user_at_serial.o [1]
  .rodata            const     0x801'e8ac      0x10  user_at_serial.o [1]
  .rodata            const     0x801'e8bc      0x10  user_at_serial.o [1]
  .rodata            const     0x801'e8cc      0x10  user_at_serial.o [1]
  .rodata            const     0x801'e8dc      0x10  user_at_serial.o [1]
  .rodata            const     0x801'e8ec      0x10  user_at_serial.o [1]
  .rodata            const     0x801'e8fc      0x10  user_at_serial.o [1]
  .rodata            const     0x801'e90c      0x10  user_at_serial.o [1]
  .rodata            const     0x801'e91c      0x10  user_at_serial.o [1]
  .rodata            const     0x801'e92c      0x10  user_at_serial.o [1]
  .rodata            const     0x801'e93c      0x10  user_at_serial.o [1]
  .rodata            const     0x801'e94c      0x10  user_at_serial.o [1]
  .rodata            const     0x801'e95c      0x10  user_at_serial.o [1]
  .rodata            const     0x801'e96c      0x10  user_at_serial.o [1]
  .rodata            const     0x801'e97c      0x10  user_at_serial.o [1]
  .rodata            const     0x801'e98c      0x10  user_at_serial.o [1]
  .rodata            const     0x801'e99c      0x10  user_at_serial.o [1]
  .rodata            const     0x801'e9ac      0x10  user_at_serial.o [1]
  .rodata            const     0x801'e9bc      0x10  user_at_serial.o [1]
  .rodata            const     0x801'e9cc      0x10  user_at_serial.o [1]
  .rodata            const     0x801'e9dc      0x10  user_at_serial.o [1]
  .rodata            const     0x801'e9ec      0x10  user_at_serial.o [1]
  .rodata            const     0x801'e9fc      0x10  user_at_serial.o [1]
  .rodata            const     0x801'ea0c      0x10  user_at_serial.o [1]
  .rodata            const     0x801'ea1c      0x10  user_at_serial.o [1]
  .rodata            const     0x801'ea2c      0x10  user_at_serial.o [1]
  .rodata            const     0x801'ea3c      0x10  user_at_serial.o [1]
  .rodata            const     0x801'ea4c      0x10  user_at_serial.o [1]
  .rodata            const     0x801'ea5c      0x10  user_at_serial.o [1]
  .rodata            const     0x801'ea6c      0x10  user_ec200u.o [1]
  .rodata            const     0x801'ea7c      0x10  user_ec200u.o [1]
  .rodata            const     0x801'ea8c      0x10  user_ec200u.o [1]
  .rodata            const     0x801'ea9c      0x10  user_ec200u.o [1]
  .rodata            const     0x801'eaac      0x10  user_ec200u.o [1]
  .rodata            const     0x801'eabc      0x10  user_ec200u.o [1]
  .rodata            const     0x801'eacc      0x10  user_ec200u.o [1]
  .rodata            const     0x801'eadc      0x10  user_ec200u.o [1]
  .rodata            const     0x801'eaec      0x10  user_ec200u.o [1]
  .rodata            const     0x801'eafc      0x10  user_ec200u.o [1]
  .rodata            const     0x801'eb0c      0x10  user_ec200u.o [1]
  .rodata            const     0x801'eb1c      0x10  user_ec200u.o [1]
  .rodata            const     0x801'eb2c      0x10  user_ec200u.o [1]
  .rodata            const     0x801'eb3c      0x10  user_ec200u.o [1]
  .rodata            const     0x801'eb4c      0x10  user_ec200u.o [1]
  .rodata            const     0x801'eb5c      0x10  user_ec200u.o [1]
  .rodata            const     0x801'eb6c      0x10  user_ec200u.o [1]
  .rodata            const     0x801'eb7c      0x10  user_ec200u.o [1]
  .rodata            const     0x801'eb8c      0x10  user_ec200u.o [1]
  .rodata            const     0x801'eb9c      0x10  user_ec200u.o [1]
  .rodata            const     0x801'ebac      0x10  user_ec200u.o [1]
  .rodata            const     0x801'ebbc      0x10  user_ec200u.o [1]
  .rodata            const     0x801'ebcc      0x10  user_ec200u.o [1]
  .rodata            const     0x801'ebdc      0x10  user_ec200u.o [1]
  .rodata            const     0x801'ebec      0x10  user_mqtt.o [1]
  .rodata            const     0x801'ebfc      0x10  user_mqtt.o [1]
  .rodata            const     0x801'ec0c      0x10  user_mqtt.o [1]
  .rodata            const     0x801'ec1c      0x10  user_mqtt.o [1]
  .rodata            const     0x801'ec2c      0x10  user_mqtt.o [1]
  .rodata            const     0x801'ec3c      0x10  user_mqtt.o [1]
  .rodata            const     0x801'ec4c      0x10  user_mqtt.o [1]
  .rodata            const     0x801'ec5c      0x10  user_mqtt.o [1]
  .rodata            const     0x801'ec6c      0x10  user_mqtt.o [1]
  .rodata            const     0x801'ec7c      0x10  user_mqtt.o [1]
  .rodata            const     0x801'ec8c      0x10  user_mqtt.o [1]
  .rodata            const     0x801'ec9c      0x10  user_mqtt.o [1]
  .rodata            const     0x801'ecac      0x10  user_mqtt.o [1]
  .rodata            const     0x801'ecbc      0x10  user_mqtt.o [1]
  .text              ro code   0x801'eccc      0x10  startup_stm32f303xe.o [1]
  .text              ro code   0x801'ecdc      0x10  system_stm32f3xx.o [1]
  .rodata            const     0x801'ecec       0xc  user_app_ctrl_oxy.o [1]
  .rodata            const     0x801'ecf8       0xc  user_app_lcd.o [1]
  .rodata            const     0x801'ed04       0xc  user_app_lcd.o [1]
  .rodata            const     0x801'ed10       0xc  user_app_lcd.o [1]
  .rodata            const     0x801'ed1c       0xc  user_app_lcd.o [1]
  .rodata            const     0x801'ed28       0xc  user_app_lcd.o [1]
  .rodata            const     0x801'ed34       0xc  user_app_menu_display.o [1]
  .rodata            const     0x801'ed40       0xc  user_app_relay.o [1]
  .rodata            const     0x801'ed4c       0xc  user_app_relay.o [1]
  .rodata            const     0x801'ed58       0xc  user_app_relay.o [1]
  .rodata            const     0x801'ed64       0xc  user_app_relay.o [1]
  .rodata            const     0x801'ed70       0xc  user_app_relay.o [1]
  .rodata            const     0x801'ed7c       0xc  user_app_relay.o [1]
  .rodata            const     0x801'ed88       0xc  user_app_relay.o [1]
  .rodata            const     0x801'ed94       0xc  user_at_serial.o [1]
  .rodata            const     0x801'eda0       0xc  user_at_serial.o [1]
  .rodata            const     0x801'edac       0xc  user_at_serial.o [1]
  .rodata            const     0x801'edb8       0xc  user_at_serial.o [1]
  .rodata            const     0x801'edc4       0xc  user_at_serial.o [1]
  .rodata            const     0x801'edd0       0xc  user_at_serial.o [1]
  .rodata            const     0x801'eddc       0xc  user_at_serial.o [1]
  .rodata            const     0x801'ede8       0xc  user_at_serial.o [1]
  .rodata            const     0x801'edf4       0xc  user_at_serial.o [1]
  .rodata            const     0x801'ee00       0xc  user_at_serial.o [1]
  .rodata            const     0x801'ee0c       0xc  user_at_serial.o [1]
  .rodata            const     0x801'ee18       0xc  user_at_serial.o [1]
  .rodata            const     0x801'ee24       0xc  user_at_serial.o [1]
  .rodata            const     0x801'ee30       0xc  user_at_serial.o [1]
  .rodata            const     0x801'ee3c       0xc  user_at_serial.o [1]
  .rodata            const     0x801'ee48       0xc  user_at_serial.o [1]
  .rodata            const     0x801'ee54       0xc  user_at_serial.o [1]
  .rodata            const     0x801'ee60       0xc  user_at_serial.o [1]
  .rodata            const     0x801'ee6c       0xc  user_at_serial.o [1]
  .rodata            const     0x801'ee78       0xc  user_at_serial.o [1]
  .rodata            const     0x801'ee84       0xc  user_at_serial.o [1]
  .rodata            const     0x801'ee90       0xc  user_at_serial.o [1]
  .rodata            const     0x801'ee9c       0xc  user_at_serial.o [1]
  .rodata            const     0x801'eea8       0xc  user_at_serial.o [1]
  .rodata            const     0x801'eeb4       0xc  user_at_serial.o [1]
  .rodata            const     0x801'eec0       0xc  user_at_serial.o [1]
  .rodata            const     0x801'eecc       0xc  user_at_serial.o [1]
  .rodata            const     0x801'eed8       0xc  user_at_serial.o [1]
  .rodata            const     0x801'eee4       0xc  user_at_serial.o [1]
  .rodata            const     0x801'eef0       0xc  user_at_serial.o [1]
  .rodata            const     0x801'eefc       0xc  user_at_serial.o [1]
  .rodata            const     0x801'ef08       0xc  user_ec200u.o [1]
  .rodata            const     0x801'ef14       0xc  user_ec200u.o [1]
  .rodata            const     0x801'ef20       0xc  user_ec200u.o [1]
  .rodata            const     0x801'ef2c       0xc  user_ec200u.o [1]
  .rodata            const     0x801'ef38       0xc  user_ec200u.o [1]
  .rodata            const     0x801'ef44       0xc  user_ec200u.o [1]
  .rodata            const     0x801'ef50       0xc  user_ec200u.o [1]
  .rodata            const     0x801'ef5c       0xc  user_ec200u.o [1]
  .rodata            const     0x801'ef68       0xc  user_ec200u.o [1]
  .rodata            const     0x801'ef74       0xc  user_ec200u.o [1]
  .rodata            const     0x801'ef80       0xc  user_ec200u.o [1]
  .rodata            const     0x801'ef8c       0xc  user_ec200u.o [1]
  .rodata            const     0x801'ef98       0xc  user_ec200u.o [1]
  .rodata            const     0x801'efa4       0xc  user_ec200u.o [1]
  .rodata            const     0x801'efb0       0xc  user_ec200u.o [1]
  .rodata            const     0x801'efbc       0xc  user_ec200u.o [1]
  .rodata            const     0x801'efc8       0xc  user_ec200u.o [1]
  .rodata            const     0x801'efd4       0xc  user_ec200u.o [1]
  .rodata            const     0x801'efe0       0xc  user_ec200u.o [1]
  .rodata            const     0x801'efec       0xc  user_ec200u.o [1]
  .rodata            const     0x801'eff8       0xc  user_ec200u.o [1]
  .rodata            const     0x801'f004       0xc  user_ec200u.o [1]
  .rodata            const     0x801'f010       0xc  user_ec200u.o [1]
  .rodata            const     0x801'f01c       0xc  user_ec200u.o [1]
  .rodata            const     0x801'f028       0xc  user_ec200u.o [1]
  .rodata            const     0x801'f034       0xc  user_ec200u.o [1]
  .rodata            const     0x801'f040       0xc  user_ec200u.o [1]
  .rodata            const     0x801'f04c       0xc  user_ec200u.o [1]
  .rodata            const     0x801'f058       0xc  user_ec200u.o [1]
  .rodata            const     0x801'f064       0xc  user_ec200u.o [1]
  .rodata            const     0x801'f070       0xc  user_ec200u.o [1]
  .rodata            const     0x801'f07c       0xc  user_ec200u.o [1]
  .rodata            const     0x801'f088       0xc  user_ec200u.o [1]
  .rodata            const     0x801'f094       0xc  user_ec200u.o [1]
  .rodata            const     0x801'f0a0       0xc  user_ec200u.o [1]
  .rodata            const     0x801'f0ac       0xc  user_ec200u.o [1]
  .rodata            const     0x801'f0b8       0xc  user_mqtt.o [1]
  .rodata            const     0x801'f0c4       0xc  user_rtc.o [1]
  .rodata            const     0x801'f0d0       0xc  user_rtc.o [1]
  .rodata            const     0x801'f0dc       0xc  user_sim_common.o [1]
  .text              ro code   0x801'f0e8       0xc  cstartup_M.o [4]
  .rodata            const     0x801'f0f4       0x8  MQTTConnectClient.o [1]
  .rodata            const     0x801'f0fc       0x8  system_stm32f3xx.o [1]
  .rodata            const     0x801'f104       0x8  user_app_ctrl_oxy.o [1]
  .rodata            const     0x801'f10c       0x8  user_app_lcd.o [1]
  .rodata            const     0x801'f114       0x8  user_app_lcd.o [1]
  .rodata            const     0x801'f11c       0x8  user_app_mem.o [1]
  .rodata            const     0x801'f124       0x8  user_app_rs485.o [1]
  .rodata            const     0x801'f12c       0x8  user_app_sim.o [1]
  .rodata            const     0x801'f134       0x8  user_at_serial.o [1]
  .rodata            const     0x801'f13c       0x8  user_at_serial.o [1]
  .rodata            const     0x801'f144       0x8  user_at_serial.o [1]
  .rodata            const     0x801'f14c       0x8  user_at_serial.o [1]
  .rodata            const     0x801'f154       0x8  user_at_serial.o [1]
  .rodata            const     0x801'f15c       0x8  user_at_serial.o [1]
  .rodata            const     0x801'f164       0x8  user_at_serial.o [1]
  .rodata            const     0x801'f16c       0x8  user_at_serial.o [1]
  .rodata            const     0x801'f174       0x8  user_at_serial.o [1]
  .rodata            const     0x801'f17c       0x8  user_at_serial.o [1]
  .rodata            const     0x801'f184       0x8  user_at_serial.o [1]
  .rodata            const     0x801'f18c       0x8  user_at_serial.o [1]
  .rodata            const     0x801'f194       0x8  user_at_serial.o [1]
  .rodata            const     0x801'f19c       0x8  user_at_serial.o [1]
  .rodata            const     0x801'f1a4       0x8  user_at_serial.o [1]
  .rodata            const     0x801'f1ac       0x8  user_at_serial.o [1]
  .rodata            const     0x801'f1b4       0x8  user_at_serial.o [1]
  .rodata            const     0x801'f1bc       0x8  user_at_serial.o [1]
  .rodata            const     0x801'f1c4       0x8  user_at_serial.o [1]
  .rodata            const     0x801'f1cc       0x8  user_at_serial.o [1]
  .rodata            const     0x801'f1d4       0x8  user_at_serial.o [1]
  .rodata            const     0x801'f1dc       0x8  user_at_serial.o [1]
  .rodata            const     0x801'f1e4       0x8  user_at_serial.o [1]
  .rodata            const     0x801'f1ec       0x8  user_at_serial.o [1]
  .rodata            const     0x801'f1f4       0x8  user_at_serial.o [1]
  .rodata            const     0x801'f1fc       0x8  user_at_serial.o [1]
  .rodata            const     0x801'f204       0x8  user_at_serial.o [1]
  .rodata            const     0x801'f20c       0x8  user_at_serial.o [1]
  .rodata            const     0x801'f214       0x8  user_at_serial.o [1]
  .rodata            const     0x801'f21c       0x8  user_at_serial.o [1]
  .rodata            const     0x801'f224       0x8  user_at_serial.o [1]
  .rodata            const     0x801'f22c       0x8  user_at_serial.o [1]
  .rodata            const     0x801'f234       0x8  user_at_serial.o [1]
  .rodata            const     0x801'f23c       0x8  user_at_serial.o [1]
  .rodata            const     0x801'f244       0x8  user_at_serial.o [1]
  .rodata            const     0x801'f24c       0x8  user_at_serial.o [1]
  .rodata            const     0x801'f254       0x8  user_at_serial.o [1]
  .rodata            const     0x801'f25c       0x8  user_ec200u.o [1]
  .rodata            const     0x801'f264       0x8  user_ec200u.o [1]
  .rodata            const     0x801'f26c       0x8  user_ec200u.o [1]
  .rodata            const     0x801'f274       0x8  user_ec200u.o [1]
  .rodata            const     0x801'f27c       0x8  user_ec200u.o [1]
  .rodata            const     0x801'f284       0x8  user_ec200u.o [1]
  .rodata            const     0x801'f28c       0x8  user_ec200u.o [1]
  .rodata            const     0x801'f294       0x8  user_ec200u.o [1]
  .rodata            const     0x801'f29c       0x8  user_ec200u.o [1]
  .rodata            const     0x801'f2a4       0x8  user_ec200u.o [1]
  .rodata            const     0x801'f2ac       0x8  user_ec200u.o [1]
  .rodata            const     0x801'f2b4       0x8  user_ec200u.o [1]
  .rodata            const     0x801'f2bc       0x8  user_ec200u.o [1]
  .rodata            const     0x801'f2c4       0x8  user_ec200u.o [1]
  .rodata            const     0x801'f2cc       0x8  user_ec200u.o [1]
  .rodata            const     0x801'f2d4       0x8  user_ec200u.o [1]
  .rodata            const     0x801'f2dc       0x8  user_ec200u.o [1]
  .rodata            const     0x801'f2e4       0x8  user_ec200u.o [1]
  .rodata            const     0x801'f2ec       0x8  user_ec200u.o [1]
  .rodata            const     0x801'f2f4       0x8  user_ec200u.o [1]
  .rodata            const     0x801'f2fc       0x8  user_ec200u.o [1]
  .rodata            const     0x801'f304       0x8  user_ec200u.o [1]
  .rodata            const     0x801'f30c       0x8  user_ec200u.o [1]
  .rodata            const     0x801'f314       0x8  user_ec200u.o [1]
  .rodata            const     0x801'f31c       0x8  user_ec200u.o [1]
  .rodata            const     0x801'f324       0x8  user_ec200u.o [1]
  .rodata            const     0x801'f32c       0x8  user_ec200u.o [1]
  .rodata            const     0x801'f334       0x8  user_ec200u.o [1]
  .rodata            const     0x801'f33c       0x8  user_log.o [1]
  .rodata            const     0x801'f344       0x8  user_mqtt.o [1]
  .rodata            const     0x801'f34c       0x8  user_mqtt.o [1]
  .rodata            const     0x801'f354       0x8  user_mqtt.o [1]
  .rodata            const     0x801'f35c       0x8  user_mqtt.o [1]
  .rodata            const     0x801'f364       0x8  user_mqtt.o [1]
  .rodata            const     0x801'f36c       0x8  user_mqtt.o [1]
  .rodata            const     0x801'f374       0x8  user_mqtt.o [1]
  .rodata            const     0x801'f37c       0x8  user_mqtt.o [1]
  .rodata            const     0x801'f384       0x8  user_mqtt.o [1]
  .rodata            const     0x801'f38c       0x8  user_mqtt.o [1]
  .rodata            const     0x801'f394       0x8  user_mqtt.o [1]
  .rodata            const     0x801'f39c       0x8  user_mqtt.o [1]
  .rodata            const     0x801'f3a4       0x8  user_mqtt.o [1]
  .rodata            const     0x801'f3ac       0x8  user_mqtt.o [1]
  .rodata            const     0x801'f3b4       0x8  user_mqtt.o [1]
  .rodata            const     0x801'f3bc       0x8  user_mqtt.o [1]
  .rodata            const     0x801'f3c4       0x8  user_mqtt.o [1]
  .rodata            const     0x801'f3cc       0x8  user_mqtt.o [1]
  .rodata            const     0x801'f3d4       0x8  user_mqtt.o [1]
  .rodata            const     0x801'f3dc       0x8  user_mqtt.o [1]
  .rodata            const     0x801'f3e4       0x8  user_mqtt.o [1]
  .rodata            const     0x801'f3ec       0x8  user_mqtt.o [1]
  .rodata            const     0x801'f3f4       0x8  user_mqtt.o [1]
  .rodata            const     0x801'f3fc       0x8  user_mqtt.o [1]
  .rodata            const     0x801'f404       0x8  user_mqtt.o [1]
  .rodata            const     0x801'f40c       0x8  user_mqtt.o [1]
  .rodata            const     0x801'f414       0x8  user_mqtt.o [1]
  .rodata            const     0x801'f41c       0x8  user_mqtt.o [1]
  .rodata            const     0x801'f424       0x8  user_mqtt.o [1]
  .rodata            const     0x801'f42c       0x8  user_mqtt.o [1]
  .rodata            const     0x801'f434       0x8  user_mqtt.o [1]
  .rodata            const     0x801'f43c       0x8  user_mqtt.o [1]
  .rodata            const     0x801'f444       0x8  user_mqtt.o [1]
  .rodata            const     0x801'f44c       0x8  user_mqtt.o [1]
  .rodata            const     0x801'f454       0x8  user_mqtt.o [1]
  .rodata            const     0x801'f45c       0x8  user_mqtt.o [1]
  .rodata            const     0x801'f464       0x8  user_sim.o [1]
  .rodata            const     0x801'f46c       0x8  user_sim_common.o [1]
  .rodata            const     0x801'f474       0x8  user_sim_common.o [1]
  .rodata            const     0x801'f47c       0x8  user_sim_common.o [1]
  .rodata            const     0x801'f484       0x8  user_util.o [1]
  .rodata            const     0x801'f48c       0x8  user_util.o [1]
  .rodata            const     0x801'f494       0x8  user_util.o [1]
  .rodata            const     0x801'f49c       0x8  user_util.o [1]
  .rodata            const     0x801'f4a4       0x4  MQTTConnectClient.o [1]
  .rodata            const     0x801'f4a8       0x4  MQTTConnectClient.o [1]
  .rodata            const     0x801'f4ac       0x4  MQTTSerializePublish.o [1]
  .rodata            const     0x801'f4b0       0x4  MQTTSubscribeClient.o [1]
  .rodata            const     0x801'f4b4       0x4  user_app_lcd.o [1]
  .rodata            const     0x801'f4b8       0x4  user_app_lcd.o [1]
  .rodata            const     0x801'f4bc       0x4  user_at_serial.o [1]
  .rodata            const     0x801'f4c0       0x4  user_ec200u.o [1]
  .rodata            const     0x801'f4c4       0x4  user_ec200u.o [1]
  .rodata            const     0x801'f4c8       0x4  user_ec200u.o [1]
  .rodata            const     0x801'f4cc       0x4  user_ec200u.o [1]
  .rodata            const     0x801'f4d0       0x4  user_mqtt.o [1]
  .rodata            const     0x801'f4d4       0x4  user_sim_common.o [1]
  .text              ro code   0x801'f4d8       0x4  startup_stm32f303xe.o [1]
  .text              ro code   0x801'f4dc       0x4  startup_stm32f303xe.o [1]
  .text              ro code   0x801'f4e0       0x4  startup_stm32f303xe.o [1]
  .text              ro code   0x801'f4e4       0x4  startup_stm32f303xe.o [1]
  .text              ro code   0x801'f4e8       0x4  startup_stm32f303xe.o [1]
  .text              ro code   0x801'f4ec       0x4  startup_stm32f303xe.o [1]
  .text              ro code   0x801'f4f0       0x4  startup_stm32f303xe.o [1]
  .text              ro code   0x801'f4f4       0x4  startup_stm32f303xe.o [1]
  .text              ro code   0x801'f4f8       0x4  startup_stm32f303xe.o [1]
  .text              ro code   0x801'f4fc       0x4  startup_stm32f303xe.o [1]
  .text              ro code   0x801'f500       0x4  startup_stm32f303xe.o [1]
  .text              ro code   0x801'f504       0x4  startup_stm32f303xe.o [1]
  .text              ro code   0x801'f508       0x4  startup_stm32f303xe.o [1]
  .text              ro code   0x801'f50c       0x4  startup_stm32f303xe.o [1]
  .text              ro code   0x801'f510       0x4  startup_stm32f303xe.o [1]
  .text              ro code   0x801'f514       0x4  startup_stm32f303xe.o [1]
  .text              ro code   0x801'f518       0x4  startup_stm32f303xe.o [1]
  .text              ro code   0x801'f51c       0x4  startup_stm32f303xe.o [1]
  .text              ro code   0x801'f520       0x4  startup_stm32f303xe.o [1]
  .text              ro code   0x801'f524       0x4  startup_stm32f303xe.o [1]
  .text              ro code   0x801'f528       0x4  startup_stm32f303xe.o [1]
  .text              ro code   0x801'f52c       0x4  startup_stm32f303xe.o [1]
  .text              ro code   0x801'f530       0x4  startup_stm32f303xe.o [1]
  .text              ro code   0x801'f534       0x4  startup_stm32f303xe.o [1]
  .text              ro code   0x801'f538       0x4  startup_stm32f303xe.o [1]
  .text              ro code   0x801'f53c       0x4  startup_stm32f303xe.o [1]
  .text              ro code   0x801'f540       0x4  startup_stm32f303xe.o [1]
  .text              ro code   0x801'f544       0x4  startup_stm32f303xe.o [1]
  .text              ro code   0x801'f548       0x4  startup_stm32f303xe.o [1]
  .text              ro code   0x801'f54c       0x4  startup_stm32f303xe.o [1]
  .text              ro code   0x801'f550       0x4  startup_stm32f303xe.o [1]
  .text              ro code   0x801'f554       0x4  startup_stm32f303xe.o [1]
  .text              ro code   0x801'f558       0x4  startup_stm32f303xe.o [1]
  .text              ro code   0x801'f55c       0x4  startup_stm32f303xe.o [1]
  .text              ro code   0x801'f560       0x4  startup_stm32f303xe.o [1]
  .text              ro code   0x801'f564       0x4  startup_stm32f303xe.o [1]
  .text              ro code   0x801'f568       0x4  startup_stm32f303xe.o [1]
  .text              ro code   0x801'f56c       0x4  startup_stm32f303xe.o [1]
  .text              ro code   0x801'f570       0x4  startup_stm32f303xe.o [1]
  .text              ro code   0x801'f574       0x4  startup_stm32f303xe.o [1]
  .text              ro code   0x801'f578       0x4  startup_stm32f303xe.o [1]
  .text              ro code   0x801'f57c       0x4  startup_stm32f303xe.o [1]
  .text              ro code   0x801'f580       0x4  startup_stm32f303xe.o [1]
  .text              ro code   0x801'f584       0x4  startup_stm32f303xe.o [1]
  .text              ro code   0x801'f588       0x4  startup_stm32f303xe.o [1]
  .text              ro code   0x801'f58c       0x4  startup_stm32f303xe.o [1]
  .text              ro code   0x801'f590       0x4  startup_stm32f303xe.o [1]
  .text              ro code   0x801'f594       0x4  startup_stm32f303xe.o [1]
  .text              ro code   0x801'f598       0x4  startup_stm32f303xe.o [1]
  .text              ro code   0x801'f59c       0x4  startup_stm32f303xe.o [1]
  .text              ro code   0x801'f5a0       0x4  startup_stm32f303xe.o [1]
  .text              ro code   0x801'f5a4       0x4  startup_stm32f303xe.o [1]
  .text              ro code   0x801'f5a8       0x4  startup_stm32f303xe.o [1]
  .text              ro code   0x801'f5ac       0x4  startup_stm32f303xe.o [1]
  .text              ro code   0x801'f5b0       0x4  startup_stm32f303xe.o [1]
  .text              ro code   0x801'f5b4       0x4  startup_stm32f303xe.o [1]
  .text              ro code   0x801'f5b8       0x4  startup_stm32f303xe.o [1]
  .text              ro code   0x801'f5bc       0x4  startup_stm32f303xe.o [1]
  .text              ro code   0x801'f5c0       0x4  startup_stm32f303xe.o [1]
  .text              ro code   0x801'f5c4       0x4  startup_stm32f303xe.o [1]
  .text              ro code   0x801'f5c8       0x4  startup_stm32f303xe.o [1]
  .text              ro code   0x801'f5cc       0x4  startup_stm32f303xe.o [1]
  .text              ro code   0x801'f5d0       0x4  startup_stm32f303xe.o [1]
  .text              ro code   0x801'f5d4       0x4  startup_stm32f303xe.o [1]
  .text              ro code   0x801'f5d8       0x4  startup_stm32f303xe.o [1]
  .text              ro code   0x801'f5dc       0x4  startup_stm32f303xe.o [1]
  .text              ro code   0x801'f5e0       0x4  startup_stm32f303xe.o [1]
  .rodata            const     0x801'f5e4       0x0  zero_init3.o [4]
  .rodata            const     0x801'f5e4       0x0  lz77_init_single.o [4]
  Initializer bytes  const     0x801'f5e4     0x770  <for P2-1>
                             - 0x801'fd54  0x1'bbc0

"P2", part 1 of 3:                           0x13e1
  P2-1                        0x2000'0000    0x13e1  <Init block>
    .data            inited   0x2000'0000     0x298  user_app_sim.o [1]
    .data            inited   0x2000'0298       0x4  stm32f3xx_hal.o [1]
    .data            inited   0x2000'029c       0x4  system_stm32f3xx.o [1]
    .data            inited   0x2000'02a0      0x90  user_app_button.o [1]
    .data            inited   0x2000'0330      0x70  user_app_comm.o [1]
    .data            inited   0x2000'03a0       0x8  user_app_comm.o [1]
    .data            inited   0x2000'03a8      0xb0  user_app_ctrl_oxy.o [1]
    .data            inited   0x2000'0458       0xc  user_app_ctrl_oxy.o [1]
    .data            inited   0x2000'0464      0x50  user_app_ctrl_pH.o [1]
    .data            inited   0x2000'04b4      0x20  user_app_lcd.o [1]
    .data            inited   0x2000'04d4      0x14  user_app_lcd.o [1]
    .data            inited   0x2000'04e8      0x70  user_app_lcd.o [1]
    .data            inited   0x2000'0558      0x20  user_app_lcd.o [1]
    .data            inited   0x2000'0578      0x30  user_app_lcd.o [1]
    .data            inited   0x2000'05a8      0x28  user_app_lcd.o [1]
    .data            inited   0x2000'05d0      0x10  user_app_lcd.o [1]
    .data            inited   0x2000'05e0      0x10  user_app_lcd.o [1]
    .data            inited   0x2000'05f0      0x60  user_app_lcd.o [1]
    .data            inited   0x2000'0650      0x30  user_app_lcd.o [1]
    .data            inited   0x2000'0680      0x30  user_app_lcd.o [1]
    .data            inited   0x2000'06b0      0x48  user_app_lcd.o [1]
    .data            inited   0x2000'06f8       0x8  user_app_lcd.o [1]
    .data            inited   0x2000'0700      0x38  user_app_lcd.o [1]
    .data            inited   0x2000'0738      0x10  user_app_lcd.o [1]
    .data            inited   0x2000'0748      0x38  user_app_lcd.o [1]
    .data            inited   0x2000'0780      0x20  user_app_lcd.o [1]
    .data            inited   0x2000'07a0      0x20  user_app_lcd.o [1]
    .data            inited   0x2000'07c0      0x20  user_app_lcd.o [1]
    .data            inited   0x2000'07e0      0x60  user_app_lcd.o [1]
    .data            inited   0x2000'0840      0x30  user_app_lcd.o [1]
    .data            inited   0x2000'0870      0x58  user_app_lcd.o [1]
    .data            inited   0x2000'08c8      0x14  user_app_lcd.o [1]
    .data            inited   0x2000'08dc      0x38  user_app_mem.o [1]
    .data            inited   0x2000'0914      0x38  user_app_mem.o [1]
    .data            inited   0x2000'094c      0x38  user_app_mem.o [1]
    .data            inited   0x2000'0984      0x80  user_app_mem.o [1]
    .data            inited   0x2000'0a04      0x60  user_app_menu_display.o [1]
    .data            inited   0x2000'0a64      0x20  user_app_relay.o [1]
    .data            inited   0x2000'0a84      0x1c  user_app_relay.o [1]
    .data            inited   0x2000'0aa0      0x10  user_app_relay.o [1]
    .data            inited   0x2000'0ab0      0x60  user_app_rs485.o [1]
    .data            inited   0x2000'0b10      0x40  user_app_sim.o [1]
    .data            inited   0x2000'0b50      0x14  user_app_sim.o [1]
    .data            inited   0x2000'0b64      0x10  user_ec200u.o [1]
    .data            inited   0x2000'0b74       0x8  user_ec200u.o [1]
    .data            inited   0x2000'0b7c       0xc  user_ec200u.o [1]
    .data            inited   0x2000'0b88       0x4  user_ec200u.o [1]
    .data            inited   0x2000'0b8c       0x4  user_ec200u.o [1]
    .data            inited   0x2000'0b90       0x4  user_ec200u.o [1]
    .data            inited   0x2000'0b94      0x14  user_ec200u.o [1]
    .data            inited   0x2000'0ba8       0x4  user_ec200u.o [1]
    .data            inited   0x2000'0bac       0x4  user_ec200u.o [1]
    .data            inited   0x2000'0bb0       0x4  user_ec200u.o [1]
    .data            inited   0x2000'0bb4      0x30  user_external_eeprom.o [1]
    .data            inited   0x2000'0be4     0x140  user_external_eeprom.o [1]
    .data            inited   0x2000'0d24      0x30  user_internal_mem.o [1]
    .data            inited   0x2000'0d54     0x140  user_internal_mem.o [1]
    .data            inited   0x2000'0e94      0x14  user_modem.o [1]
    .data            inited   0x2000'0ea8      0x4c  user_modem.o [1]
    .data            inited   0x2000'0ef4       0xc  user_modem.o [1]
    .data            inited   0x2000'0f00      0x10  user_modem.o [1]
    .data            inited   0x2000'0f10      0x58  user_mqtt.o [1]
    .data            inited   0x2000'0f68      0x90  user_sim.o [1]
    .data            inited   0x2000'0ff8       0x8  user_sim.o [1]
    .data            inited   0x2000'1000      0x1c  user_sim.o [1]
    .data            inited   0x2000'101c      0x18  user_sim_common.o [1]
    .data            inited   0x2000'1034      0x20  user_sim_common.o [1]
    .data            inited   0x2000'1054      0x20  user_sim_common.o [1]
    .data            inited   0x2000'1074      0x20  user_sim_common.o [1]
    .data            inited   0x2000'1094      0x20  user_sim_common.o [1]
    .data            inited   0x2000'10b4      0x28  user_sim_common.o [1]
    .data            inited   0x2000'10dc       0xc  user_sim_common.o [1]
    .data            inited   0x2000'10e8      0x28  user_sim_common.o [1]
    .data            inited   0x2000'1110      0x28  user_sim_common.o [1]
    .data            inited   0x2000'1138      0x28  user_sim_common.o [1]
    .data            inited   0x2000'1160       0xc  user_sim_common.o [1]
    .data            inited   0x2000'116c      0x28  user_sim_common.o [1]
    .data            inited   0x2000'1194      0x28  user_sim_common.o [1]
    .data            inited   0x2000'11bc      0x20  user_sim_common.o [1]
    .data            inited   0x2000'11dc      0x20  user_sim_common.o [1]
    .data            inited   0x2000'11fc      0x20  user_sim_common.o [1]
    .data            inited   0x2000'121c      0x20  user_sim_common.o [1]
    .data            inited   0x2000'123c      0x50  user_sim_common.o [1]
    .data            inited   0x2000'128c      0x84  user_sim_common.o [1]
    .data            inited   0x2000'1310      0x50  user_sim_common.o [1]
    .data            inited   0x2000'1360      0x44  user_sim_common.o [1]
    .data            inited   0x2000'13a4       0xc  user_time.o [1]
    .data            inited   0x2000'13b0       0xc  user_time.o [1]
    .data            inited   0x2000'13bc       0x8  user_uart.o [1]
    .data            inited   0x2000'13c4       0x8  user_uart.o [1]
    .data            inited   0x2000'13cc       0x2  user_app_rs485.o [1]
    .data            inited   0x2000'13ce       0x2  user_app_rs485.o [1]
    .data            inited   0x2000'13d0       0x2  user_ec200u.o [1]
    .data            inited   0x2000'13d2       0x1  stm32f3xx_hal.o [1]
    .data            inited   0x2000'13d3       0x1  user_app_button.o [1]
    .data            inited   0x2000'13d4       0x1  user_app_button.o [1]
    .data            inited   0x2000'13d5       0x1  user_app_button.o [1]
    .data            inited   0x2000'13d6       0x1  user_app_button.o [1]
    .data            inited   0x2000'13d7       0x1  user_app_ctrl_oxy.o [1]
    .data            inited   0x2000'13d8       0x1  user_app_ctrl_oxy.o [1]
    .data            inited   0x2000'13d9       0x1  user_app_ctrl_oxy.o [1]
    .data            inited   0x2000'13da       0x1  user_app_ctrl_oxy.o [1]
    .data            inited   0x2000'13db       0x1  user_app_ctrl_pH.o [1]
    .data            inited   0x2000'13dc       0x1  user_app_ctrl_pH.o [1]
    .data            inited   0x2000'13dd       0x1  user_app_lcd.o [1]
    .data            inited   0x2000'13de       0x1  user_app_lcd.o [1]
    .data            inited   0x2000'13df       0x1  user_app_lcd.o [1]
    .data            inited   0x2000'13e0       0x1  user_ec200u.o [1]
                            - 0x2000'13e1    0x13e1

"P2", part 2 of 3:                           0x2b40
  .bss               zero     0x2000'13e4     0x528  user_external_eeprom.o [1]
  .bss               zero     0x2000'190c     0x4b0  user_mqtt.o [1]
  .bss               zero     0x2000'1dbc     0x4b0  user_mqtt.o [1]
  .bss               zero     0x2000'226c     0x4b0  user_sim.o [1]
  .bss               zero     0x2000'271c     0x4b0  user_uart.o [1]
  .bss               zero     0x2000'2bcc     0x400  user_modem.o [1]
  .bss               zero     0x2000'2fcc     0x100  user_app_sim.o [1]
  .bss               zero     0x2000'30cc     0x100  user_app_sim.o [1]
  .bss               zero     0x2000'31cc     0x100  user_external_eeprom.o [1]
  .bss               zero     0x2000'32cc     0x100  user_internal_mem.o [1]
  .bss               zero     0x2000'33cc     0x100  user_modem.o [1]
  .bss               zero     0x2000'34cc     0x100  user_modem.o [1]
  .bss               zero     0x2000'35cc      0xc4  user_mqtt.o [1]
  .bss               zero     0x2000'3690      0xa0  user_external_eeprom.o [1]
  .bss               zero     0x2000'3730      0x88  usart.o [1]
  .bss               zero     0x2000'37b8      0x88  usart.o [1]
  .bss               zero     0x2000'3840      0x88  usart.o [1]
  .bss               zero     0x2000'38c8      0x80  user_at_serial.o [1]
  .bss               zero     0x2000'3948      0x70  user_sim_common.o [1]
  .bss               zero     0x2000'39b8      0x64  user_uart.o [1]
  .bss               zero     0x2000'3a1c      0x54  i2c.o [1]
  .bss               zero     0x2000'3a70      0x44  usart.o [1]
  .bss               zero     0x2000'3ab4      0x44  usart.o [1]
  .bss               zero     0x2000'3af8      0x44  usart.o [1]
  .bss               zero     0x2000'3b3c      0x34  user_mqtt.o [1]
  .bss               zero     0x2000'3b70      0x34  user_mqtt.o [1]
  .bss               zero     0x2000'3ba4      0x34  user_sim.o [1]
  .bss               zero     0x2000'3bd8      0x28  user_rtc.o [1]
  .bss               zero     0x2000'3c00      0x24  user_app_menu_display.o [1]
  .bss               zero     0x2000'3c24      0x20  rtc.o [1]
  .bss               zero     0x2000'3c48      0x20  stm32f3xx_hal_flash.o [1]
  .bss               zero     0x2000'3c68      0x1c  user_rtc.o [1]
  .bss               zero     0x2000'3c84      0x18  user_app_comm.o [1]
  .bss               zero     0x2000'3c9c      0x18  user_app_ctrl_oxy.o [1]
  .bss               zero     0x2000'3cb4      0x18  user_app_ctrl_oxy.o [1]
  .bss               zero     0x2000'3ccc      0x18  user_app_ctrl_pH.o [1]
  .bss               zero     0x2000'3ce4      0x18  user_external_eeprom.o [1]
  .bss               zero     0x2000'3cfc      0x18  user_external_eeprom.o [1]
  .bss               zero     0x2000'3d14      0x18  user_internal_mem.o [1]
  .bss               zero     0x2000'3d2c      0x18  user_internal_mem.o [1]
  .bss               zero     0x2000'3d44      0x18  user_sim.o [1]
  .bss               zero     0x2000'3d5c      0x18  user_sim.o [1]
  .bss               zero     0x2000'3d74      0x18  user_sim.o [1]
  .bss               zero     0x2000'3d8c      0x18  user_sim.o [1]
  .bss               zero     0x2000'3da4      0x18  user_sim_common.o [1]
  .bss               zero     0x2000'3dbc      0x14  user_app_lcd.o [1]
  .bss               zero     0x2000'3dd0      0x10  iwdg.o [1]
  .bss               zero     0x2000'3de0      0x10  user_app_mem.o [1]
  .bss               zero     0x2000'3df0       0xc  user_app_ctrl_oxy.o [1]
  .bss               zero     0x2000'3dfc       0xc  user_app_ctrl_oxy.o [1]
  .bss               zero     0x2000'3e08       0xc  user_app_ctrl_oxy.o [1]
  .bss               zero     0x2000'3e14       0xc  user_app_ctrl_oxy.o [1]
  .bss               zero     0x2000'3e20       0xc  user_app_menu_display.o [1]
  .bss               zero     0x2000'3e2c       0xc  user_app_relay.o [1]
  .bss               zero     0x2000'3e38       0xc  user_modem.o [1]
  .bss               zero     0x2000'3e44       0xc  user_mqtt.o [1]
  .bss               zero     0x2000'3e50       0xc  user_util.o [1]
  .bss               zero     0x2000'3e5c       0x8  user_app_ctrl_oxy.o [1]
  .bss               zero     0x2000'3e64       0x8  user_app_ctrl_oxy.o [1]
  .bss               zero     0x2000'3e6c       0x8  user_app_menu_display.o [1]
  .bss               zero     0x2000'3e74       0x4  cat24mxx.o [1]
  .bss               zero     0x2000'3e78       0x4  stm32f3xx_hal.o [1]
  .bss               zero     0x2000'3e7c       0x4  user_app_comm.o [1]
  .bss               zero     0x2000'3e80       0x4  user_app_ctrl_oxy.o [1]
  .bss               zero     0x2000'3e84       0x4  user_app_ctrl_oxy.o [1]
  .bss               zero     0x2000'3e88       0x4  user_app_ctrl_oxy.o [1]
  .bss               zero     0x2000'3e8c       0x4  user_app_ctrl_oxy.o [1]
  .bss               zero     0x2000'3e90       0x4  user_app_ctrl_pH.o [1]
  .bss               zero     0x2000'3e94       0x4  user_app_ctrl_pH.o [1]
  .bss               zero     0x2000'3e98       0x4  user_app_lcd.o [1]
  .bss               zero     0x2000'3e9c       0x4  user_lpm.o [1]
  .bss               zero     0x2000'3ea0       0x4  user_rtc.o [1]
  .bss               zero     0x2000'3ea4       0x4  user_sim_common.o [1]
  .bss               zero     0x2000'3ea8       0x4  user_timer.o [1]
[...]
fSET_PH_UPPER            0x800'6109   0xac  Code  Gb  user_at_serial.o [1]
fSET_SALINITY_SETUP      0x800'6011   0xa8  Code  Gb  user_at_serial.o [1]
fSET_TIMECHANGE_OXY      0x800'58e9   0x86  Code  Gb  user_at_serial.o [1]
fSET_TIMEDELAY_OXY       0x800'59bd   0x9e  Code  Gb  user_at_serial.o [1]
fevent_active            0x800'9c4b   0x1e  Code  Gb  event_driven.o [1]
fevent_button_click_down
                         0x801'9e29   0x72  Code  Lc  user_app_button.o [1]
fevent_button_click_down::state_before
                        0x2000'13d5    0x1  Data  Lc  user_app_button.o [1]
fevent_button_click_down::state_current
                        0x2000'3ef9    0x1  Data  Lc  user_app_button.o [1]
fevent_button_click_enter
                         0x801'9ca3   0x80  Code  Lc  user_app_button.o [1]
fevent_button_click_enter::state_before
                        0x2000'13d3    0x1  Data  Lc  user_app_button.o [1]
fevent_button_click_enter::state_current
                        0x2000'3ef7    0x1  Data  Lc  user_app_button.o [1]
fevent_button_click_exit
                         0x801'9ee5   0x78  Code  Lc  user_app_button.o [1]
fevent_button_click_exit::state_before
                        0x2000'13d6    0x1  Data  Lc  user_app_button.o [1]
fevent_button_click_exit::state_current
                        0x2000'3efa    0x1  Data  Lc  user_app_button.o [1]
fevent_button_click_up   0x801'9d6d   0x72  Code  Lc  user_app_button.o [1]
fevent_button_click_up::state_before
                        0x2000'13d4    0x1  Data  Lc  user_app_button.o [1]
fevent_button_click_up::state_current
                        0x2000'3ef8    0x1  Data  Lc  user_app_button.o [1]
fevent_button_entry      0x801'9c9d    0x6  Code  Lc  user_app_button.o [1]
fevent_button_hold_down
                         0x801'9e9b   0x4a  Code  Lc  user_app_button.o [1]
fevent_button_hold_enter
                         0x801'9d23   0x4a  Code  Lc  user_app_button.o [1]
fevent_button_hold_exit
                         0x801'9f5d   0x4e  Code  Lc  user_app_button.o [1]
fevent_button_hold_up    0x801'9ddf   0x4a  Code  Lc  user_app_button.o [1]
fevent_control_led_status
                         0x801'79dd   0x12  Code  Lc  user_app_relay.o [1]
fevent_ctrl_oxy_entry    0x800'd315   0x2c  Code  Lc  user_app_ctrl_oxy.o [1]
fevent_ctrl_oxy_iwdg     0x800'd34f   0x1c  Code  Lc  user_app_ctrl_oxy.o [1]
fevent_ctrl_oxy_log_tsvh
                         0x800'd45d   0x1a  Code  Lc  user_app_ctrl_oxy.o [1]
fevent_ctrl_oxy_pw_detect
                         0x800'd477   0x8a  Code  Lc  user_app_ctrl_oxy.o [1]
fevent_ctrl_oxy_pw_detect::StatePowerBefor
                        0x2000'13d7    0x1  Data  Lc  user_app_ctrl_oxy.o [1]
fevent_ctrl_oxy_pw_detect::gettick_pw_detect
                        0x2000'3e84    0x4  Data  Lc  user_app_ctrl_oxy.o [1]
fevent_ctrl_oxy_reset_dcu
                         0x800'd67d   0x9c  Code  Lc  user_app_ctrl_oxy.o [1]
fevent_ctrl_oxy_state_slave
                         0x800'd501   0x7e  Code  Lc  user_app_ctrl_oxy.o [1]
fevent_ctrl_oxy_state_slave::StateSensorOxyBefore
                        0x2000'13d8    0x1  Data  Lc  user_app_ctrl_oxy.o [1]
fevent_ctrl_oxy_state_slave::gettick_state_slave
                        0x2000'3e88    0x4  Data  Lc  user_app_ctrl_oxy.o [1]
fevent_ctrl_oxy_sw_man_auto
                         0x800'd719   0x88  Code  Lc  user_app_ctrl_oxy.o [1]
fevent_ctrl_oxy_sw_man_auto::stateMachineBefore
                        0x2000'13da    0x1  Data  Lc  user_app_ctrl_oxy.o [1]
fevent_ctrl_oxy_wait_calib
                         0x800'd407   0x56  Code  Lc  user_app_ctrl_oxy.o [1]
fevent_ctrl_oxy_wait_calib::countstate
                        0x2000'3f03    0x1  Data  Lc  user_app_ctrl_oxy.o [1]
fevent_ctrl_oxy_warning
                         0x800'd57f   0xfe  Code  Lc  user_app_ctrl_oxy.o [1]
fevent_ctrl_oxy_warning::StateOxyBefore
                        0x2000'13d9    0x1  Data  Lc  user_app_ctrl_oxy.o [1]
fevent_ctrl_oxy_warning::gettick_warning_period
                        0x2000'3e8c    0x4  Data  Lc  user_app_ctrl_oxy.o [1]
fevent_ctrl_ph_entry     0x800'f13d   0x24  Code  Lc  user_app_ctrl_pH.o [1]
fevent_ctrl_ph_pump      0x800'f3a9   0x6a  Code  Lc  user_app_ctrl_pH.o [1]
fevent_ctrl_ph_sampling
                         0x800'f309   0xa0  Code  Lc  user_app_ctrl_pH.o [1]
fevent_ctrl_ph_sampling::state_ctrl_before
                        0x2000'3f04    0x1  Data  Lc  user_app_ctrl_pH.o [1]
fevent_ctrl_ph_state_slave
                         0x800'f161   0x8e  Code  Lc  user_app_ctrl_pH.o [1]
fevent_ctrl_ph_state_slave::StateSensorPH_Before
                        0x2000'13db    0x1  Data  Lc  user_app_ctrl_pH.o [1]
fevent_ctrl_ph_state_slave::gettick_state_slave
                        0x2000'3e90    0x4  Data  Lc  user_app_ctrl_pH.o [1]
fevent_ctrl_ph_warning   0x800'f1ef  0x11a  Code  Lc  user_app_ctrl_pH.o [1]
fevent_ctrl_ph_warning::StatePH_Before
                        0x2000'13dc    0x1  Data  Lc  user_app_ctrl_pH.o [1]
fevent_ctrl_ph_warning::gettick_warning_period
                        0x2000'3e94    0x4  Data  Lc  user_app_ctrl_pH.o [1]
fevent_disable           0x800'9c8d   0x12  Code  Gb  event_driven.o [1]
fevent_display_state_measure
                         0x800'b5cd   0xee  Code  Lc  user_app_menu_display.o [1]
fevent_display_state_measure::state_oxy_before
                        0x2000'3f12    0x1  Data  Lc  user_app_menu_display.o [1]
fevent_display_state_measure::state_pH_before
                        0x2000'3f13    0x1  Data  Lc  user_app_menu_display.o [1]
fevent_enable            0x800'9c69   0x24  Code  Gb  event_driven.o [1]
fevent_entry_tsvh        0x800'd341    0xe  Code  Lc  user_app_ctrl_oxy.o [1]
fevent_lcd_entry         0x801'5899   0x4e  Code  Lc  user_app_lcd.o [1]
fevent_lcd_get_time_rtc
                         0x801'58e7   0x7e  Code  Lc  user_app_lcd.o [1]
fevent_lcd_get_time_rtc::check_RTC
                        0x2000'3f05    0x1  Data  Lc  user_app_lcd.o [1]
fevent_menu_display_alter
                         0x800'b4c5   0x7e  Code  Lc  user_app_menu_display.o [1]
fevent_menu_display_back_main_1
                         0x800'b5a3   0x2a  Code  Lc  user_app_menu_display.o [1]
fevent_menu_display_calib_oxy
                         0x800'b543   0x60  Code  Lc  user_app_menu_display.o [1]
fevent_menu_entry        0x800'b4a5   0x20  Code  Lc  user_app_menu_display.o [1]
fevent_off_speaker       0x800'b6bb   0x14  Code  Lc  user_app_menu_display.o [1]
fevent_relay_entry       0x801'79cd   0x10  Code  Lc  user_app_relay.o [1]
fevent_reset_sensor_oxy
                         0x800'ebfb   0x3e  Code  Lc  user_app_rs485.o [1]
fevent_rs485_entry       0x800'e84d   0x1c  Code  Lc  user_app_rs485.o [1]
fevent_rs485_receive_complete
                         0x800'e9dd  0x21e  Code  Lc  user_app_rs485.o [1]
fevent_rs485_receive_complete::CountDisconnectOxy
                        0x2000'3f14    0x1  Data  Lc  user_app_rs485.o [1]
fevent_rs485_receive_complete::CountDisconnectPH
                        0x2000'3f15    0x1  Data  Lc  user_app_rs485.o [1]
fevent_rs485_receive_handle
                         0x800'e99d   0x40  Code  Lc  user_app_rs485.o [1]
fevent_rs485_transmit    0x800'e869  0x134  Code  Lc  user_app_rs485.o [1]
fevent_send_slave_cycle
                         0x800'd36b   0x9c  Code  Lc  user_app_ctrl_oxy.o [1]
fevent_send_slave_cycle::stateSend
                        0x2000'3f02    0x1  Data  Lc  user_app_ctrl_oxy.o [1]
fevent_sim_at_send_handler
                         0x800'7509  0x100  Code  Lc  user_sim.o [1]
fevent_sim_at_send_ok_handler
                         0x800'7609   0xf2  Code  Lc  user_sim.o [1]
fevent_sim_at_send_timeout_handler
                         0x800'76fb   0x8c  Code  Lc  user_sim.o [1]
fevent_sim_dtr_pin_handler
                         0x800'7927   0x28  Code  Lc  user_sim.o [1]
fevent_sim_dtr_pin_handler::DTR_PIN_Control_u8
                        0x2000'3f1e    0x1  Data  Lc  user_sim.o [1]
fevent_sim_hard_reset_handler
                         0x800'790f   0x12  Code  Lc  user_sim.o [1]
fevent_sim_power_off_handler
                         0x800'794f   0x90  Code  Lc  user_sim.o [1]
fevent_sim_turn_on_handler
                         0x800'77ef  0x120  Code  Lc  user_sim.o [1]
fevent_sim_uart_receive_handler
                         0x800'7787   0x68  Code  Lc  user_sim.o [1]
fevent_sim_uart_receive_handler::LastLengthRecv
                        0x2000'3ef0    0x2  Data  Lc  user_sim.o [1]
fevent_sim_uart_receive_handler::MarkFirst
                        0x2000'3f1d    0x1  Data  Lc  user_sim.o [1]
fevent_sim_wake_up_handler
                         0x800'7921    0x6  Code  Lc  user_sim.o [1]
fevent_wait_sensor_oxy_on
                         0x800'ec39   0x2c  Code  Lc  user_app_rs485.o [1]
font5x8                  0x801'cb00  0x254  Data  Lc  GLCD192x64.o [1]
hdma_usart1_rx          0x2000'3a70   0x44  Data  Gb  usart.o [1]
hdma_usart2_rx          0x2000'3ab4   0x44  Data  Gb  usart.o [1]
hdma_usart3_rx          0x2000'3af8   0x44  Data  Gb  usart.o [1]
hi2c1                   0x2000'3a1c   0x54  Data  Gb  i2c.o [1]
hiwdg                   0x2000'3dd0   0x10  Data  Gb  iwdg.o [1]
hrtc                    0x2000'3c24   0x20  Data  Gb  rtc.o [1]
huart1                  0x2000'3730   0x88  Data  Gb  usart.o [1]
huart2                  0x2000'37b8   0x88  Data  Gb  usart.o [1]
huart3                  0x2000'3840   0x88  Data  Gb  usart.o [1]
ldexp                    0x801'b809         Code  Gb  ldexp.o [3]
ldexpl                   0x801'b809         Code  Gb  ldexp.o [3]
lnbias                   0x801'c6e0  0x420  Data  Lc  pow64.o [3]
mConnect_MQTT            0x801'4191   0x46  Code  Gb  user_mqtt.o [1]
mData_MQTT               0x801'2edd   0x7a  Code  Gb  user_mqtt.o [1]
mInit_Header_Subcribe    0x801'40b7   0xda  Code  Gb  user_mqtt.o [1]
mInit_u16                0x800'7479   0x62  Code  Gb  user_modem_init.o [1]
mPayload_Load_MesErr     0x801'3c37   0x38  Code  Gb  user_mqtt.o [1]
mPayload_Update_Add      0x801'3c1d   0x1a  Code  Gb  user_mqtt.o [1]
mPublish_MQTT            0x801'41f7    0xa  Code  Gb  user_mqtt.o [1]
mSave_u16                0x800'74db   0x2e  Code  Gb  user_modem_init.o [1]
mSend_Packet_MQTT        0x801'2edb    0x2  Code  Gb  user_mqtt.o [1]
mSet_default_MQTT        0x801'2e31   0x18  Code  Gb  user_mqtt.o [1]
mSubcribe_MQTT           0x801'41d7   0x20  Code  Gb  user_mqtt.o [1]
mUpdate_Split_FTP        0x801'405d   0x58  Code  Gb  user_mqtt.o [1]
main                     0x801'8df1   0x36  Code  Gb  main.o [1]
memset                   0x801'8efd   0x14  Code  Gb  memset.o [4]
oLCD_C_Calib_Oxy        0x2000'0870   0x58  Data  Gb  user_app_lcd.o [1]
oLCD_C_Login            0x2000'05f0   0x60  Data  Gb  user_app_lcd.o [1]
oLCD_C_Main_1           0x2000'04e8   0x70  Data  Gb  user_app_lcd.o [1]
oLCD_C_Main_2           0x2000'0578   0x30  Data  Gb  user_app_lcd.o [1]
oLCD_C_Main_2_Tab_2     0x2000'05d0   0x10  Data  Gb  user_app_lcd.o [1]
oLCD_C_Setting_Calib    0x2000'06b0   0x48  Data  Gb  user_app_lcd.o [1]
oLCD_C_Setting_Cycle    0x2000'0700   0x38  Data  Gb  user_app_lcd.o [1]
oLCD_C_Setting_Main     0x2000'0680   0x30  Data  Gb  user_app_lcd.o [1]
oLCD_C_Setting_Parameter
                        0x2000'0748   0x38  Data  Gb  user_app_lcd.o [1]
oLCD_C_Setting_Parameter_Tab_2
                        0x2000'07a0   0x20  Data  Gb  user_app_lcd.o [1]
oLCD_C_Setting_Password
                        0x2000'07e0   0x60  Data  Gb  user_app_lcd.o [1]
oLCD_U_Login            0x2000'0650   0x30  Data  Gb  user_app_lcd.o [1]
oLCD_U_Main_1           0x2000'0558   0x20  Data  Gb  user_app_lcd.o [1]
oLCD_U_Main_2           0x2000'05a8   0x28  Data  Gb  user_app_lcd.o [1]
oLCD_U_Main_2_Tab_2     0x2000'05e0   0x10  Data  Gb  user_app_lcd.o [1]
oLCD_U_Setting_Calib    0x2000'06f8    0x8  Data  Gb  user_app_lcd.o [1]
oLCD_U_Setting_Cycle    0x2000'0738   0x10  Data  Gb  user_app_lcd.o [1]
oLCD_U_Setting_Parameter
                        0x2000'0780   0x20  Data  Gb  user_app_lcd.o [1]
oLCD_U_Setting_Parameter_Tab_2
                        0x2000'07c0   0x20  Data  Gb  user_app_lcd.o [1]
oLCD_U_Setting_Password
                        0x2000'0840   0x30  Data  Gb  user_app_lcd.o [1]
pFlash                  0x2000'3c48   0x20  Data  Gb  stm32f3xx_hal_flash.o [1]
pFunc_Log_To_Mem        0x2000'3eb0    0x4  Data  Gb  user_util.o [1]
pModemProcessIRQTimer   0x2000'3ea0    0x4  Data  Gb  user_rtc.o [1]
pow                      0x801'9565  0x6ec  Code  Gb  pow64.o [3]
powl                     0x801'9565  0x6ec  Code  Gb  pow64.o [3]
qCopy_Data_From_Queue    0x801'2d6d   0x60  Code  Lc  queue_p.o [1]
qCopy_Data_To_Queue      0x801'2cf5   0x78  Code  Lc  queue_p.o [1]
qCtrlOxyFree            0x2000'3cb4   0x18  Data  Gb  user_app_ctrl_oxy.o [1]
qCtrlOxyRun             0x2000'3c9c   0x18  Data  Gb  user_app_ctrl_oxy.o [1]
qExEEPROMRead           0x2000'3ce4   0x18  Data  Gb  user_external_eeprom.o [1]
qExEEPROMWrite          0x2000'3cfc   0x18  Data  Gb  user_external_eeprom.o [1]
qGet_Number_Items        0x801'2dcd    0x4  Code  Gb  queue_p.o [1]
qOnFlashRead            0x2000'3d14   0x18  Data  Gb  user_internal_mem.o [1]
qOnFlashWrite           0x2000'3d2c   0x18  Data  Gb  user_internal_mem.o [1]
qQueue_Back_Item         0x801'2dd1   0x52  Code  Gb  queue_p.o [1]
qQueue_Clear             0x801'2c9b    0xe  Code  Gb  queue_p.o [1]
qQueue_Create            0x801'2c6d   0x2e  Code  Gb  queue_p.o [1]
qQueue_Receive           0x801'2cd3   0x22  Code  Gb  queue_p.o [1]
qQueue_Send              0x801'2ca9   0x2a  Code  Gb  queue_p.o [1]
qReadFree               0x2000'3e08    0xc  Data  Gb  user_app_ctrl_oxy.o [1]
qReadRun                0x2000'3dfc    0xc  Data  Gb  user_app_ctrl_oxy.o [1]
qSimStep                0x2000'3d8c   0x18  Data  Gb  user_sim.o [1]
sAppMem                 0x2000'3de0   0x10  Data  Gb  user_app_mem.o [1]
sAppSimCallBack         0x2000'0b50   0x14  Data  Gb  user_app_sim.o [1]
sAppSimVar              0x2000'0000  0x298  Data  Gb  user_app_sim.o [1]
sDate                   0x2000'3e98    0x4  Data  Gb  user_app_lcd.o [1]
sEventAppButton         0x2000'02a0   0x90  Data  Gb  user_app_button.o [1]
sEventAppComm           0x2000'0330   0x70  Data  Gb  user_app_comm.o [1]
sEventAppCtrlOxy        0x2000'03a8   0xb0  Data  Gb  user_app_ctrl_oxy.o [1]
sEventAppCtrlPH         0x2000'0464   0x50  Data  Gb  user_app_ctrl_pH.o [1]
sEventAppLcd            0x2000'04b4   0x20  Data  Gb  user_app_lcd.o [1]
sEventAppMem            0x2000'0984   0x80  Data  Gb  user_app_mem.o [1]
sEventAppMenu           0x2000'0a04   0x60  Data  Gb  user_app_menu_display.o [1]
sEventAppRelay          0x2000'0a64   0x20  Data  Gb  user_app_relay.o [1]
sEventAppRs485          0x2000'0ab0   0x60  Data  Gb  user_app_rs485.o [1]
sEventAppSim            0x2000'0b10   0x40  Data  Gb  user_app_sim.o [1]
sEventExEEPROM          0x2000'0bb4   0x30  Data  Gb  user_external_eeprom.o [1]
sEventOnChipFlash       0x2000'0d24   0x30  Data  Gb  user_internal_mem.o [1]
sEventSim               0x2000'0f68   0x90  Data  Gb  user_sim.o [1]
sExEEPROM               0x2000'0be4  0x140  Data  Gb  user_external_eeprom.o [1]
sFROM_Manager           0x2000'3e74    0x4  Data  Gb  cat24mxx.o [1]
sFileSys                0x2000'1360   0x44  Data  Gb  user_sim_common.o [1]
sFirmVersion            0x2000'03a0    0x8  Data  Gb  user_app_comm.o [1]
sFreqInfor              0x2000'0ef4    0xc  Data  Gb  user_modem.o [1]
sGettickMs              0x2000'3e14    0xc  Data  Gb  user_app_ctrl_oxy.o [1]
sIdSlave485             0x2000'13cc    0x2  Data  Gb  user_app_rs485.o [1]
sKindMode485            0x2000'13ce    0x2  Data  Gb  user_app_rs485.o [1]
sLPMFeatureHandler      0x2000'3e9c    0x4  Data  Gb  user_lpm.o [1]
sMQTT                   0x2000'35cc   0xc4  Data  Gb  user_mqtt.o [1]
sMark_DCU_Type           0x801'c670   0x6c  Data  Gb  user_mqtt.o [1]
sMark_MessageRecei_Type
                         0x801'd2a8   0x90  Data  Gb  user_mqtt.o [1]
sMark_MessageSend_Type   0x801'cf50  0x1b0  Data  Gb  user_mqtt.o [1]
sMenuStamp              0x2000'3c00   0x24  Data  Gb  user_app_menu_display.o [1]
sMenuState              0x2000'3e20    0xc  Data  Gb  user_app_menu_display.o [1]
sModem                  0x2000'0ea8   0x4c  Data  Gb  user_modem.o [1]
sModemLPMHandler        0x2000'0f00   0x10  Data  Gb  user_modem.o [1]
sOnFlash                0x2000'0d54  0x140  Data  Gb  user_internal_mem.o [1]
sParamCtrlOxy           0x2000'3df0    0xc  Data  Gb  user_app_ctrl_oxy.o [1]
sParamCtrlPH            0x2000'3ccc   0x18  Data  Gb  user_app_ctrl_pH.o [1]
sParamMeasure           0x2000'3e64    0x8  Data  Gb  user_app_ctrl_oxy.o [1]
sPassword               0x2000'3e6c    0x8  Data  Gb  user_app_menu_display.o [1]
sQExEEPROMRead          0x2000'3690   0xa0  Data  Lc  user_external_eeprom.o [1]
sQExEEPROMWrite         0x2000'13e4  0x528  Data  Lc  user_external_eeprom.o [1]
sRTC                    0x2000'3e50    0xc  Data  Gb  user_util.o [1]
sRTCSet                 0x2000'3e38    0xc  Data  Gb  user_modem.o [1]
sRecEvent               0x2000'0914   0x38  Data  Gb  user_app_mem.o [1]
sRecLog                 0x2000'094c   0x38  Data  Gb  user_app_mem.o [1]
sRecTSVH                0x2000'08dc   0x38  Data  Gb  user_app_mem.o [1]
sSimCommFuncCallBack    0x2000'3ea4    0x4  Data  Gb  user_sim_common.o [1]
sSimCommon              0x2000'3948   0x70  Data  Gb  user_sim_common.o [1]
sSimFwUpdate            0x2000'1310   0x50  Data  Gb  user_sim_common.o [1]
sSimInfor               0x2000'128c   0x84  Data  Gb  user_sim_common.o [1]
sSimVar                 0x2000'1000   0x1c  Data  Gb  user_sim.o [1]
sStateCtrlOxy           0x2000'0458    0xc  Data  Gb  user_app_ctrl_oxy.o [1]
sStatusRelay            0x2000'3e2c    0xc  Data  Gb  user_app_relay.o [1]
sTime                   0x2000'3dbc   0x14  Data  Gb  user_app_lcd.o [1]
sTimeSlave              0x2000'3e80    0x4  Data  Gb  user_app_ctrl_oxy.o [1]
sUart485                0x2000'13c4    0x8  Data  Gb  user_uart.o [1]
sUartDebug              0x2000'13bc    0x8  Data  Gb  user_uart.o [1]
sUartSim                0x2000'0ff8    0x8  Data  Gb  user_sim.o [1]
scalbln                  0x801'b809         Code  Gb  ldexp.o [3]
scalblnl                 0x801'b809         Code  Gb  ldexp.o [3]
scalbn                   0x801'b809         Code  Gb  ldexp.o [3]
scalbnl                  0x801'b809         Code  Gb  ldexp.o [3]
screen_x                0x2000'3ef2    0x1  Data  Gb  GLCD192x64.o [1]
screen_y                0x2000'3ef3    0x1  Data  Gb  GLCD192x64.o [1]
status                  0x2000'3ef5    0x1  Data  Gb  GLCD192x64.o [1]
strchr                   0x801'b0c1         Code  Gb  strchr.o [4]
strlen                   0x801'1001         Code  Gb  strlen.o [4]
strstr                   0x801'90d1   0x2c  Code  Gb  strstr.o [2]
topicString             0x2000'3e44    0xc  Data  Gb  user_mqtt.o [1]
uartSimBuffReceive      0x2000'226c  0x4b0  Data  Gb  user_sim.o [1]
uwTick                  0x2000'3e78    0x4  Data  Gb  stm32f3xx_hal.o [1]
uwTickFreq              0x2000'13d2    0x1  Data  Gb  stm32f3xx_hal.o [1]
uwTickPrio              0x2000'0298    0x4  Data  Gb  stm32f3xx_hal.o [1]
writeCString             0x801'b15d   0x34  Code  Gb  MQTTPacket.o [1]
writeChar                0x801'b127    0xc  Code  Gb  MQTTPacket.o [1]
writeInt                 0x801'b133   0x2a  Code  Gb  MQTTPacket.o [1]
writeMQTTString          0x801'b191   0x46  Code  Gb  MQTTPacket.o [1]


[1] = D:\Saoviet_Bitbucket\Saoviet_Control_Oxy\Project_Ver_STM32F303RET6\Project_Control_Oxy_Ver_1\Project_Control_Oxy\EWARM\Project_Control_Oxy\Obj
[2] = dl7M_tlf.a
[3] = m7M_tls.a
[4] = rt7M_tl.a
[5] = shb_l.a

  97'842 bytes of readonly  code memory
  16'162 bytes of readonly  data memory
  17'184 bytes of readwrite data memory

Errors: none
Warnings: none
